Sep 19, 2026 4:04:02 PM org.l2jmobius.gameserver.data.xml.MultisellData parseDocument
SEVERE: MultisellData: Error in file ./data/multisell/custom/62002.xml
java.lang.IllegalArgumentException: Integer value required, but found: 20000000000!
	at org.l2jmobius.gameserver.model.StatSet.getInt(StatSet.java:340)
	at org.l2jmobius.gameserver.model.multisell.Ingredient.<init>(Ingredient.java:41)
	at org.l2jmobius.gameserver.data.xml.MultisellData.parseEntry(MultisellData.java:182)
	at org.l2jmobius.gameserver.data.xml.MultisellData.parseDocument(MultisellData.java:131)
	at org.l2jmobius.commons.util.IXmlReader.parseFile(IXmlReader.java:93)
	at org.l2jmobius.commons.util.IXmlReader.parseDirectory(IXmlReader.java:198)
	at org.l2jmobius.commons.util.IXmlReader.parseDatapackDirectory(IXmlReader.java:123)
	at org.l2jmobius.gameserver.data.xml.MultisellData.load(MultisellData.java:74)
	at org.l2jmobius.gameserver.data.xml.MultisellData.<init>(MultisellData.java:64)
	at org.l2jmobius.gameserver.data.xml.MultisellData$SingletonHolder.<clinit>(MultisellData.java:471)
	at org.l2jmobius.gameserver.data.xml.MultisellData.getInstance(MultisellData.java:466)
	at org.l2jmobius.gameserver.GameServer.<init>(GameServer.java:247)
	at org.l2jmobius.gameserver.GameServer.main(GameServer.java:506)

Sep 19, 2026 4:04:02 PM org.l2jmobius.gameserver.data.xml.MultisellData parseDocument
SEVERE: MultisellData: Error in file ./data/multisell/custom/62102.xml
java.lang.IllegalArgumentException: Integer value required, but found: 20000000000!
	at org.l2jmobius.gameserver.model.StatSet.getInt(StatSet.java:340)
	at org.l2jmobius.gameserver.model.multisell.Ingredient.<init>(Ingredient.java:41)
	at org.l2jmobius.gameserver.data.xml.MultisellData.parseEntry(MultisellData.java:182)
	at org.l2jmobius.gameserver.data.xml.MultisellData.parseDocument(MultisellData.java:131)
	at org.l2jmobius.commons.util.IXmlReader.parseFile(IXmlReader.java:93)
	at org.l2jmobius.commons.util.IXmlReader.parseDirectory(IXmlReader.java:198)
	at org.l2jmobius.commons.util.IXmlReader.parseDatapackDirectory(IXmlReader.java:123)
	at org.l2jmobius.gameserver.data.xml.MultisellData.load(MultisellData.java:74)
	at org.l2jmobius.gameserver.data.xml.MultisellData.<init>(MultisellData.java:64)
	at org.l2jmobius.gameserver.data.xml.MultisellData$SingletonHolder.<clinit>(MultisellData.java:471)
	at org.l2jmobius.gameserver.data.xml.MultisellData.getInstance(MultisellData.java:466)
	at org.l2jmobius.gameserver.GameServer.<init>(GameServer.java:247)
	at org.l2jmobius.gameserver.GameServer.main(GameServer.java:506)

Sep 19, 2026 4:04:02 PM org.l2jmobius.gameserver.data.xml.MultisellData parseDocument
SEVERE: MultisellData: Error in file ./data/multisell/custom/62209.xml
java.lang.IllegalArgumentException: Integer value required, but found: 20000000000!
	at org.l2jmobius.gameserver.model.StatSet.getInt(StatSet.java:340)
	at org.l2jmobius.gameserver.model.multisell.Ingredient.<init>(Ingredient.java:41)
	at org.l2jmobius.gameserver.data.xml.MultisellData.parseEntry(MultisellData.java:182)
	at org.l2jmobius.gameserver.data.xml.MultisellData.parseDocument(MultisellData.java:131)
	at org.l2jmobius.commons.util.IXmlReader.parseFile(IXmlReader.java:93)
	at org.l2jmobius.commons.util.IXmlReader.parseDirectory(IXmlReader.java:198)
	at org.l2jmobius.commons.util.IXmlReader.parseDatapackDirectory(IXmlReader.java:123)
	at org.l2jmobius.gameserver.data.xml.MultisellData.load(MultisellData.java:74)
	at org.l2jmobius.gameserver.data.xml.MultisellData.<init>(MultisellData.java:64)
	at org.l2jmobius.gameserver.data.xml.MultisellData$SingletonHolder.<clinit>(MultisellData.java:471)
	at org.l2jmobius.gameserver.data.xml.MultisellData.getInstance(MultisellData.java:466)
	at org.l2jmobius.gameserver.GameServer.<init>(GameServer.java:247)
	at org.l2jmobius.gameserver.GameServer.main(GameServer.java:506)

