Sep 19, 2026 5:35:01 PM org.l2jmobius.gameserver.data.xml.MultisellData parseDocument
SEVERE: MultisellData: Error in file ./data/multisell/custom/62002.xml
java.lang.IllegalArgumentException: Integer value required, but found: 20000000000!
	at org.l2jmobius.gameserver.model.StatSet.getInt(StatSet.java:340)
	at org.l2jmobius.gameserver.model.multisell.Ingredient.<init>(Ingredient.java:41)
	at org.l2jmobius.gameserver.data.xml.MultisellData.parseEntry(MultisellData.java:182)
	at org.l2jmobius.gameserver.data.xml.MultisellData.parseDocument(MultisellData.java:131)
	at org.l2jmobius.commons.util.IXmlReader.parseFile(IXmlReader.java:93)
	at org.l2jmobius.commons.util.IXmlReader.parseDirectory(IXmlReader.java:198)
	at org.l2jmobius.commons.util.IXmlReader.parseDatapackDirectory(IXmlReader.java:123)
	at org.l2jmobius.gameserver.data.xml.MultisellData.load(MultisellData.java:74)
	at org.l2jmobius.gameserver.data.xml.MultisellData.<init>(MultisellData.java:64)
	at org.l2jmobius.gameserver.data.xml.MultisellData$SingletonHolder.<clinit>(MultisellData.java:471)
	at org.l2jmobius.gameserver.data.xml.MultisellData.getInstance(MultisellData.java:466)
	at org.l2jmobius.gameserver.GameServer.<init>(GameServer.java:247)
	at org.l2jmobius.gameserver.GameServer.main(GameServer.java:506)

Sep 19, 2026 5:35:01 PM org.l2jmobius.gameserver.data.xml.MultisellData parseDocument
SEVERE: MultisellData: Error in file ./data/multisell/custom/62102.xml
java.lang.IllegalArgumentException: Integer value required, but found: 20000000000!
	at org.l2jmobius.gameserver.model.StatSet.getInt(StatSet.java:340)
	at org.l2jmobius.gameserver.model.multisell.Ingredient.<init>(Ingredient.java:41)
	at org.l2jmobius.gameserver.data.xml.MultisellData.parseEntry(MultisellData.java:182)
	at org.l2jmobius.gameserver.data.xml.MultisellData.parseDocument(MultisellData.java:131)
	at org.l2jmobius.commons.util.IXmlReader.parseFile(IXmlReader.java:93)
	at org.l2jmobius.commons.util.IXmlReader.parseDirectory(IXmlReader.java:198)
	at org.l2jmobius.commons.util.IXmlReader.parseDatapackDirectory(IXmlReader.java:123)
	at org.l2jmobius.gameserver.data.xml.MultisellData.load(MultisellData.java:74)
	at org.l2jmobius.gameserver.data.xml.MultisellData.<init>(MultisellData.java:64)
	at org.l2jmobius.gameserver.data.xml.MultisellData$SingletonHolder.<clinit>(MultisellData.java:471)
	at org.l2jmobius.gameserver.data.xml.MultisellData.getInstance(MultisellData.java:466)
	at org.l2jmobius.gameserver.GameServer.<init>(GameServer.java:247)
	at org.l2jmobius.gameserver.GameServer.main(GameServer.java:506)

Sep 19, 2026 5:35:01 PM org.l2jmobius.gameserver.data.xml.MultisellData parseDocument
SEVERE: MultisellData: Error in file ./data/multisell/custom/62209.xml
java.lang.IllegalArgumentException: Integer value required, but found: 20000000000!
	at org.l2jmobius.gameserver.model.StatSet.getInt(StatSet.java:340)
	at org.l2jmobius.gameserver.model.multisell.Ingredient.<init>(Ingredient.java:41)
	at org.l2jmobius.gameserver.data.xml.MultisellData.parseEntry(MultisellData.java:182)
	at org.l2jmobius.gameserver.data.xml.MultisellData.parseDocument(MultisellData.java:131)
	at org.l2jmobius.commons.util.IXmlReader.parseFile(IXmlReader.java:93)
	at org.l2jmobius.commons.util.IXmlReader.parseDirectory(IXmlReader.java:198)
	at org.l2jmobius.commons.util.IXmlReader.parseDatapackDirectory(IXmlReader.java:123)
	at org.l2jmobius.gameserver.data.xml.MultisellData.load(MultisellData.java:74)
	at org.l2jmobius.gameserver.data.xml.MultisellData.<init>(MultisellData.java:64)
	at org.l2jmobius.gameserver.data.xml.MultisellData$SingletonHolder.<clinit>(MultisellData.java:471)
	at org.l2jmobius.gameserver.data.xml.MultisellData.getInstance(MultisellData.java:466)
	at org.l2jmobius.gameserver.GameServer.<init>(GameServer.java:247)
	at org.l2jmobius.gameserver.GameServer.main(GameServer.java:506)

Sep 19, 2026 5:54:20 PM org.l2jmobius.gameserver.model.actor.Creature callSkill
WARNING: Monster: callSkill() failed.
java.lang.NullPointerException: Cannot invoke "org.l2jmobius.gameserver.model.actor.Player.getAppearance()" because "pc" is null
	at org.l2jmobius.gameserver.network.serverpackets.SystemMessage.addPcName(SystemMessage.java:206)
	at org.l2jmobius.gameserver.model.actor.Player.reviveRequest(Player.java:10818)
	at handlers.skill.effects.ResurrectionSpecial.onExit(ResurrectionSpecial.java:72)
	at org.l2jmobius.gameserver.model.skill.BuffInfo.finishEffects(BuffInfo.java:354)
	at org.l2jmobius.gameserver.model.skill.BuffInfo.stopAllEffects(BuffInfo.java:239)
	at org.l2jmobius.gameserver.model.actor.holders.creature.EffectList.stopAndRemove(EffectList.java:579)
	at org.l2jmobius.gameserver.model.actor.holders.creature.EffectList.stopAndRemove(EffectList.java:519)
	at org.l2jmobius.gameserver.model.actor.holders.creature.EffectList.lambda$stopEffects$0(EffectList.java:898)
	at org.l2jmobius.gameserver.model.actor.holders.creature.EffectList.stopEffects(EffectList.java:909)
	at org.l2jmobius.gameserver.model.actor.Creature.stopEffects(Creature.java:3374)
	at org.l2jmobius.gameserver.model.actor.Playable.doDie(Playable.java:141)
	at org.l2jmobius.gameserver.model.actor.Player.doDie(Player.java:5013)
	at org.l2jmobius.gameserver.model.actor.status.PlayerStatus.reduceHp(PlayerStatus.java:310)
	at org.l2jmobius.gameserver.model.actor.Player.reduceCurrentHp(Player.java:11070)
	at org.l2jmobius.gameserver.model.actor.Creature.reduceCurrentHp(Creature.java:6452)
	at handlers.skill.effects.MagicalDamage.onStart(MagicalDamage.java:94)
	at org.l2jmobius.gameserver.model.skill.Skill.applyEffectScope(Skill.java:1237)
	at org.l2jmobius.gameserver.model.skill.Skill.applyEffects(Skill.java:1310)
	at org.l2jmobius.gameserver.model.skill.Skill.applyEffects(Skill.java:1257)
	at org.l2jmobius.gameserver.model.skill.Skill.activateSkill(Skill.java:1393)
	at org.l2jmobius.gameserver.model.skill.Skill.activateSkill(Skill.java:1355)
	at org.l2jmobius.gameserver.model.actor.Creature.callSkill(Creature.java:6030)
	at org.l2jmobius.gameserver.model.actor.Creature.onMagicHitTimer(Creature.java:5815)
	at org.l2jmobius.gameserver.model.actor.tasks.creature.MagicUseTask.run(MagicUseTask.java:67)
	at org.l2jmobius.commons.threads.ThreadPool$RunnableWrapper.run(ThreadPool.java:289)
	at java.base/java.util.concurrent.Executors$RunnableAdapter.call(Executors.java:545)
	at java.base/java.util.concurrent.FutureTask.run(FutureTask.java:328)
	at java.base/java.util.concurrent.ScheduledThreadPoolExecutor$ScheduledFutureTask.run(ScheduledThreadPoolExecutor.java:309)
	at java.base/java.util.concurrent.ThreadPoolExecutor.runWorker(ThreadPoolExecutor.java:1090)
	at java.base/java.util.concurrent.ThreadPoolExecutor$Worker.run(ThreadPoolExecutor.java:614)
	at java.base/java.lang.Thread.run(Thread.java:1474)

