2026.09.19 18:48:02,576	INFO	3	org.l2jmobius.commons.util.IXmlReader	Network Config: ipconfig.xml exists, using manual configuration...
2026.09.19 18:48:02,637	INFO	3	org.l2jmobius.gameserver.config.ServerConfig	Loaded 6 Filter Words.
2026.09.19 18:48:02,652	WARNING	3	org.l2jmobius.gameserver.config.custom.MultilingualSupportConfig	MultiLang[MultilingualSupportConfig.load()]: default language: en is not in allowed list!
2026.09.19 18:48:02,656	INFO	3	org.l2jmobius.gameserver.GameServer	=== Living Worlds Server ===
2026.09.19 18:48:02,656	INFO	3	org.l2jmobius.gameserver.GameServer	------------------------------------------------=[ Database ]
2026.09.19 18:48:02,730	INFO	3	org.l2jmobius.commons.database.DatabaseFactory	Database: HikariCP pool initialized successfully.
2026.09.19 18:48:02,808	INFO	3	org.l2jmobius.commons.database.DatabaseFactory	Database: Initialized with a valid connection.
2026.09.19 18:48:02,812	INFO	3	org.l2jmobius.gameserver.GameServer	----------------------------------------------=[ ThreadPool ]
2026.09.19 18:48:02,813	INFO	3	org.l2jmobius.commons.threads.ThreadPool	ThreadPool: Initializing.
2026.09.19 18:48:02,814	INFO	3	org.l2jmobius.commons.threads.ThreadPool	...scheduled pool executor with 16 high priority threads.
2026.09.19 18:48:02,817	INFO	3	org.l2jmobius.commons.threads.ThreadPool	...scheduled pool executor with 64 total threads.
2026.09.19 18:48:02,818	INFO	3	org.l2jmobius.commons.threads.ThreadPool	...instant pool executor with 32 total threads.
2026.09.19 18:48:02,819	INFO	3	org.l2jmobius.gameserver.GameServer	-----------------------------------------------=[ IdManager ]
2026.09.19 18:48:02,840	INFO	3	org.l2jmobius.gameserver.managers.DatabaseIdManager	DatabaseIdManager: Cleaned 12 elements in 0 seconds.
2026.09.19 18:48:02,841	INFO	3	org.l2jmobius.gameserver.managers.DatabaseIdManager	DatabaseIdManager: Updated character online status.
2026.09.19 18:48:02,845	INFO	3	org.l2jmobius.gameserver.managers.DatabaseIdManager	DatabaseIdManager: Cleaned 0 expired timestamps.
2026.09.19 18:48:02,851	INFO	3	org.l2jmobius.gameserver.managers.IdManager	IdManager: 102912 ids available.
2026.09.19 18:48:02,851	INFO	3	org.l2jmobius.gameserver.GameServer	----------------------------------------=[ Scripting Engine ]
2026.09.19 18:48:03,000	INFO	3	org.l2jmobius.gameserver.scripting.ScriptEngine	Loaded 387 files to exclude.
2026.09.19 18:48:03,001	INFO	3	org.l2jmobius.gameserver.GameServer	---------------------------------------------------=[ World ]
2026.09.19 18:48:03,005	INFO	3	org.l2jmobius.commons.util.IXmlReader	InstanceManager: Multiverse Instance created.
2026.09.19 18:48:03,005	INFO	3	org.l2jmobius.commons.util.IXmlReader	InstanceManager: Universe Instance created.
2026.09.19 18:48:03,014	INFO	3	org.l2jmobius.commons.util.IXmlReader	InstanceManager: Loaded 2 instance templates.
2026.09.19 18:48:03,283	INFO	3	org.l2jmobius.gameserver.data.xml.MapRegionData	MapRegionData: Loaded 42 map regions.
2026.09.19 18:48:03,286	INFO	3	org.l2jmobius.gameserver.managers.GlobalVariablesManager	GlobalVariablesManager: Loaded 4 variables.
2026.09.19 18:48:03,287	INFO	3	org.l2jmobius.gameserver.GameServer	----------------------------------------------------=[ Data ]
2026.09.19 18:48:03,297	INFO	3	org.l2jmobius.gameserver.data.xml.CategoryData	CategoryData: Loaded 160 categories.
2026.09.19 18:48:03,298	INFO	3	org.l2jmobius.gameserver.GameServer	--------------------------------------------------=[ Skills ]
2026.09.19 18:48:03,972	INFO	3	handlers.EffectMasterHandler	EffectMasterHandler: Loaded 146 effect handlers.
2026.09.19 18:48:04,081	INFO	3	org.l2jmobius.gameserver.data.xml.EnchantSkillTreeData	EnchantSkillTreeData: Loaded 14551 enchant skills.
2026.09.19 18:48:04,236	INFO	3	org.l2jmobius.commons.util.IXmlReader	SkillTreeData: Loaded 13777 Class Skills for 89 class skill trees.
2026.09.19 18:48:04,236	INFO	3	org.l2jmobius.commons.util.IXmlReader	SkillTreeData: Loaded 117 fishing skills, 8 Dwarven only fishing skills.
2026.09.19 18:48:04,237	INFO	3	org.l2jmobius.commons.util.IXmlReader	SkillTreeData: Loaded 64 clan skills, 64 for clan and 0 residential.
2026.09.19 18:48:04,237	INFO	3	org.l2jmobius.commons.util.IXmlReader	SkillTreeData: Loaded 8 noble skills.
2026.09.19 18:48:04,237	INFO	3	org.l2jmobius.commons.util.IXmlReader	SkillTreeData: Loaded 5 hero skills.
2026.09.19 18:48:04,237	INFO	3	org.l2jmobius.commons.util.IXmlReader	SkillTreeData: Loaded 25 game master skills.
2026.09.19 18:48:04,237	INFO	3	org.l2jmobius.commons.util.IXmlReader	SkillTreeData: Loaded 1 game master aura skills.
2026.09.19 18:48:05,210	INFO	3	org.l2jmobius.gameserver.data.xml.SkillData	SkillData: Loaded 29867 Skill templates from XML files.
2026.09.19 18:48:05,225	INFO	3	org.l2jmobius.gameserver.data.xml.PetSkillData	PetSkillData: Loaded 795 skills.
2026.09.19 18:48:05,225	INFO	3	org.l2jmobius.gameserver.GameServer	---------------------------------------------------=[ Items ]
2026.09.19 18:48:05,362	INFO	3	org.l2jmobius.gameserver.data.xml.ItemData	ItemData: Highest item id used: 50000
2026.09.19 18:48:05,363	INFO	3	org.l2jmobius.gameserver.data.xml.ItemData	ItemData: Loaded 6882 etc items.
2026.09.19 18:48:05,363	INFO	3	org.l2jmobius.gameserver.data.xml.ItemData	ItemData: Loaded 1106 armor items.
2026.09.19 18:48:05,364	INFO	3	org.l2jmobius.gameserver.data.xml.ItemData	ItemData: Loaded 1223 weapon items.
2026.09.19 18:48:05,364	INFO	3	org.l2jmobius.gameserver.data.xml.ItemData	ItemData: Loaded 9211 items in total.
2026.09.19 18:48:05,366	INFO	3	org.l2jmobius.commons.util.IXmlReader	EnchantItemGroupsData: Loaded 4 item group templates.
2026.09.19 18:48:05,366	INFO	3	org.l2jmobius.commons.util.IXmlReader	EnchantItemGroupsData: Loaded 1 scroll group templates.
2026.09.19 18:48:05,366	INFO	3	org.l2jmobius.commons.util.IXmlReader	EnchantItemGroupsData: Max weapon enchant is set to 16.
2026.09.19 18:48:05,366	INFO	3	org.l2jmobius.commons.util.IXmlReader	EnchantItemGroupsData: Max armor enchant is set to 16.
2026.09.19 18:48:05,366	INFO	3	org.l2jmobius.commons.util.IXmlReader	EnchantItemGroupsData: Max accessory enchant is set to 16.
2026.09.19 18:48:05,368	INFO	3	org.l2jmobius.commons.util.IXmlReader	EnchantItemData: Loaded 30 enchant scrolls.
2026.09.19 18:48:05,563	INFO	3	org.l2jmobius.gameserver.data.xml.OptionData	OptionData: Loaded 16380 options.
2026.09.19 18:48:05,566	INFO	3	org.l2jmobius.commons.util.IXmlReader	EnchantItemHPBonusData: Loaded 6 enchant HP bonuses.
2026.09.19 18:48:05,567	INFO	3	org.l2jmobius.gameserver.data.MerchantPriceConfigTable	MerchantPriceConfigTable: Loaded 27 merchant price configs.
2026.09.19 18:48:05,769	WARNING	3	org.l2jmobius.commons.util.IXmlReader	Directory not found: /home/dex/L2J-Offline-OneClick/game/./data/buylists/custom
2026.09.19 18:48:05,769	INFO	3	org.l2jmobius.gameserver.data.xml.BuyListData	BuyListData: Loaded 616 buyLists.
2026.09.19 18:48:05,833	WARNING	3	org.l2jmobius.commons.util.IXmlReader	Buy price 2400 is less than sell price 435000 at entry 10 of multisell 600010.
2026.09.19 18:48:05,833	WARNING	3	org.l2jmobius.commons.util.IXmlReader	Buy price 6143 is less than sell price 650000 at entry 13 of multisell 600010.
2026.09.19 18:48:05,835	WARNING	3	org.l2jmobius.commons.util.IXmlReader	Buy price 6250 is less than sell price 17529460 at entry 44 of multisell 600014.
2026.09.19 18:48:05,835	WARNING	3	org.l2jmobius.commons.util.IXmlReader	Buy price 500 is less than sell price 13500000 at entry 45 of multisell 600014.
2026.09.19 18:48:05,835	WARNING	3	org.l2jmobius.commons.util.IXmlReader	Buy price 50 is less than sell price 13500000 at entry 49 of multisell 600014.
2026.09.19 18:48:05,835	WARNING	3	org.l2jmobius.commons.util.IXmlReader	Buy price 16080 is less than sell price 9150000 at entry 53 of multisell 600014.
2026.09.19 18:48:05,835	WARNING	3	org.l2jmobius.commons.util.IXmlReader	Buy price 5000 is less than sell price 162500 at entry 78 of multisell 600014.
2026.09.19 18:48:05,835	WARNING	3	org.l2jmobius.commons.util.IXmlReader	Buy price 10000 is less than sell price 13481650 at entry 87 of multisell 600014.
2026.09.19 18:48:05,835	WARNING	3	org.l2jmobius.commons.util.IXmlReader	Buy price 450000 is less than sell price 9150000 at entry 102 of multisell 600014.
2026.09.19 18:48:05,836	WARNING	3	org.l2jmobius.commons.util.IXmlReader	Buy price 11600 is less than sell price 6550000 at entry 176 of multisell 600014.
2026.09.19 18:48:05,836	WARNING	3	org.l2jmobius.commons.util.IXmlReader	Buy price 200 is less than sell price 6550000 at entry 210 of multisell 600014.
2026.09.19 18:48:05,836	WARNING	3	org.l2jmobius.commons.util.IXmlReader	Buy price 1062 is less than sell price 4340000 at entry 331 of multisell 600014.
2026.09.19 18:48:05,836	WARNING	3	org.l2jmobius.commons.util.IXmlReader	Buy price 8700 is less than sell price 3065000 at entry 360 of multisell 600014.
2026.09.19 18:48:05,836	WARNING	3	org.l2jmobius.commons.util.IXmlReader	Buy price 500 is less than sell price 2150000 at entry 488 of multisell 600014.
2026.09.19 18:48:05,838	WARNING	3	org.l2jmobius.commons.util.IXmlReader	Buy price 5000 is less than sell price 2242500 at entry 76 of multisell 600016.
2026.09.19 18:48:05,838	WARNING	3	org.l2jmobius.commons.util.IXmlReader	Buy price 23200 is less than sell price 815000 at entry 112 of multisell 600016.
2026.09.19 18:48:05,839	WARNING	3	org.l2jmobius.commons.util.IXmlReader	Buy price 4455 is less than sell price 402000 at entry 230 of multisell 600016.
2026.09.19 18:48:05,839	WARNING	3	org.l2jmobius.commons.util.IXmlReader	Buy price 40 is less than sell price 122500 at entry 428 of multisell 600016.
2026.09.19 18:48:05,839	WARNING	3	org.l2jmobius.commons.util.IXmlReader	Buy price 100 is less than sell price 184000 at entry 493 of multisell 600016.
2026.09.19 18:48:05,842	WARNING	3	org.l2jmobius.commons.util.IXmlReader	Buy price 2400 is less than sell price 435000 at entry 10 of multisell 61004.
2026.09.19 18:48:05,842	WARNING	3	org.l2jmobius.commons.util.IXmlReader	Buy price 6143 is less than sell price 650000 at entry 12 of multisell 61004.
2026.09.19 18:48:05,843	WARNING	3	org.l2jmobius.commons.util.IXmlReader	Buy price 5000 is less than sell price 162500 at entry 34 of multisell 61005.
2026.09.19 18:48:05,843	WARNING	3	org.l2jmobius.commons.util.IXmlReader	Buy price 10000 is less than sell price 13481650 at entry 42 of multisell 61005.
2026.09.19 18:48:05,844	WARNING	3	org.l2jmobius.commons.util.IXmlReader	Buy price 6250 is less than sell price 17529460 at entry 1 of multisell 61008.
2026.09.19 18:48:05,844	WARNING	3	org.l2jmobius.commons.util.IXmlReader	Buy price 500 is less than sell price 13500000 at entry 2 of multisell 61008.
2026.09.19 18:48:05,844	WARNING	3	org.l2jmobius.commons.util.IXmlReader	Buy price 450000 is less than sell price 9150000 at entry 4 of multisell 61008.
2026.09.19 18:48:05,847	WARNING	3	org.l2jmobius.commons.util.IXmlReader	Buy price 4455 is less than sell price 402000 at entry 55 of multisell 61016.
2026.09.19 18:48:05,849	WARNING	3	org.l2jmobius.commons.util.IXmlReader	Buy price 11600 is less than sell price 6550000 at entry 3 of multisell 61019.
2026.09.19 18:48:05,849	WARNING	3	org.l2jmobius.commons.util.IXmlReader	Buy price 200 is less than sell price 6550000 at entry 3 of multisell 61021.
2026.09.19 18:48:05,852	WARNING	3	org.l2jmobius.commons.util.IXmlReader	Buy price 40 is less than sell price 122500 at entry 15 of multisell 61030.
2026.09.19 18:48:05,852	WARNING	3	org.l2jmobius.commons.util.IXmlReader	Buy price 100 is less than sell price 184000 at entry 62 of multisell 61030.
2026.09.19 18:48:05,856	WARNING	3	org.l2jmobius.commons.util.IXmlReader	Buy price 8700 is less than sell price 3065000 at entry 4 of multisell 61041.
2026.09.19 18:48:05,856	WARNING	3	org.l2jmobius.commons.util.IXmlReader	Buy price 500 is less than sell price 2150000 at entry 20 of multisell 61041.
2026.09.19 18:48:05,859	SEVERE	3	org.l2jmobius.commons.util.IXmlReader	MultisellData: Error in file ./data/multisell/custom/62002.xml
2026.09.19 18:48:05,864	SEVERE	3	org.l2jmobius.commons.util.IXmlReader	MultisellData: Error in file ./data/multisell/custom/62102.xml
2026.09.19 18:48:05,870	SEVERE	3	org.l2jmobius.commons.util.IXmlReader	MultisellData: Error in file ./data/multisell/custom/62209.xml
2026.09.19 18:48:05,884	INFO	3	org.l2jmobius.commons.util.IXmlReader	MultisellData: Loaded 184 multisell lists.
2026.09.19 18:48:05,905	INFO	3	org.l2jmobius.commons.util.IXmlReader	RecipeData: Loaded 871 recipes.
2026.09.19 18:48:05,910	INFO	3	org.l2jmobius.commons.util.IXmlReader	ArmorSetData: Loaded 51 armor sets.
2026.09.19 18:48:05,914	INFO	3	org.l2jmobius.commons.util.IXmlReader	FishData: Loaded 278 fishes.
2026.09.19 18:48:05,915	INFO	3	org.l2jmobius.commons.util.IXmlReader	FishingMonstersData: Loaded 8 fishing monsters.
2026.09.19 18:48:05,916	INFO	3	org.l2jmobius.commons.util.IXmlReader	FishingRodsData: Loaded 6 fishing rods.
2026.09.19 18:48:05,925	INFO	3	org.l2jmobius.commons.util.IXmlReader	HennaData: Loaded 180 henna data.
2026.09.19 18:48:05,925	INFO	3	org.l2jmobius.gameserver.GameServer	----------------------------------------------=[ Characters ]
2026.09.19 18:48:05,926	INFO	3	org.l2jmobius.gameserver.data.xml.ClassListData	ClassListData: Loaded 89 class data.
2026.09.19 18:48:05,929	INFO	3	org.l2jmobius.gameserver.data.xml.InitialEquipmentData	InitialEquipmentData: Loaded 9 initial equipment data.
2026.09.19 18:48:05,930	INFO	3	org.l2jmobius.gameserver.data.xml.InitialShortcutData	InitialShortcutData: Loaded 5 initial global shortcut data.
2026.09.19 18:48:05,930	INFO	3	org.l2jmobius.gameserver.data.xml.InitialShortcutData	InitialShortcutData: Loaded 4 initial shortcut data.
2026.09.19 18:48:05,930	INFO	3	org.l2jmobius.gameserver.data.xml.InitialShortcutData	InitialShortcutData: Loaded 0 macro presets.
2026.09.19 18:48:05,931	INFO	3	org.l2jmobius.gameserver.data.xml.ExperienceData	ExperienceData: Loaded 81 levels.
2026.09.19 18:48:05,931	INFO	3	org.l2jmobius.gameserver.data.xml.ExperienceData	ExperienceData: Max Player Level is 80.
2026.09.19 18:48:05,931	INFO	3	org.l2jmobius.gameserver.data.xml.ExperienceData	ExperienceData: Max Pet Level is 80.
2026.09.19 18:48:05,932	INFO	3	org.l2jmobius.gameserver.data.xml.ExperienceLossData	ExperienceLossData: Loaded 80 levels.
2026.09.19 18:48:05,933	INFO	3	org.l2jmobius.gameserver.data.xml.KarmaLossData	KarmaLossData: Loaded 80 modifiers.
2026.09.19 18:48:05,934	INFO	3	org.l2jmobius.commons.util.IXmlReader	HitConditionBonusData: Loaded hit condition bonuses.
2026.09.19 18:48:06,029	INFO	3	org.l2jmobius.gameserver.data.xml.PlayerTemplateData	PlayerTemplateData: Loaded 89 player templates.
2026.09.19 18:48:06,029	INFO	3	org.l2jmobius.gameserver.data.xml.PlayerTemplateData	PlayerTemplateData: Loaded 42720 level up gain records.
2026.09.19 18:48:06,031	INFO	3	org.l2jmobius.gameserver.data.sql.CharInfoTable	CharInfoTable: Loaded 9 char names.
2026.09.19 18:48:06,032	INFO	3	org.l2jmobius.gameserver.data.xml.AdminData	AdminData: Loaded 10 access levels.
2026.09.19 18:48:06,034	INFO	3	org.l2jmobius.gameserver.data.xml.AdminData	AdminData: Loaded 433 access commands.
2026.09.19 18:48:06,035	INFO	3	org.l2jmobius.gameserver.managers.RaidBossPointsManager	RaidBossPointsManager: Loaded 0 Characters Raid Points.
2026.09.19 18:48:06,066	INFO	3	org.l2jmobius.commons.util.IXmlReader	PetDataTable: Loaded 12 pets.
2026.09.19 18:48:06,068	INFO	3	org.l2jmobius.gameserver.GameServer	---------------------------------------------------=[ Clans ]
2026.09.19 18:48:06,073	INFO	3	org.l2jmobius.gameserver.communitybbs.Manager.ForumsBBSManager	ForumsBBSManager: Loaded 4 forums. Last forum id used: 4
2026.09.19 18:48:06,073	INFO	3	org.l2jmobius.gameserver.data.sql.ClanTable	ClanTable: Restored 0 clans from the database.
2026.09.19 18:48:06,076	INFO	3	org.l2jmobius.gameserver.managers.CHSiegeManager	CHSiegeManager: Loaded 6 conquerable clan halls.
2026.09.19 18:48:06,099	INFO	3	org.l2jmobius.gameserver.managers.ClanHallAuctionManager	ClanHallAuctionManager: Loaded 38 auction(s)
2026.09.19 18:48:06,099	INFO	3	org.l2jmobius.gameserver.data.sql.ClanHallTable	ClanHallTable: Loaded 0 clan halls
2026.09.19 18:48:06,100	INFO	3	org.l2jmobius.gameserver.data.sql.ClanHallTable	ClanHallTable: Loaded 38 free clan halls
2026.09.19 18:48:06,100	INFO	3	org.l2jmobius.gameserver.GameServer	-------------------------------------------------=[ Geodata ]
2026.09.19 18:48:06,691	INFO	3	org.l2jmobius.gameserver.geoengine.GeoEngine	GeoEngine: Loaded 158 regions.
2026.09.19 18:48:06,692	INFO	3	org.l2jmobius.gameserver.GameServer	----------------------------------------------------=[ NPCs ]
2026.09.19 18:48:06,703	INFO	3	org.l2jmobius.gameserver.managers.ZoneManager	ZoneManager 12 by 17 Zone Region Grid set up.
2026.09.19 18:48:07,205	INFO	3	org.l2jmobius.commons.util.IXmlReader	NpcData: Loaded 6519 NPCs.
2026.09.19 18:48:07,214	INFO	3	org.l2jmobius.commons.util.IXmlReader	NpcData: Loaded 22 custom NPCs.
2026.09.19 18:48:07,216	INFO	3	org.l2jmobius.commons.util.IXmlReader	SkillLearnData: Loaded 217 skill learn data.
2026.09.19 18:48:07,218	INFO	3	org.l2jmobius.gameserver.managers.GrandBossManager	GrandBossManager: Gigantic Chaos Golem(25512) status is 0.
2026.09.19 18:48:07,218	INFO	3	org.l2jmobius.gameserver.managers.GrandBossManager	GrandBossManager: Queen Ant(29001) status is 0.
2026.09.19 18:48:07,218	INFO	3	org.l2jmobius.gameserver.managers.GrandBossManager	GrandBossManager: Core(29006) status is 0.
2026.09.19 18:48:07,218	INFO	3	org.l2jmobius.gameserver.managers.GrandBossManager	GrandBossManager: Orfen(29014) status is 0.
2026.09.19 18:48:07,218	INFO	3	org.l2jmobius.gameserver.managers.GrandBossManager	GrandBossManager: Antharas(29019) status is 0.
2026.09.19 18:48:07,218	INFO	3	org.l2jmobius.gameserver.managers.GrandBossManager	GrandBossManager: Baium(29020) status is 0.
2026.09.19 18:48:07,218	INFO	3	org.l2jmobius.gameserver.managers.GrandBossManager	GrandBossManager: Zaken(29022) status is 0.
2026.09.19 18:48:07,218	INFO	3	org.l2jmobius.gameserver.managers.GrandBossManager	GrandBossManager: Valakas(29028) status is 0.
2026.09.19 18:48:07,218	INFO	3	org.l2jmobius.gameserver.managers.GrandBossManager	GrandBossManager: Frintezza(29045) status is 0.
2026.09.19 18:48:07,218	INFO	3	org.l2jmobius.gameserver.managers.GrandBossManager	GrandBossManager: Loaded 9 Instances
2026.09.19 18:48:07,264	INFO	3	org.l2jmobius.gameserver.managers.ZoneManager	ZoneManager: Loaded 29 zone classes and 2411 zones.
2026.09.19 18:48:07,266	INFO	3	org.l2jmobius.gameserver.managers.ZoneManager	ZoneManager: Last static id 200224.
2026.09.19 18:48:07,283	INFO	3	org.l2jmobius.commons.util.IXmlReader	DoorData: Loaded 547 doors.
2026.09.19 18:48:07,285	INFO	3	FenceData	FenceData: Loaded 1 fences.
2026.09.19 18:48:07,289	INFO	3	org.l2jmobius.gameserver.data.xml.LevelUpCrystalData	Soul crystal data : Loaded 39
2026.09.19 18:48:07,289	INFO	3	org.l2jmobius.gameserver.data.xml.LevelUpCrystalData	Npc leveling crystal data : Loaded 125
2026.09.19 18:48:07,363	INFO	3	org.l2jmobius.gameserver.data.xml.FakePlayerData	FakePlayerData: Loaded 2 templates.
2026.09.19 18:48:07,364	INFO	3	org.l2jmobius.gameserver.managers.FakePlayerChatManager	FakePlayerChatManager: Loaded 19 chat templates.
2026.09.19 18:48:07,364	INFO	3	org.l2jmobius.gameserver.managers.FakePlayerChatManager	FakePlayerChatManager: Server-wide social chat enabled.
2026.09.19 18:48:07,369	INFO	3	org.l2jmobius.gameserver.managers.WalkingManager	WalkingManager: Loaded 14 walking routes.
2026.09.19 18:48:07,374	INFO	3	org.l2jmobius.gameserver.managers.FakePlayerBehaviorManager	FakePlayerBehaviorManager: Loaded 48 behavior profiles and 98 populations.
2026.09.19 18:48:07,375	INFO	3	org.l2jmobius.gameserver.managers.FakePlayerBehaviorManager	FakePlayerBehaviorManager: Fake player behavior enabled.
2026.09.19 18:48:07,419	INFO	3	org.l2jmobius.gameserver.managers.PhantomManager	PhantomManager: Swept 5 orphaned phantom character row(s) left by a previous unclean shutdown.
2026.09.19 18:48:07,448	INFO	3	org.l2jmobius.gameserver.managers.PhantomManager	PhantomManager: PhantomAutoHuntingZones is enabled but data/PhantomPopulations.generated.xml is missing - run tools/build_populations.py to generate it.
2026.09.19 18:48:07,448	INFO	3	org.l2jmobius.gameserver.managers.PhantomManager	PhantomManager: Loaded 844 phantom population(s), 0 crafted-friend order(s).
2026.09.19 18:48:07,448	INFO	3	org.l2jmobius.gameserver.managers.PhantomManager	PhantomManager: Phantom supervisor started.
2026.09.19 18:48:07,453	INFO	3	org.l2jmobius.gameserver.data.xml.PhantomPlaystyleData	PhantomPlaystyleData: Loaded playstyles for 67 class id(s).
2026.09.19 18:48:07,472	INFO	3	org.l2jmobius.gameserver.managers.PhantomBuddyManager	PhantomBuddyManager: Loaded 165 teleport destinations for buddies.
2026.09.19 18:48:07,476	INFO	3	org.l2jmobius.commons.util.IXmlReader	StaticObjectData: Loaded 29 static object templates.
2026.09.19 18:48:07,484	INFO	3	org.l2jmobius.gameserver.managers.CastleManager	CastleManager: Loaded 9 castles
2026.09.19 18:48:07,488	INFO	3	org.l2jmobius.gameserver.data.SchemeBufferTable	SchemeBufferTable: Loaded 8 categories and 190 entries from ./data/SchemeBufferSkills.xml.
2026.09.19 18:48:07,488	INFO	3	org.l2jmobius.gameserver.data.SchemeBufferTable	SchemeBufferTable: Loaded 0 scheme entries from database.
2026.09.19 18:48:07,488	INFO	3	org.l2jmobius.gameserver.data.SchemeBufferTable	SchemeBufferTable: Loaded 0 players and 87 available skills.
2026.09.19 18:48:07,489	INFO	3	org.l2jmobius.gameserver.managers.GrandBossManager	GrandBossManager: Initialized 10 Grand Boss Zones
2026.09.19 18:48:07,489	INFO	3	org.l2jmobius.gameserver.GameServer	------------------------------------------------=[ Olympiad ]
2026.09.19 18:48:07,491	INFO	3	org.l2jmobius.gameserver.model.olympiad.Olympiad	Olympiad System: Loading Olympiad System....
2026.09.19 18:48:07,491	INFO	3	org.l2jmobius.gameserver.model.olympiad.Olympiad	Olympiad System: Currently in Olympiad Period
2026.09.19 18:48:07,491	INFO	3	org.l2jmobius.gameserver.model.olympiad.Olympiad	Olympiad System: 11 days, 17 hours and 11 mins until period ends.
2026.09.19 18:48:07,491	INFO	3	org.l2jmobius.gameserver.model.olympiad.Olympiad	Olympiad System: Next weekly change is in 2 days, 2 hours and 41 mins.
2026.09.19 18:48:07,491	INFO	3	org.l2jmobius.gameserver.model.olympiad.Olympiad	Olympiad System: Loaded 0 Nobles
2026.09.19 18:48:07,492	INFO	3	org.l2jmobius.gameserver.model.olympiad.Olympiad	Olympiad System: Competition Period Starts in 0 days, 0 hours and 0 mins.
2026.09.19 18:48:07,495	INFO	3	org.l2jmobius.gameserver.model.olympiad.Olympiad	Olympiad System: Event starts/started : Sat Sep 19 18:00:07 CEST 2026
2026.09.19 18:48:07,497	INFO	3	org.l2jmobius.gameserver.model.olympiad.Hero	Hero System: Loaded 0 Heroes.
2026.09.19 18:48:07,497	INFO	3	org.l2jmobius.gameserver.model.olympiad.Hero	Hero System: Loaded 0 all time Heroes.
2026.09.19 18:48:07,497	INFO	3	org.l2jmobius.gameserver.GameServer	---------------------------------------------=[ Seven Signs ]
2026.09.19 18:48:07,498	INFO	3	org.l2jmobius.gameserver.model.sevensigns.SevenSigns	SevenSigns: Currently in the Competition (Quest Event) period!
2026.09.19 18:48:07,499	INFO	3	org.l2jmobius.gameserver.model.sevensigns.SevenSigns	SevenSigns: The Seal of Avarice remains unclaimed.
2026.09.19 18:48:07,499	INFO	3	org.l2jmobius.gameserver.model.sevensigns.SevenSigns	SevenSigns: The Seal of Gnosis remains unclaimed.
2026.09.19 18:48:07,499	INFO	3	org.l2jmobius.gameserver.model.sevensigns.SevenSigns	SevenSigns: The Seal of Strife remains unclaimed.
2026.09.19 18:48:07,499	INFO	3	org.l2jmobius.gameserver.model.sevensigns.SevenSigns	SevenSigns: The competition, if the current trend continues, will end in a tie this week.
2026.09.19 18:48:07,499	INFO	3	org.l2jmobius.gameserver.model.sevensigns.SevenSigns	SevenSigns: No-schedule mode is enabled - the period will not change automatically. Use //signs or a Priest of Dawn/Priestess of Dusk to advance it.
2026.09.19 18:48:07,499	INFO	3	org.l2jmobius.gameserver.GameServer	---------------------------------------------------=[ Cache ]
2026.09.19 18:48:07,499	INFO	3	org.l2jmobius.gameserver.cache.HtmCache	Cache[HTML]: Running lazy cache.
2026.09.19 18:48:07,513	INFO	3	org.l2jmobius.gameserver.data.sql.CrestTable	CrestTable: Loaded 1 Crests.
2026.09.19 18:48:07,547	INFO	3	org.l2jmobius.gameserver.managers.BotClanManager	BotClanManager: Loaded 12 bot clan(s) (12 with a crest), 3 alliance(s); recruit clan chance 60%, fake-player clan chance 47%.
2026.09.19 18:48:07,554	INFO	66	org.l2jmobius.gameserver.model.olympiad.Olympiad	Olympiad System: Olympiad Game Started
2026.09.19 18:48:07,594	INFO	3	org.l2jmobius.gameserver.data.xml.TeleporterData	TeleporterData: Loaded 143 npc teleporters.
2026.09.19 18:48:07,618	INFO	3	org.l2jmobius.gameserver.data.AugmentationData	AugmentationData: Loaded 22640 augmentations.
2026.09.19 18:48:07,621	INFO	3	org.l2jmobius.gameserver.managers.CursedWeaponsManager	CursedWeaponsManager: Loaded : 2 cursed weapon(s).
2026.09.19 18:48:07,621	INFO	3	org.l2jmobius.gameserver.GameServer	-------------------------------------------------=[ Scripts ]
2026.09.19 18:48:07,621	INFO	3	org.l2jmobius.gameserver.GameServer	Loading server scripts...
2026.09.19 18:48:08,469	INFO	3	handlers.MasterHandler	Loading Handlers...
2026.09.19 18:48:08,498	INFO	3	handlers.MasterHandler	ActionClickHandler: Loaded 10 handlers.
2026.09.19 18:48:08,498	INFO	3	handlers.MasterHandler	ActionShiftHandler: Loaded 6 handlers.
2026.09.19 18:48:08,498	INFO	3	handlers.MasterHandler	AdminCommandHandler: Loaded 450 handlers.
2026.09.19 18:48:08,498	INFO	3	handlers.MasterHandler	BypassHandler: Loaded 38 handlers.
2026.09.19 18:48:08,498	INFO	3	handlers.MasterHandler	ChatHandler: Loaded 14 handlers.
2026.09.19 18:48:08,499	INFO	3	handlers.MasterHandler	CommunityBoardHandler: Loaded 27 handlers.
2026.09.19 18:48:08,499	INFO	3	handlers.MasterHandler	ItemHandler: Loaded 25 handlers.
2026.09.19 18:48:08,499	INFO	3	handlers.MasterHandler	PunishmentHandler: Loaded 3 handlers.
2026.09.19 18:48:08,499	INFO	3	handlers.MasterHandler	UserCommandHandler: Loaded 15 handlers.
2026.09.19 18:48:08,499	INFO	3	handlers.MasterHandler	VoicedCommandHandler: Loaded 17 handlers.
2026.09.19 18:48:08,499	INFO	3	handlers.MasterHandler	TargetHandler: Loaded 34 handlers.
2026.09.19 18:48:08,499	INFO	3	handlers.MasterHandler	Handlers Loaded...
2026.09.19 18:48:09,584	INFO	3	ai.areas.ImperialTomb.FourSepulchers.FourSepulchers	[Four Sepulchers] Loaded 762 spawn zones data.
2026.09.19 18:48:09,612	INFO	3	ai.others.ClassMaster.ClassMaster	ClassMaster: Loaded 3 class change options.
2026.09.19 18:48:09,616	INFO	3	org.l2jmobius.commons.util.IXmlReader	NpcBuffersData: Loaded 10 buffers data.
2026.09.19 18:48:09,625	CONFIG	3	conquerablehalls.BanditStronghold.BanditStronghold	Bandit StrongHold siege scheduled for Tue Sep 29 12:00:00 CEST 2026.
2026.09.19 18:48:09,626	CONFIG	3	conquerablehalls.DevastatedCastle.DevastatedCastle	Devastated Castle siege scheduled for Tue Sep 29 12:00:00 CEST 2026.
2026.09.19 18:48:09,627	CONFIG	3	conquerablehalls.FortressOfResistance.FortressOfResistance	Fortress of Resistance siege scheduled for Tue Sep 29 12:00:00 CEST 2026.
2026.09.19 18:48:09,631	CONFIG	3	conquerablehalls.FortressOfTheDead.FortressOfTheDead	Fortress of the Dead siege scheduled for Tue Sep 29 12:00:00 CEST 2026.
2026.09.19 18:48:09,632	CONFIG	3	conquerablehalls.RainbowSpringsChateau.RainbowSpringsChateau	Rainbow Springs siege scheduled for Tue Sep 29 12:00:00 CEST 2026.
2026.09.19 18:48:09,632	CONFIG	3	conquerablehalls.WildBeastReserve.WildBeastReserve	Beast Farm siege scheduled for Tue Sep 29 12:00:00 CEST 2026.
2026.09.19 18:48:09,642	INFO	3	org.l2jmobius.commons.util.IXmlReader	Event Capture The Flag scheduled at 19/09/2026 19:40:00
2026.09.19 18:48:09,644	INFO	3	org.l2jmobius.commons.util.IXmlReader	Event Deathmatch scheduled at 19/09/2026 19:00:00
2026.09.19 18:48:09,648	INFO	3	org.l2jmobius.commons.util.IXmlReader	Event Team Vs Team scheduled at 19/09/2026 19:20:00
2026.09.19 18:48:09,652	INFO	3	org.l2jmobius.gameserver.model.script.Quest	Event Christmas has passed... Ignored 
2026.09.19 18:48:09,653	INFO	3	org.l2jmobius.gameserver.model.script.Quest	Event Heavy Medal has passed... Ignored 
2026.09.19 18:48:09,654	INFO	3	org.l2jmobius.gameserver.model.script.Quest	Event L2 Day has passed... Ignored 
2026.09.19 18:48:09,720	INFO	3	org.l2jmobius.gameserver.data.xml.SpawnData	SpawnData: Initializing spawns...
2026.09.19 18:48:10,658	INFO	3	org.l2jmobius.gameserver.data.xml.SpawnData	SpawnData: 36026 spawns have been initialized!
2026.09.19 18:48:10,659	INFO	3	org.l2jmobius.gameserver.managers.DayNightSpawnManager	DayNightSpawnManager: Removed 0 night creatures
2026.09.19 18:48:10,660	INFO	3	org.l2jmobius.gameserver.managers.DayNightSpawnManager	DayNightSpawnManager: Spawned 232 day creatures
2026.09.19 18:48:10,662	INFO	3	org.l2jmobius.gameserver.managers.DimensionalRiftManager	DimensionalRiftManager: Loaded 7 room types with 56 rooms.
2026.09.19 18:48:10,664	INFO	3	org.l2jmobius.gameserver.managers.DimensionalRiftManager	DimensionalRiftManager: Loaded 462 dimensional rift spawns, 0 errors.
2026.09.19 18:48:10,670	INFO	3	org.l2jmobius.gameserver.managers.RaidBossSpawnManager	RaidBossSpawnManager: Loaded 189 Instances
2026.09.19 18:48:10,670	INFO	3	org.l2jmobius.gameserver.managers.RaidBossSpawnManager	RaidBossSpawnManager: Scheduled 0 Instances
2026.09.19 18:48:10,670	INFO	3	org.l2jmobius.gameserver.GameServer	---------------------------------------------------=[ Siege ]
2026.09.19 18:48:10,673	INFO	3	org.l2jmobius.gameserver.data.xml.SiegeScheduleData	SiegeScheduleData: Loaded 9 siege schedulers.
2026.09.19 18:48:10,673	INFO	3	org.l2jmobius.gameserver.model.siege.Siege	Siege of Gludio: Sun Sep 20 16:00:00 CEST 2026
2026.09.19 18:48:10,674	INFO	3	org.l2jmobius.gameserver.model.siege.Siege	Siege of Dion: Sun Sep 20 20:00:00 CEST 2026
2026.09.19 18:48:10,674	INFO	3	org.l2jmobius.gameserver.model.siege.Siege	Siege of Giran: Sun Sep 20 16:00:00 CEST 2026
2026.09.19 18:48:10,674	INFO	3	org.l2jmobius.gameserver.model.siege.Siege	Siege of Oren: Sun Sep 20 20:00:00 CEST 2026
2026.09.19 18:48:10,674	INFO	3	org.l2jmobius.gameserver.model.siege.Siege	Siege of Aden: Sun Sep 20 16:00:00 CEST 2026
2026.09.19 18:48:10,674	INFO	3	org.l2jmobius.gameserver.model.siege.Siege	Siege of Innadril: Sun Sep 20 20:00:00 CEST 2026
2026.09.19 18:48:10,675	INFO	3	org.l2jmobius.gameserver.model.siege.Siege	Siege of Goddard: Sun Sep 20 16:00:00 CEST 2026
2026.09.19 18:48:10,675	INFO	3	org.l2jmobius.gameserver.model.siege.Siege	Siege of Rune: Sun Sep 20 20:00:00 CEST 2026
2026.09.19 18:48:10,675	INFO	3	org.l2jmobius.gameserver.model.siege.Siege	Siege of Schuttgart: Sun Sep 20 16:00:00 CEST 2026
2026.09.19 18:48:10,679	INFO	3	org.l2jmobius.gameserver.managers.CastleManorManager	CastleManorManager: Loaded 258 seeds.
2026.09.19 18:48:10,682	INFO	3	org.l2jmobius.gameserver.managers.CastleManorManager	CastleManorManager: Manor data loaded.
2026.09.19 18:48:10,683	INFO	3	org.l2jmobius.gameserver.managers.MercTicketManager	MercTicketManager: Loaded 0 Mercenary Tickets
2026.09.19 18:48:10,683	INFO	3	org.l2jmobius.gameserver.managers.ScriptManager	ScriptManager: Loaded 342 quests.
2026.09.19 18:48:10,683	INFO	3	org.l2jmobius.gameserver.managers.ScriptManager	ScriptManager: Loaded 125 scripts.
2026.09.19 18:48:10,684	INFO	3	org.l2jmobius.gameserver.managers.games.MonsterRaceManager	MonsterRace: loaded 17 records, currently on race #18
2026.09.19 18:48:10,704	INFO	3	org.l2jmobius.gameserver.model.sevensigns.SevenSignsFestival	SevenSignsFestival: The first Festival of Darkness cycle begins in 2 minute(s).
2026.09.19 18:48:10,704	INFO	3	org.l2jmobius.gameserver.GameServer	AutoSpawnHandler: Loaded 124 handlers in total.
2026.09.19 18:48:10,705	INFO	3	org.l2jmobius.gameserver.managers.DailyResetManager	DailyResetManager: Next schedule at 20/09/2026 06:30:00.
2026.09.19 18:48:10,706	INFO	3	org.l2jmobius.gameserver.managers.PunishmentManager	PunishmentManager: Loaded 0 active and 0 expired punishments.
2026.09.19 18:48:10,707	INFO	3	org.l2jmobius.gameserver.GameServer	IdManager: Free ObjectID's remaining: 1879007718
2026.09.19 18:48:10,708	INFO	3	org.l2jmobius.gameserver.data.sql.OfflineTraderTable	OfflineTraderTable: Loading offline traders...
2026.09.19 18:48:10,708	INFO	3	org.l2jmobius.gameserver.data.sql.OfflineTraderTable	OfflineTraderTable: Loaded 0 offline traders.
2026.09.19 18:48:10,709	INFO	3	org.l2jmobius.gameserver.data.sql.OfflinePlayTable	OfflinePlayTable: Loading offline auto players...
2026.09.19 18:48:10,709	INFO	3	org.l2jmobius.gameserver.data.sql.OfflinePlayTable	OfflinePlayTable: Loaded 0 offline auto players.
2026.09.19 18:48:10,709	INFO	3	org.l2jmobius.gameserver.data.sql.OfflinePlayTable	OfflinePlayTable: Loaded 0 offline groups.
2026.09.19 18:48:10,884	INFO	175	org.l2jmobius.commons.util.DeadlockWatcher	DeadlockWatcher: Thread started.
2026.09.19 18:48:10,884	INFO	3	org.l2jmobius.gameserver.GameServer	GameServer: Started, using 1459 of 2048 MB total memory.
2026.09.19 18:48:10,884	INFO	3	org.l2jmobius.gameserver.GameServer	GameServer: Maximum number of connected players is 2000.
2026.09.19 18:48:10,884	INFO	3	org.l2jmobius.gameserver.GameServer	GameServer: Server loaded in 8 seconds.
2026.09.19 18:48:10,890	INFO	177	org.l2jmobius.gameserver.LoginServerThread	LoginServerThread: Connecting to login on 127.0.0.1:9014
2026.09.19 18:48:10,899	INFO	177	org.l2jmobius.gameserver.LoginServerThread	LoginServerThread: Registered on login as Server 2: Sieghardt
2026.09.19 18:48:22,500	WARNING	88	org.l2jmobius.gameserver.managers.FakePlayerBehaviorManager	FakePlayerBehaviorManager: Population 'Dion Village Runner' references unknown route 'Dion_village_run'.
2026.09.19 18:48:22,685	INFO	88	org.l2jmobius.gameserver.managers.FakePlayerBehaviorManager	===== 989 BOTS DEPLOYED =====
2026.09.19 18:48:32,449	INFO	87	org.l2jmobius.gameserver.managers.PhantomManager	PhantomManager: Activating population 'Cruma Marshlands' (1 phantoms).
2026.09.19 18:48:32,449	INFO	87	org.l2jmobius.gameserver.managers.PhantomManager	PhantomManager: Activating population 'Cruma Marshlands' (1 phantoms).
2026.09.19 18:48:32,449	INFO	87	org.l2jmobius.gameserver.managers.PhantomManager	PhantomManager: Activating population 'Cruma Marshlands' (1 phantoms).
2026.09.19 18:48:32,449	INFO	87	org.l2jmobius.gameserver.managers.PhantomManager	PhantomManager: Activating population 'Cruma Marshlands' (1 phantoms).
2026.09.19 18:48:32,449	INFO	87	org.l2jmobius.gameserver.managers.PhantomManager	PhantomManager: Activating population 'Cruma Marshlands' (1 phantoms).
2026.09.19 18:48:32,510	INFO	81	org.l2jmobius.gameserver.managers.PhantomManager	PhantomManager: Spawned phantom 'Moronor' (objId=268476823, level 31).
2026.09.19 18:48:32,510	INFO	79	org.l2jmobius.gameserver.managers.PhantomManager	PhantomManager: Spawned phantom 'Dûnethzar' (objId=268476819, level 28).
2026.09.19 18:48:32,511	INFO	89	org.l2jmobius.gameserver.managers.PhantomManager	PhantomManager: Stocked Lyrildil with combat reagents [1661] (x20000 each).
2026.09.19 18:48:32,529	INFO	89	org.l2jmobius.gameserver.managers.PhantomManager	PhantomManager: Spawned phantom 'Lyrildil' (objId=268476820, level 32).
2026.09.19 18:48:32,542	INFO	99	org.l2jmobius.gameserver.managers.PhantomManager	PhantomManager: Spawned phantom 'Orinevyn' (objId=268476822, level 32).
2026.09.19 18:48:32,542	INFO	108	org.l2jmobius.gameserver.managers.PhantomManager	PhantomManager: Spawned phantom 'Ashuranor' (objId=268476821, level 27).
2026.09.19 18:48:33,472	INFO	42	org.l2jmobius.gameserver.ui.SystemPanel	New maximum connected count of 6!
2026.09.19 18:50:47,464	INFO	117	org.l2jmobius.gameserver.managers.PhantomManager	PhantomManager: Deactivated population 'Cruma Marshlands' (despawned 1).
2026.09.19 18:50:47,486	INFO	117	org.l2jmobius.gameserver.managers.PhantomManager	PhantomManager: Deactivated population 'Cruma Marshlands' (despawned 1).
2026.09.19 18:50:47,509	INFO	117	org.l2jmobius.gameserver.managers.PhantomManager	PhantomManager: Deactivated population 'Cruma Marshlands' (despawned 1).
2026.09.19 18:50:47,522	INFO	117	org.l2jmobius.gameserver.managers.PhantomManager	PhantomManager: Deactivated population 'Cruma Marshlands' (despawned 1).
2026.09.19 18:50:47,546	INFO	117	org.l2jmobius.gameserver.managers.PhantomManager	PhantomManager: Deactivated population 'Cruma Marshlands' (despawned 1).
2026.09.19 18:50:52,448	INFO	122	org.l2jmobius.gameserver.managers.PhantomManager	PhantomManager: Activating population 'Cruma Marshlands' (1 phantoms).
2026.09.19 18:50:52,449	INFO	122	org.l2jmobius.gameserver.managers.PhantomManager	PhantomManager: Activating population 'Cruma Marshlands' (1 phantoms).
2026.09.19 18:50:52,449	INFO	122	org.l2jmobius.gameserver.managers.PhantomManager	PhantomManager: Activating population 'Cruma Marshlands' (1 phantoms).
2026.09.19 18:50:52,449	INFO	122	org.l2jmobius.gameserver.managers.PhantomManager	PhantomManager: Activating population 'Cruma Marshlands' (1 phantoms).
2026.09.19 18:50:52,449	INFO	122	org.l2jmobius.gameserver.managers.PhantomManager	PhantomManager: Activating population 'Cruma Marshlands' (1 phantoms).
2026.09.19 18:50:52,510	INFO	107	org.l2jmobius.gameserver.managers.PhantomManager	PhantomManager: Spawned phantom 'Belvenmir' (objId=268476950, level 27).
2026.09.19 18:50:52,512	INFO	124	org.l2jmobius.gameserver.managers.PhantomManager	PhantomManager: Spawned phantom 'Jorithras' (objId=268476948, level 31).
2026.09.19 18:50:52,519	INFO	68	org.l2jmobius.gameserver.managers.PhantomManager	PhantomManager: Spawned phantom 'Halenras' (objId=268476949, level 31).
2026.09.19 18:50:52,531	INFO	110	org.l2jmobius.gameserver.managers.PhantomManager	PhantomManager: Spawned phantom 'Xanegar' (objId=268476947, level 27).
2026.09.19 18:50:52,535	INFO	85	org.l2jmobius.gameserver.managers.PhantomManager	PhantomManager: Spawned phantom 'Orinvyn' (objId=268476951, level 32).
2026.09.19 18:50:53,471	INFO	42	org.l2jmobius.gameserver.ui.SystemPanel	New maximum connected count of 7!
2026.09.19 18:53:22,509	INFO	85	org.l2jmobius.gameserver.managers.PhantomManager	PhantomManager: Spawned phantom 'Corurawyn' (objId=268477064, level 30).
2026.09.19 18:54:42,490	INFO	76	org.l2jmobius.gameserver.managers.PhantomManager	PhantomManager: Spawned phantom 'Aelurawen' (objId=268477103, level 28).
2026.09.19 18:56:47,461	INFO	91	org.l2jmobius.gameserver.managers.PhantomManager	PhantomManager: Deactivated population 'Cruma Marshlands' (despawned 1).
2026.09.19 18:57:37,448	INFO	92	org.l2jmobius.gameserver.managers.PhantomManager	PhantomManager: Activating population 'Cruma Marshlands' (1 phantoms).
2026.09.19 18:57:37,480	INFO	96	org.l2jmobius.gameserver.managers.PhantomManager	PhantomManager: Spawned phantom 'Wynlanrok' (objId=268477138, level 32).
2026.09.19 18:57:52,448	INFO	101	org.l2jmobius.gameserver.managers.PhantomManager	PhantomManager: Activating population 'Cruma Marshlands' (1 phantoms).
2026.09.19 18:57:52,472	INFO	94	org.l2jmobius.gameserver.managers.PhantomManager	PhantomManager: Stocked Vaeenor with combat reagents [1661] (x20000 each).
2026.09.19 18:57:52,481	INFO	94	org.l2jmobius.gameserver.managers.PhantomManager	PhantomManager: Spawned phantom 'Vaeenor' (objId=268477161, level 31).
2026.09.19 18:57:53,471	INFO	42	org.l2jmobius.gameserver.ui.SystemPanel	New maximum connected count of 8!
2026.09.19 18:57:57,448	INFO	103	org.l2jmobius.gameserver.managers.PhantomManager	PhantomManager: Activating population 'Dragon Valley' (1 phantoms).
2026.09.19 18:57:57,449	INFO	103	org.l2jmobius.gameserver.managers.PhantomManager	PhantomManager: Activating population 'Dragon Valley' (1 phantoms).
2026.09.19 18:57:57,533	INFO	114	org.l2jmobius.gameserver.managers.PhantomManager	PhantomManager: Spawned phantom 'Torithdil' (objId=268477181, level 51).
2026.09.19 18:57:57,534	INFO	97	org.l2jmobius.gameserver.managers.PhantomManager	PhantomManager: Spawned phantom 'Kelithus' (objId=268477180, level 53).
2026.09.19 18:57:58,471	INFO	42	org.l2jmobius.gameserver.ui.SystemPanel	New maximum connected count of 10!
2026.09.19 18:58:17,462	INFO	106	org.l2jmobius.gameserver.managers.PhantomManager	PhantomManager: Deactivated population 'Cruma Marshlands' (despawned 1).
2026.09.19 18:58:42,462	INFO	85	org.l2jmobius.gameserver.managers.PhantomManager	PhantomManager: Deactivated population 'Cruma Marshlands' (despawned 1).
2026.09.19 18:58:42,483	INFO	85	org.l2jmobius.gameserver.managers.PhantomManager	PhantomManager: Deactivated population 'Cruma Marshlands' (despawned 1).
2026.09.19 18:58:42,495	INFO	85	org.l2jmobius.gameserver.managers.PhantomManager	PhantomManager: Deactivated population 'Cruma Marshlands' (despawned 1).
2026.09.19 18:58:42,506	INFO	85	org.l2jmobius.gameserver.managers.PhantomManager	PhantomManager: Deactivated population 'Cruma Marshlands' (despawned 1).
2026.09.19 18:58:42,533	INFO	85	org.l2jmobius.gameserver.managers.PhantomManager	PhantomManager: Deactivated population 'Cruma Marshlands' (despawned 1).
2026.09.19 18:59:32,448	INFO	102	org.l2jmobius.gameserver.managers.PhantomManager	PhantomManager: Activating population 'Dragon Valley' (1 phantoms).
2026.09.19 18:59:32,480	INFO	115	org.l2jmobius.gameserver.managers.PhantomManager	PhantomManager: Stocked Broeththa with combat reagents [1661] (x20000 each).
2026.09.19 18:59:32,488	INFO	115	org.l2jmobius.gameserver.managers.PhantomManager	PhantomManager: Spawned phantom 'Broeththa' (objId=268477215, level 53).
2026.09.19 18:59:52,460	INFO	117	org.l2jmobius.gameserver.managers.PhantomManager	PhantomManager: Deactivated population 'Dragon Valley' (despawned 1).
2026.09.19 19:00:05,003	INFO	79	org.l2jmobius.gameserver.model.script.Quest	Event Deathmatch scheduled at 19/09/2026 20:00:00
2026.09.19 19:00:17,448	INFO	65	org.l2jmobius.gameserver.managers.PhantomManager	PhantomManager: Activating population 'Death Pass' (1 phantoms).
2026.09.19 19:00:17,449	INFO	65	org.l2jmobius.gameserver.managers.PhantomManager	PhantomManager: Activating population 'Death Pass' (1 phantoms).
2026.09.19 19:00:17,449	INFO	65	org.l2jmobius.gameserver.managers.PhantomManager	PhantomManager: Activating population 'Death Pass' (1 phantoms).
2026.09.19 19:00:17,485	INFO	79	org.l2jmobius.gameserver.managers.PhantomManager	PhantomManager: Stocked Browen with combat reagents [1661] (x20000 each).
2026.09.19 19:00:17,497	INFO	79	org.l2jmobius.gameserver.managers.PhantomManager	PhantomManager: Spawned phantom 'Browen' (objId=268477261, level 35).
2026.09.19 19:00:17,497	INFO	82	org.l2jmobius.gameserver.managers.PhantomManager	PhantomManager: Spawned phantom 'Zephethnor' (objId=268477262, level 37).
2026.09.19 19:00:17,511	INFO	64	org.l2jmobius.gameserver.managers.PhantomManager	PhantomManager: Spawned phantom 'Xanenrok' (objId=268477260, level 36).
2026.09.19 19:00:27,460	INFO	121	org.l2jmobius.gameserver.managers.PhantomManager	PhantomManager: Deactivated population 'Dragon Valley' (despawned 1).
2026.09.19 19:00:27,460	INFO	121	org.l2jmobius.gameserver.managers.PhantomManager	PhantomManager: Deactivated population 'Dragon Valley' (despawned 0).
2026.09.19 19:00:32,448	INFO	86	org.l2jmobius.gameserver.managers.PhantomManager	PhantomManager: Activating population 'Dragon Valley' (2 phantoms).
2026.09.19 19:00:32,488	INFO	109	org.l2jmobius.gameserver.managers.PhantomManager	PhantomManager: Spawned phantom 'Ulmir' (objId=268477308, level 47).
2026.09.19 19:00:32,750	INFO	64	org.l2jmobius.gameserver.managers.PhantomManager	PhantomManager: Stocked Rhaondrok with combat reagents [2508] (x20000 each).
2026.09.19 19:00:32,759	INFO	64	org.l2jmobius.gameserver.managers.PhantomManager	PhantomManager: Spawned phantom 'Rhaondrok' (objId=268477326, level 45).
2026.09.19 19:01:02,460	INFO	82	org.l2jmobius.gameserver.managers.PhantomManager	PhantomManager: Deactivated population 'Death Pass' (despawned 1).
2026.09.19 19:01:02,473	INFO	82	org.l2jmobius.gameserver.managers.PhantomManager	PhantomManager: Deactivated population 'Death Pass' (despawned 1).
2026.09.19 19:01:12,462	INFO	76	org.l2jmobius.gameserver.managers.PhantomManager	PhantomManager: Deactivated population 'Death Pass' (despawned 1).
2026.09.19 19:01:27,448	INFO	122	org.l2jmobius.gameserver.managers.PhantomManager	PhantomManager: Activating population 'Dragon Valley' (1 phantoms).
2026.09.19 19:01:27,449	INFO	122	org.l2jmobius.gameserver.managers.PhantomManager	PhantomManager: Activating population 'Dragon Valley' (1 phantoms).
2026.09.19 19:01:27,502	INFO	90	org.l2jmobius.gameserver.managers.PhantomManager	PhantomManager: Stocked Kellanor with combat reagents [1661] (x20000 each).
2026.09.19 19:01:27,505	INFO	115	org.l2jmobius.gameserver.managers.PhantomManager	PhantomManager: Spawned phantom 'Fenidil' (objId=268477362, level 53).
2026.09.19 19:01:27,511	INFO	90	org.l2jmobius.gameserver.managers.PhantomManager	PhantomManager: Spawned phantom 'Kellanor' (objId=268477363, level 50).
2026.09.19 19:02:12,463	INFO	112	org.l2jmobius.gameserver.managers.PhantomManager	PhantomManager: Deactivated population 'Dragon Valley' (despawned 1).
2026.09.19 19:02:57,448	INFO	86	org.l2jmobius.gameserver.managers.PhantomManager	PhantomManager: Activating population 'Dragon Valley' (1 phantoms).
2026.09.19 19:02:57,476	INFO	100	org.l2jmobius.gameserver.managers.PhantomManager	PhantomManager: Spawned phantom 'Draaras' (objId=268477405, level 45).
2026.09.19 19:03:02,461	INFO	78	org.l2jmobius.gameserver.managers.PhantomManager	PhantomManager: Deactivated population 'Dragon Valley' (despawned 1).
2026.09.19 19:03:52,448	INFO	86	org.l2jmobius.gameserver.managers.PhantomManager	PhantomManager: Activating population 'Dragon Valley' (1 phantoms).
2026.09.19 19:03:52,463	INFO	86	org.l2jmobius.gameserver.managers.PhantomManager	PhantomManager: Deactivated population 'Dragon Valley' (despawned 1).
2026.09.19 19:03:52,495	INFO	89	org.l2jmobius.gameserver.managers.PhantomManager	PhantomManager: Stocked Corurawen with combat reagents [2508] (x20000 each).
2026.09.19 19:03:52,503	INFO	89	org.l2jmobius.gameserver.managers.PhantomManager	PhantomManager: Spawned phantom 'Corurawen' (objId=268477439, level 45).
2026.09.19 19:03:57,492	INFO	76	org.l2jmobius.gameserver.managers.PhantomManager	PhantomManager: Spawned phantom 'Lyrowyn' (objId=268477458, level 45).
2026.09.19 19:04:07,448	INFO	79	org.l2jmobius.gameserver.managers.PhantomManager	PhantomManager: Activating population 'Dragon Valley' (1 phantoms).
2026.09.19 19:04:07,480	INFO	83	org.l2jmobius.gameserver.managers.PhantomManager	PhantomManager: Spawned phantom 'Morithdil' (objId=268477479, level 46).
2026.09.19 19:04:42,504	INFO	99	org.l2jmobius.gameserver.managers.PhantomManager	PhantomManager: Spawned phantom 'Lyryndil' (objId=268477511, level 45).
2026.09.19 19:04:47,448	INFO	122	org.l2jmobius.gameserver.managers.PhantomManager	PhantomManager: Activating population 'Dragon Valley' (1 phantoms).
2026.09.19 19:04:47,476	INFO	91	org.l2jmobius.gameserver.managers.PhantomManager	PhantomManager: Spawned phantom 'Halaelzar' (objId=268477528, level 46).
2026.09.19 19:04:57,497	INFO	86	org.l2jmobius.gameserver.managers.PhantomManager	PhantomManager: Stocked Wyngar with combat reagents [1661] (x20000 each).
2026.09.19 19:04:57,505	INFO	86	org.l2jmobius.gameserver.managers.PhantomManager	PhantomManager: Spawned phantom 'Wyngar' (objId=268477547, level 45).
2026.09.19 19:05:22,489	INFO	80	org.l2jmobius.gameserver.managers.PhantomManager	PhantomManager: Spawned phantom 'Beleneth' (objId=268477585, level 46).
2026.09.19 19:05:47,492	INFO	77	org.l2jmobius.gameserver.managers.PhantomManager	PhantomManager: Stocked Beloeth with combat reagents [1661] (x20000 each).
2026.09.19 19:05:47,502	INFO	77	org.l2jmobius.gameserver.managers.PhantomManager	PhantomManager: Spawned phantom 'Beloeth' (objId=268477614, level 48).
2026.09.19 19:06:07,448	INFO	106	org.l2jmobius.gameserver.managers.PhantomManager	PhantomManager: Activating population 'Dragon Valley' (1 phantoms).
2026.09.19 19:06:07,479	INFO	106	org.l2jmobius.gameserver.managers.PhantomManager	PhantomManager: Stocked Moridil with combat reagents [5589] (x20000 each).
2026.09.19 19:06:07,488	INFO	106	org.l2jmobius.gameserver.managers.PhantomManager	PhantomManager: Spawned phantom 'Moridil' (objId=268477647, level 48).
2026.09.19 19:06:17,539	INFO	103	org.l2jmobius.gameserver.managers.PhantomManager	PhantomManager: Spawned phantom 'Yorwyn' (objId=268477667, level 49).
2026.09.19 19:07:42,474	INFO	106	org.l2jmobius.gameserver.managers.PhantomManager	PhantomManager: Deactivated population 'Dragon Valley' (despawned 1).
2026.09.19 19:07:42,497	INFO	106	org.l2jmobius.gameserver.managers.PhantomManager	PhantomManager: Deactivated population 'Dragon Valley' (despawned 1).
2026.09.19 19:08:07,448	INFO	122	org.l2jmobius.gameserver.managers.PhantomManager	PhantomManager: Activating population 'Dragon Valley' (1 phantoms).
2026.09.19 19:08:07,488	INFO	109	org.l2jmobius.gameserver.managers.PhantomManager	PhantomManager: Spawned phantom 'Lyrethan' (objId=268477772, level 53).
2026.09.19 19:08:12,488	INFO	68	org.l2jmobius.gameserver.managers.PhantomManager	PhantomManager: Deactivated population 'Dragon Valley' (despawned 1).
2026.09.19 19:09:27,479	INFO	115	org.l2jmobius.gameserver.managers.PhantomManager	PhantomManager: Deactivated population 'Dragon Valley' (despawned 1).
2026.09.19 19:10:12,448	INFO	62	org.l2jmobius.gameserver.managers.PhantomManager	PhantomManager: Activating population 'Dragon Valley' (1 phantoms).
2026.09.19 19:10:12,449	INFO	62	org.l2jmobius.gameserver.managers.PhantomManager	PhantomManager: Activating population 'Dragon Valley' (1 phantoms).
2026.09.19 19:10:12,449	INFO	62	org.l2jmobius.gameserver.managers.PhantomManager	PhantomManager: Activating population 'Dragon Valley' (1 phantoms).
2026.09.19 19:10:12,507	INFO	84	org.l2jmobius.gameserver.managers.PhantomManager	PhantomManager: Stocked Beldil with combat reagents [1661] (x20000 each).
2026.09.19 19:10:12,522	INFO	84	org.l2jmobius.gameserver.managers.PhantomManager	PhantomManager: Spawned phantom 'Beldil' (objId=268477840, level 45).
2026.09.19 19:10:12,544	INFO	90	org.l2jmobius.gameserver.managers.PhantomManager	PhantomManager: Spawned phantom 'Eilvenel' (objId=268477839, level 47).
2026.09.19 19:10:12,545	INFO	119	org.l2jmobius.gameserver.managers.PhantomManager	PhantomManager: Spawned phantom 'Ulamir' (objId=268477841, level 48).
2026.09.19 19:10:47,531	INFO	124	org.l2jmobius.gameserver.managers.PhantomManager	PhantomManager: Spawned phantom 'Sylargar' (objId=268477920, level 46).
2026.09.19 19:10:57,463	INFO	76	org.l2jmobius.gameserver.managers.PhantomManager	PhantomManager: Deactivated population 'Dragon Valley' (despawned 1).
2026.09.19 19:11:22,497	INFO	99	org.l2jmobius.gameserver.managers.PhantomManager	PhantomManager: Stocked Wynilor with combat reagents [1661] (x20000 each).
2026.09.19 19:11:22,506	INFO	99	org.l2jmobius.gameserver.managers.PhantomManager	PhantomManager: Spawned phantom 'Wynilor' (objId=268477977, level 47).
2026.09.19 19:11:52,448	INFO	83	org.l2jmobius.gameserver.managers.PhantomManager	PhantomManager: Activating population 'Dragon Valley' (1 phantoms).
2026.09.19 19:11:52,480	INFO	96	org.l2jmobius.gameserver.managers.PhantomManager	PhantomManager: Spawned phantom 'Pyrorrok' (objId=268478003, level 48).
2026.09.19 19:12:22,513	INFO	78	org.l2jmobius.gameserver.managers.PhantomManager	PhantomManager: Stocked Ashvyn with combat reagents [1661] (x20000 each).
2026.09.19 19:12:22,522	INFO	78	org.l2jmobius.gameserver.managers.PhantomManager	PhantomManager: Spawned phantom 'Ashvyn' (objId=268478064, level 45).
2026.09.19 19:12:37,467	INFO	88	org.l2jmobius.gameserver.managers.PhantomManager	PhantomManager: Deactivated population 'Dragon Valley' (despawned 1).
2026.09.19 19:12:37,496	INFO	88	org.l2jmobius.gameserver.managers.PhantomManager	PhantomManager: Deactivated population 'Dragon Valley' (despawned 1).
2026.09.19 19:13:22,448	INFO	62	org.l2jmobius.gameserver.managers.PhantomManager	PhantomManager: Activating population 'Swamp Of Screams' (5 phantoms).
2026.09.19 19:13:22,483	INFO	83	org.l2jmobius.gameserver.managers.PhantomManager	PhantomManager: Spawned phantom 'Vaearnor' (objId=268478090, level 68).
2026.09.19 19:13:22,743	INFO	107	org.l2jmobius.gameserver.managers.PhantomManager	PhantomManager: Stocked Sylyneth with combat reagents [2508] (x20000 each).
2026.09.19 19:13:22,751	INFO	107	org.l2jmobius.gameserver.managers.PhantomManager	PhantomManager: Spawned phantom 'Sylyneth' (objId=268478104, level 71).
2026.09.19 19:13:22,995	INFO	118	org.l2jmobius.gameserver.managers.PhantomManager	PhantomManager: Stocked Ulrimyr with combat reagents [2508] (x20000 each).
2026.09.19 19:13:23,003	INFO	118	org.l2jmobius.gameserver.managers.PhantomManager	PhantomManager: Spawned phantom 'Ulrimyr' (objId=268478123, level 74).
2026.09.19 19:13:23,229	INFO	79	org.l2jmobius.gameserver.managers.PhantomManager	PhantomManager: Spawned phantom 'Vaemir' (objId=268478139, level 68).
2026.09.19 19:13:23,480	INFO	93	org.l2jmobius.gameserver.managers.PhantomManager	PhantomManager: Stocked Dûnidil with combat reagents [1661] (x20000 each).
2026.09.19 19:13:23,487	INFO	93	org.l2jmobius.gameserver.managers.PhantomManager	PhantomManager: Spawned phantom 'Dûnidil' (objId=268478154, level 68).
2026.09.19 19:13:24,471	INFO	42	org.l2jmobius.gameserver.ui.SystemPanel	New maximum connected count of 11!
2026.09.19 19:14:02,488	INFO	117	org.l2jmobius.gameserver.managers.PhantomManager	PhantomManager: Stocked Zephnor with combat reagents [1785] (x20000 each).
2026.09.19 19:14:02,498	INFO	117	org.l2jmobius.gameserver.managers.PhantomManager	PhantomManager: Spawned phantom 'Zephnor' (objId=268478197, level 73).
2026.09.19 19:14:12,463	INFO	106	org.l2jmobius.gameserver.managers.PhantomManager	PhantomManager: Deactivated population 'Dragon Valley' (despawned 1).
2026.09.19 19:14:12,493	INFO	95	org.l2jmobius.gameserver.managers.PhantomManager	PhantomManager: Stocked Zephynyr with combat reagents [5589] (x20000 each).
2026.09.19 19:14:12,503	INFO	95	org.l2jmobius.gameserver.managers.PhantomManager	PhantomManager: Spawned phantom 'Zephynyr' (objId=268478215, level 71).
2026.09.19 19:14:32,472	INFO	121	org.l2jmobius.gameserver.managers.PhantomManager	PhantomManager: Deactivated population 'Dragon Valley' (despawned 1).
2026.09.19 19:15:02,475	INFO	121	org.l2jmobius.gameserver.managers.PhantomManager	PhantomManager: Deactivated population 'Dragon Valley' (despawned 2).
2026.09.19 19:15:12,506	INFO	70	org.l2jmobius.gameserver.managers.PhantomManager	PhantomManager: Stocked Dûndoror with combat reagents [3031] (x20000 each).
2026.09.19 19:15:12,513	INFO	70	org.l2jmobius.gameserver.managers.PhantomManager	PhantomManager: Spawned phantom 'Dûndoror' (objId=268478259, level 67).
2026.09.19 19:15:37,488	INFO	98	org.l2jmobius.gameserver.managers.PhantomManager	PhantomManager: Stocked Quorel with combat reagents [1785] (x20000 each).
2026.09.19 19:15:37,497	INFO	98	org.l2jmobius.gameserver.managers.PhantomManager	PhantomManager: Spawned phantom 'Quorel' (objId=268478297, level 66).
2026.09.19 19:16:12,448	INFO	76	org.l2jmobius.gameserver.managers.PhantomManager	PhantomManager: Activating population 'Valley Of Saints' (1 phantoms).
2026.09.19 19:16:12,498	INFO	104	org.l2jmobius.gameserver.managers.PhantomManager	PhantomManager: Stocked Cadois with combat reagents [3031, 2508] (x20000 each).
2026.09.19 19:16:12,506	INFO	104	org.l2jmobius.gameserver.managers.PhantomManager	PhantomManager: Spawned phantom 'Cadois' (objId=268478317, level 66).
2026.09.19 19:16:17,509	INFO	87	org.l2jmobius.gameserver.managers.PhantomManager	PhantomManager: Stocked Halyngar with combat reagents [3031] (x20000 each).
2026.09.19 19:16:17,519	INFO	87	org.l2jmobius.gameserver.managers.PhantomManager	PhantomManager: Spawned phantom 'Halyngar' (objId=268478334, level 74).
2026.09.19 19:16:27,498	INFO	96	org.l2jmobius.gameserver.managers.PhantomManager	PhantomManager: Spawned phantom 'Sylaor' (objId=268478354, level 69).
2026.09.19 19:18:02,498	INFO	118	org.l2jmobius.gameserver.managers.PhantomManager	PhantomManager: Stocked Iththa with combat reagents [1661] (x20000 each).
2026.09.19 19:18:02,507	INFO	118	org.l2jmobius.gameserver.managers.PhantomManager	PhantomManager: Spawned phantom 'Iththa' (objId=268478379, level 72).
2026.09.19 19:18:10,711	INFO	64	org.l2jmobius.gameserver.managers.GlobalVariablesManager	GlobalVariablesManager: Stored 4 variables.
2026.09.19 19:18:10,711	INFO	64	org.l2jmobius.gameserver.managers.DailyResetManager	Olympiad System: Data updated.
2026.09.19 19:18:10,713	INFO	64	org.l2jmobius.gameserver.managers.DailyResetManager	SevenSigns: Data updated.
2026.09.19 19:19:09,819	WARNING	39	org.l2jmobius.gameserver.Shutdown	Server scheduled restart issued shutdown command. Shutdown in 1 seconds!
2026.09.19 19:19:10,820	WARNING	391	org.l2jmobius.gameserver.Shutdown	GM shutdown countdown is over. shutting down NOW!
2026.09.19 19:19:10,821	INFO	391	org.l2jmobius.gameserver.Shutdown	Offline Play Table: Offline play groups stored(1ms).
2026.09.19 19:19:10,887	INFO	391	org.l2jmobius.gameserver.Shutdown	All players disconnected and saved(66ms).
2026.09.19 19:19:10,887	INFO	391	org.l2jmobius.gameserver.Shutdown	Game Time Task Manager: Thread interruped(0ms).
2026.09.19 19:19:10,887	INFO	391	org.l2jmobius.commons.threads.ThreadPool	ThreadPool: Shutting down all thread pools.
2026.09.19 19:19:10,889	INFO	391	org.l2jmobius.gameserver.Shutdown	Thread Pool Manager: Manager has been shut down(2ms).
2026.09.19 19:19:10,889	INFO	391	org.l2jmobius.gameserver.Shutdown	Login Server Thread: Thread interruped(0ms).
2026.09.19 19:19:10,890	INFO	391	org.l2jmobius.gameserver.Shutdown	GM shutdown received. Shutting down NOW!
2026.09.19 19:19:10,890	INFO	391	org.l2jmobius.gameserver.Shutdown	SevenSignsFestival: Festival data saved(0ms).
2026.09.19 19:19:10,891	INFO	391	org.l2jmobius.gameserver.Shutdown	SevenSigns: Seven Signs data saved(1ms).
2026.09.19 19:19:10,891	INFO	391	org.l2jmobius.gameserver.Shutdown	SevenSigns: Seven Signs status saved(0ms).
2026.09.19 19:19:10,900	INFO	391	org.l2jmobius.gameserver.Shutdown	RaidBossSpawnManager: All raidboss info saved(9ms).
2026.09.19 19:19:10,900	INFO	391	org.l2jmobius.gameserver.Shutdown	GrandBossManager: All Grand Boss info saved(0ms).
2026.09.19 19:19:10,901	INFO	391	org.l2jmobius.gameserver.Shutdown	Olympiad System: Data saved(1ms).
2026.09.19 19:19:10,901	INFO	391	org.l2jmobius.gameserver.Shutdown	Hero System: Data saved(0ms).
2026.09.19 19:19:10,902	INFO	391	org.l2jmobius.gameserver.Shutdown	Clan System: Data saved(1ms).
2026.09.19 19:19:10,902	INFO	391	org.l2jmobius.gameserver.Shutdown	Cursed Weapons Manager: Data saved(0ms).
2026.09.19 19:19:10,903	INFO	391	org.l2jmobius.gameserver.Shutdown	Castle Manor Manager: Data saved(1ms).
2026.09.19 19:19:10,903	CONFIG	391	conquerablehalls.FortressOfTheDead.FortressOfTheDead	FortressOfTheDead: Successfully saved attackers to database.
2026.09.19 19:19:10,903	CONFIG	391	conquerablehalls.DevastatedCastle.DevastatedCastle	DevastatedCastle: Successfully saved attackers to database.
2026.09.19 19:19:10,903	CONFIG	391	conquerablehalls.BanditStronghold.BanditStronghold	BanditStronghold: Successfully saved attackers to database.
2026.09.19 19:19:10,903	CONFIG	391	conquerablehalls.FortressOfResistance.FortressOfResistance	FortressOfResistance: Successfully saved attackers to database.
2026.09.19 19:19:10,903	CONFIG	391	conquerablehalls.RainbowSpringsChateau.RainbowSpringsChateau	RainbowSpringsChateau: Successfully saved attackers to database.
2026.09.19 19:19:10,903	CONFIG	391	conquerablehalls.WildBeastReserve.WildBeastReserve	WildBeastReserve: Successfully saved attackers to database.
2026.09.19 19:19:10,903	INFO	391	org.l2jmobius.gameserver.Shutdown	CHSiegeManager: Siegable hall attacker lists saved!
2026.09.19 19:19:10,904	INFO	391	org.l2jmobius.gameserver.Shutdown	Script Manager: Data saved(1ms).
2026.09.19 19:19:10,907	INFO	391	org.l2jmobius.gameserver.managers.GlobalVariablesManager	GlobalVariablesManager: Stored 4 variables.
2026.09.19 19:19:10,907	INFO	391	org.l2jmobius.gameserver.Shutdown	Global Variables Manager: Variables saved(3ms).
2026.09.19 19:19:10,907	INFO	391	org.l2jmobius.gameserver.Shutdown	Fishing Championship Manager: Data saved(0ms).
2026.09.19 19:19:10,910	INFO	391	org.l2jmobius.gameserver.Shutdown	SchemeBufferTable: Data saved(3ms).
2026.09.19 19:19:15,911	INFO	391	org.l2jmobius.commons.database.DatabaseFactory	Database: HikariCP pool closed successfully.
2026.09.19 19:19:15,911	INFO	391	org.l2jmobius.gameserver.Shutdown	Database Factory: Database connection has been shut down(1ms).
2026.09.19 19:19:15,911	INFO	391	org.l2jmobius.gameserver.Shutdown	The server has been successfully shut down in 5seconds.
