2026.09.19 20:19:26,475	INFO	3	org.l2jmobius.commons.util.IXmlReader	Network Config: ipconfig.xml exists, using manual configuration...
2026.09.19 20:19:26,540	INFO	3	org.l2jmobius.gameserver.config.ServerConfig	Loaded 6 Filter Words.
2026.09.19 20:19:26,553	WARNING	3	org.l2jmobius.gameserver.config.custom.MultilingualSupportConfig	MultiLang[MultilingualSupportConfig.load()]: default language: en is not in allowed list!
2026.09.19 20:19:26,556	INFO	3	org.l2jmobius.gameserver.GameServer	=== Living Worlds Server ===
2026.09.19 20:19:26,556	INFO	3	org.l2jmobius.gameserver.GameServer	------------------------------------------------=[ Database ]
2026.09.19 20:19:26,631	INFO	3	org.l2jmobius.commons.database.DatabaseFactory	Database: HikariCP pool initialized successfully.
2026.09.19 20:19:26,716	INFO	3	org.l2jmobius.commons.database.DatabaseFactory	Database: Initialized with a valid connection.
2026.09.19 20:19:26,721	INFO	3	org.l2jmobius.gameserver.GameServer	----------------------------------------------=[ ThreadPool ]
2026.09.19 20:19:26,722	INFO	3	org.l2jmobius.commons.threads.ThreadPool	ThreadPool: Initializing.
2026.09.19 20:19:26,722	INFO	3	org.l2jmobius.commons.threads.ThreadPool	...scheduled pool executor with 16 high priority threads.
2026.09.19 20:19:26,727	INFO	3	org.l2jmobius.commons.threads.ThreadPool	...scheduled pool executor with 64 total threads.
2026.09.19 20:19:26,727	INFO	3	org.l2jmobius.commons.threads.ThreadPool	...instant pool executor with 32 total threads.
2026.09.19 20:19:26,727	INFO	3	org.l2jmobius.gameserver.GameServer	-----------------------------------------------=[ IdManager ]
2026.09.19 20:19:26,746	INFO	3	org.l2jmobius.gameserver.managers.DatabaseIdManager	DatabaseIdManager: Cleaned 12 elements in 0 seconds.
2026.09.19 20:19:26,748	INFO	3	org.l2jmobius.gameserver.managers.DatabaseIdManager	DatabaseIdManager: Updated character online status.
2026.09.19 20:19:26,753	INFO	3	org.l2jmobius.gameserver.managers.DatabaseIdManager	DatabaseIdManager: Cleaned 0 expired timestamps.
2026.09.19 20:19:26,760	INFO	3	org.l2jmobius.gameserver.managers.IdManager	IdManager: 102912 ids available.
2026.09.19 20:19:26,760	INFO	3	org.l2jmobius.gameserver.GameServer	----------------------------------------=[ Scripting Engine ]
2026.09.19 20:19:26,812	INFO	3	org.l2jmobius.gameserver.scripting.ScriptEngine	Loaded 387 files to exclude.
2026.09.19 20:19:26,812	INFO	3	org.l2jmobius.gameserver.GameServer	---------------------------------------------------=[ World ]
2026.09.19 20:19:26,814	INFO	3	org.l2jmobius.commons.util.IXmlReader	InstanceManager: Multiverse Instance created.
2026.09.19 20:19:26,814	INFO	3	org.l2jmobius.commons.util.IXmlReader	InstanceManager: Universe Instance created.
2026.09.19 20:19:26,823	INFO	3	org.l2jmobius.commons.util.IXmlReader	InstanceManager: Loaded 2 instance templates.
2026.09.19 20:19:27,032	INFO	3	org.l2jmobius.gameserver.data.xml.MapRegionData	MapRegionData: Loaded 42 map regions.
2026.09.19 20:19:27,035	INFO	3	org.l2jmobius.gameserver.managers.GlobalVariablesManager	GlobalVariablesManager: Loaded 4 variables.
2026.09.19 20:19:27,036	INFO	3	org.l2jmobius.gameserver.GameServer	----------------------------------------------------=[ Data ]
2026.09.19 20:19:27,046	INFO	3	org.l2jmobius.gameserver.data.xml.CategoryData	CategoryData: Loaded 160 categories.
2026.09.19 20:19:27,048	INFO	3	org.l2jmobius.gameserver.GameServer	--------------------------------------------------=[ Skills ]
2026.09.19 20:19:27,721	INFO	3	handlers.EffectMasterHandler	EffectMasterHandler: Loaded 146 effect handlers.
2026.09.19 20:19:27,843	INFO	3	org.l2jmobius.gameserver.data.xml.EnchantSkillTreeData	EnchantSkillTreeData: Loaded 14551 enchant skills.
2026.09.19 20:19:27,981	INFO	3	org.l2jmobius.commons.util.IXmlReader	SkillTreeData: Loaded 13777 Class Skills for 89 class skill trees.
2026.09.19 20:19:27,981	INFO	3	org.l2jmobius.commons.util.IXmlReader	SkillTreeData: Loaded 117 fishing skills, 8 Dwarven only fishing skills.
2026.09.19 20:19:27,982	INFO	3	org.l2jmobius.commons.util.IXmlReader	SkillTreeData: Loaded 64 clan skills, 64 for clan and 0 residential.
2026.09.19 20:19:27,982	INFO	3	org.l2jmobius.commons.util.IXmlReader	SkillTreeData: Loaded 8 noble skills.
2026.09.19 20:19:27,982	INFO	3	org.l2jmobius.commons.util.IXmlReader	SkillTreeData: Loaded 5 hero skills.
2026.09.19 20:19:27,982	INFO	3	org.l2jmobius.commons.util.IXmlReader	SkillTreeData: Loaded 25 game master skills.
2026.09.19 20:19:27,982	INFO	3	org.l2jmobius.commons.util.IXmlReader	SkillTreeData: Loaded 1 game master aura skills.
2026.09.19 20:19:28,912	INFO	3	org.l2jmobius.gameserver.data.xml.SkillData	SkillData: Loaded 29867 Skill templates from XML files.
2026.09.19 20:19:28,925	INFO	3	org.l2jmobius.gameserver.data.xml.PetSkillData	PetSkillData: Loaded 795 skills.
2026.09.19 20:19:28,925	INFO	3	org.l2jmobius.gameserver.GameServer	---------------------------------------------------=[ Items ]
2026.09.19 20:19:29,040	INFO	3	org.l2jmobius.gameserver.data.xml.ItemData	ItemData: Highest item id used: 50000
2026.09.19 20:19:29,041	INFO	3	org.l2jmobius.gameserver.data.xml.ItemData	ItemData: Loaded 6882 etc items.
2026.09.19 20:19:29,041	INFO	3	org.l2jmobius.gameserver.data.xml.ItemData	ItemData: Loaded 1106 armor items.
2026.09.19 20:19:29,041	INFO	3	org.l2jmobius.gameserver.data.xml.ItemData	ItemData: Loaded 1223 weapon items.
2026.09.19 20:19:29,041	INFO	3	org.l2jmobius.gameserver.data.xml.ItemData	ItemData: Loaded 9211 items in total.
2026.09.19 20:19:29,043	INFO	3	org.l2jmobius.commons.util.IXmlReader	EnchantItemGroupsData: Loaded 4 item group templates.
2026.09.19 20:19:29,043	INFO	3	org.l2jmobius.commons.util.IXmlReader	EnchantItemGroupsData: Loaded 1 scroll group templates.
2026.09.19 20:19:29,043	INFO	3	org.l2jmobius.commons.util.IXmlReader	EnchantItemGroupsData: Max weapon enchant is set to 16.
2026.09.19 20:19:29,043	INFO	3	org.l2jmobius.commons.util.IXmlReader	EnchantItemGroupsData: Max armor enchant is set to 16.
2026.09.19 20:19:29,043	INFO	3	org.l2jmobius.commons.util.IXmlReader	EnchantItemGroupsData: Max accessory enchant is set to 16.
2026.09.19 20:19:29,045	INFO	3	org.l2jmobius.commons.util.IXmlReader	EnchantItemData: Loaded 30 enchant scrolls.
2026.09.19 20:19:29,199	INFO	3	org.l2jmobius.gameserver.data.xml.OptionData	OptionData: Loaded 16380 options.
2026.09.19 20:19:29,203	INFO	3	org.l2jmobius.commons.util.IXmlReader	EnchantItemHPBonusData: Loaded 6 enchant HP bonuses.
2026.09.19 20:19:29,204	INFO	3	org.l2jmobius.gameserver.data.MerchantPriceConfigTable	MerchantPriceConfigTable: Loaded 27 merchant price configs.
2026.09.19 20:19:29,374	WARNING	3	org.l2jmobius.commons.util.IXmlReader	Directory not found: /home/dex/L2J-Offline-OneClick/game/./data/buylists/custom
2026.09.19 20:19:29,375	INFO	3	org.l2jmobius.gameserver.data.xml.BuyListData	BuyListData: Loaded 616 buyLists.
2026.09.19 20:19:29,428	WARNING	3	org.l2jmobius.commons.util.IXmlReader	Buy price 2400 is less than sell price 435000 at entry 10 of multisell 600010.
2026.09.19 20:19:29,428	WARNING	3	org.l2jmobius.commons.util.IXmlReader	Buy price 6143 is less than sell price 650000 at entry 13 of multisell 600010.
2026.09.19 20:19:29,430	WARNING	3	org.l2jmobius.commons.util.IXmlReader	Buy price 6250 is less than sell price 17529460 at entry 44 of multisell 600014.
2026.09.19 20:19:29,430	WARNING	3	org.l2jmobius.commons.util.IXmlReader	Buy price 500 is less than sell price 13500000 at entry 45 of multisell 600014.
2026.09.19 20:19:29,430	WARNING	3	org.l2jmobius.commons.util.IXmlReader	Buy price 50 is less than sell price 13500000 at entry 49 of multisell 600014.
2026.09.19 20:19:29,430	WARNING	3	org.l2jmobius.commons.util.IXmlReader	Buy price 16080 is less than sell price 9150000 at entry 53 of multisell 600014.
2026.09.19 20:19:29,430	WARNING	3	org.l2jmobius.commons.util.IXmlReader	Buy price 5000 is less than sell price 162500 at entry 78 of multisell 600014.
2026.09.19 20:19:29,430	WARNING	3	org.l2jmobius.commons.util.IXmlReader	Buy price 10000 is less than sell price 13481650 at entry 87 of multisell 600014.
2026.09.19 20:19:29,430	WARNING	3	org.l2jmobius.commons.util.IXmlReader	Buy price 450000 is less than sell price 9150000 at entry 102 of multisell 600014.
2026.09.19 20:19:29,430	WARNING	3	org.l2jmobius.commons.util.IXmlReader	Buy price 11600 is less than sell price 6550000 at entry 176 of multisell 600014.
2026.09.19 20:19:29,430	WARNING	3	org.l2jmobius.commons.util.IXmlReader	Buy price 200 is less than sell price 6550000 at entry 210 of multisell 600014.
2026.09.19 20:19:29,430	WARNING	3	org.l2jmobius.commons.util.IXmlReader	Buy price 1062 is less than sell price 4340000 at entry 331 of multisell 600014.
2026.09.19 20:19:29,430	WARNING	3	org.l2jmobius.commons.util.IXmlReader	Buy price 8700 is less than sell price 3065000 at entry 360 of multisell 600014.
2026.09.19 20:19:29,431	WARNING	3	org.l2jmobius.commons.util.IXmlReader	Buy price 500 is less than sell price 2150000 at entry 488 of multisell 600014.
2026.09.19 20:19:29,432	WARNING	3	org.l2jmobius.commons.util.IXmlReader	Buy price 5000 is less than sell price 2242500 at entry 76 of multisell 600016.
2026.09.19 20:19:29,432	WARNING	3	org.l2jmobius.commons.util.IXmlReader	Buy price 23200 is less than sell price 815000 at entry 112 of multisell 600016.
2026.09.19 20:19:29,432	WARNING	3	org.l2jmobius.commons.util.IXmlReader	Buy price 4455 is less than sell price 402000 at entry 230 of multisell 600016.
2026.09.19 20:19:29,433	WARNING	3	org.l2jmobius.commons.util.IXmlReader	Buy price 40 is less than sell price 122500 at entry 428 of multisell 600016.
2026.09.19 20:19:29,433	WARNING	3	org.l2jmobius.commons.util.IXmlReader	Buy price 100 is less than sell price 184000 at entry 493 of multisell 600016.
2026.09.19 20:19:29,435	WARNING	3	org.l2jmobius.commons.util.IXmlReader	Buy price 2400 is less than sell price 435000 at entry 10 of multisell 61004.
2026.09.19 20:19:29,435	WARNING	3	org.l2jmobius.commons.util.IXmlReader	Buy price 6143 is less than sell price 650000 at entry 12 of multisell 61004.
2026.09.19 20:19:29,435	WARNING	3	org.l2jmobius.commons.util.IXmlReader	Buy price 5000 is less than sell price 162500 at entry 34 of multisell 61005.
2026.09.19 20:19:29,435	WARNING	3	org.l2jmobius.commons.util.IXmlReader	Buy price 10000 is less than sell price 13481650 at entry 42 of multisell 61005.
2026.09.19 20:19:29,436	WARNING	3	org.l2jmobius.commons.util.IXmlReader	Buy price 6250 is less than sell price 17529460 at entry 1 of multisell 61008.
2026.09.19 20:19:29,436	WARNING	3	org.l2jmobius.commons.util.IXmlReader	Buy price 500 is less than sell price 13500000 at entry 2 of multisell 61008.
2026.09.19 20:19:29,436	WARNING	3	org.l2jmobius.commons.util.IXmlReader	Buy price 450000 is less than sell price 9150000 at entry 4 of multisell 61008.
2026.09.19 20:19:29,439	WARNING	3	org.l2jmobius.commons.util.IXmlReader	Buy price 4455 is less than sell price 402000 at entry 55 of multisell 61016.
2026.09.19 20:19:29,440	WARNING	3	org.l2jmobius.commons.util.IXmlReader	Buy price 11600 is less than sell price 6550000 at entry 3 of multisell 61019.
2026.09.19 20:19:29,440	WARNING	3	org.l2jmobius.commons.util.IXmlReader	Buy price 200 is less than sell price 6550000 at entry 3 of multisell 61021.
2026.09.19 20:19:29,443	WARNING	3	org.l2jmobius.commons.util.IXmlReader	Buy price 40 is less than sell price 122500 at entry 15 of multisell 61030.
2026.09.19 20:19:29,443	WARNING	3	org.l2jmobius.commons.util.IXmlReader	Buy price 100 is less than sell price 184000 at entry 62 of multisell 61030.
2026.09.19 20:19:29,446	WARNING	3	org.l2jmobius.commons.util.IXmlReader	Buy price 8700 is less than sell price 3065000 at entry 4 of multisell 61041.
2026.09.19 20:19:29,446	WARNING	3	org.l2jmobius.commons.util.IXmlReader	Buy price 500 is less than sell price 2150000 at entry 20 of multisell 61041.
2026.09.19 20:19:29,448	SEVERE	3	org.l2jmobius.commons.util.IXmlReader	MultisellData: Error in file ./data/multisell/custom/62002.xml
2026.09.19 20:19:29,453	SEVERE	3	org.l2jmobius.commons.util.IXmlReader	MultisellData: Error in file ./data/multisell/custom/62102.xml
2026.09.19 20:19:29,458	SEVERE	3	org.l2jmobius.commons.util.IXmlReader	MultisellData: Error in file ./data/multisell/custom/62209.xml
2026.09.19 20:19:29,474	INFO	3	org.l2jmobius.commons.util.IXmlReader	MultisellData: Loaded 184 multisell lists.
2026.09.19 20:19:29,501	INFO	3	org.l2jmobius.commons.util.IXmlReader	RecipeData: Loaded 871 recipes.
2026.09.19 20:19:29,505	INFO	3	org.l2jmobius.commons.util.IXmlReader	ArmorSetData: Loaded 51 armor sets.
2026.09.19 20:19:29,509	INFO	3	org.l2jmobius.commons.util.IXmlReader	FishData: Loaded 278 fishes.
2026.09.19 20:19:29,510	INFO	3	org.l2jmobius.commons.util.IXmlReader	FishingMonstersData: Loaded 8 fishing monsters.
2026.09.19 20:19:29,510	INFO	3	org.l2jmobius.commons.util.IXmlReader	FishingRodsData: Loaded 6 fishing rods.
2026.09.19 20:19:29,518	INFO	3	org.l2jmobius.commons.util.IXmlReader	HennaData: Loaded 180 henna data.
2026.09.19 20:19:29,518	INFO	3	org.l2jmobius.gameserver.GameServer	----------------------------------------------=[ Characters ]
2026.09.19 20:19:29,519	INFO	3	org.l2jmobius.gameserver.data.xml.ClassListData	ClassListData: Loaded 89 class data.
2026.09.19 20:19:29,522	INFO	3	org.l2jmobius.gameserver.data.xml.InitialEquipmentData	InitialEquipmentData: Loaded 9 initial equipment data.
2026.09.19 20:19:29,523	INFO	3	org.l2jmobius.gameserver.data.xml.InitialShortcutData	InitialShortcutData: Loaded 5 initial global shortcut data.
2026.09.19 20:19:29,523	INFO	3	org.l2jmobius.gameserver.data.xml.InitialShortcutData	InitialShortcutData: Loaded 4 initial shortcut data.
2026.09.19 20:19:29,523	INFO	3	org.l2jmobius.gameserver.data.xml.InitialShortcutData	InitialShortcutData: Loaded 0 macro presets.
2026.09.19 20:19:29,524	INFO	3	org.l2jmobius.gameserver.data.xml.ExperienceData	ExperienceData: Loaded 81 levels.
2026.09.19 20:19:29,525	INFO	3	org.l2jmobius.gameserver.data.xml.ExperienceData	ExperienceData: Max Player Level is 80.
2026.09.19 20:19:29,525	INFO	3	org.l2jmobius.gameserver.data.xml.ExperienceData	ExperienceData: Max Pet Level is 80.
2026.09.19 20:19:29,526	INFO	3	org.l2jmobius.gameserver.data.xml.ExperienceLossData	ExperienceLossData: Loaded 80 levels.
2026.09.19 20:19:29,526	INFO	3	org.l2jmobius.gameserver.data.xml.KarmaLossData	KarmaLossData: Loaded 80 modifiers.
2026.09.19 20:19:29,528	INFO	3	org.l2jmobius.commons.util.IXmlReader	HitConditionBonusData: Loaded hit condition bonuses.
2026.09.19 20:19:29,599	INFO	3	org.l2jmobius.gameserver.data.xml.PlayerTemplateData	PlayerTemplateData: Loaded 89 player templates.
2026.09.19 20:19:29,599	INFO	3	org.l2jmobius.gameserver.data.xml.PlayerTemplateData	PlayerTemplateData: Loaded 42720 level up gain records.
2026.09.19 20:19:29,600	INFO	3	org.l2jmobius.gameserver.data.sql.CharInfoTable	CharInfoTable: Loaded 10 char names.
2026.09.19 20:19:29,602	INFO	3	org.l2jmobius.gameserver.data.xml.AdminData	AdminData: Loaded 10 access levels.
2026.09.19 20:19:29,604	INFO	3	org.l2jmobius.gameserver.data.xml.AdminData	AdminData: Loaded 433 access commands.
2026.09.19 20:19:29,604	INFO	3	org.l2jmobius.gameserver.managers.RaidBossPointsManager	RaidBossPointsManager: Loaded 0 Characters Raid Points.
2026.09.19 20:19:29,632	INFO	3	org.l2jmobius.commons.util.IXmlReader	PetDataTable: Loaded 12 pets.
2026.09.19 20:19:29,634	INFO	3	org.l2jmobius.gameserver.GameServer	---------------------------------------------------=[ Clans ]
2026.09.19 20:19:29,639	INFO	3	org.l2jmobius.gameserver.communitybbs.Manager.ForumsBBSManager	ForumsBBSManager: Loaded 4 forums. Last forum id used: 4
2026.09.19 20:19:29,639	INFO	3	org.l2jmobius.gameserver.data.sql.ClanTable	ClanTable: Restored 0 clans from the database.
2026.09.19 20:19:29,642	INFO	3	org.l2jmobius.gameserver.managers.CHSiegeManager	CHSiegeManager: Loaded 6 conquerable clan halls.
2026.09.19 20:19:29,664	INFO	3	org.l2jmobius.gameserver.managers.ClanHallAuctionManager	ClanHallAuctionManager: Loaded 38 auction(s)
2026.09.19 20:19:29,665	INFO	3	org.l2jmobius.gameserver.data.sql.ClanHallTable	ClanHallTable: Loaded 0 clan halls
2026.09.19 20:19:29,665	INFO	3	org.l2jmobius.gameserver.data.sql.ClanHallTable	ClanHallTable: Loaded 38 free clan halls
2026.09.19 20:19:29,665	INFO	3	org.l2jmobius.gameserver.GameServer	-------------------------------------------------=[ Geodata ]
2026.09.19 20:19:30,072	INFO	3	org.l2jmobius.gameserver.geoengine.GeoEngine	GeoEngine: Loaded 158 regions.
2026.09.19 20:19:30,073	INFO	3	org.l2jmobius.gameserver.GameServer	----------------------------------------------------=[ NPCs ]
2026.09.19 20:19:30,084	INFO	3	org.l2jmobius.gameserver.managers.ZoneManager	ZoneManager 12 by 17 Zone Region Grid set up.
2026.09.19 20:19:30,532	INFO	3	org.l2jmobius.commons.util.IXmlReader	NpcData: Loaded 6519 NPCs.
2026.09.19 20:19:30,540	INFO	3	org.l2jmobius.commons.util.IXmlReader	NpcData: Loaded 22 custom NPCs.
2026.09.19 20:19:30,542	INFO	3	org.l2jmobius.commons.util.IXmlReader	SkillLearnData: Loaded 217 skill learn data.
2026.09.19 20:19:30,544	INFO	3	org.l2jmobius.gameserver.managers.GrandBossManager	GrandBossManager: Gigantic Chaos Golem(25512) status is 0.
2026.09.19 20:19:30,544	INFO	3	org.l2jmobius.gameserver.managers.GrandBossManager	GrandBossManager: Queen Ant(29001) status is 0.
2026.09.19 20:19:30,544	INFO	3	org.l2jmobius.gameserver.managers.GrandBossManager	GrandBossManager: Core(29006) status is 0.
2026.09.19 20:19:30,544	INFO	3	org.l2jmobius.gameserver.managers.GrandBossManager	GrandBossManager: Orfen(29014) status is 0.
2026.09.19 20:19:30,544	INFO	3	org.l2jmobius.gameserver.managers.GrandBossManager	GrandBossManager: Antharas(29019) status is 0.
2026.09.19 20:19:30,544	INFO	3	org.l2jmobius.gameserver.managers.GrandBossManager	GrandBossManager: Baium(29020) status is 0.
2026.09.19 20:19:30,544	INFO	3	org.l2jmobius.gameserver.managers.GrandBossManager	GrandBossManager: Zaken(29022) status is 0.
2026.09.19 20:19:30,544	INFO	3	org.l2jmobius.gameserver.managers.GrandBossManager	GrandBossManager: Valakas(29028) status is 0.
2026.09.19 20:19:30,545	INFO	3	org.l2jmobius.gameserver.managers.GrandBossManager	GrandBossManager: Frintezza(29045) status is 0.
2026.09.19 20:19:30,545	INFO	3	org.l2jmobius.gameserver.managers.GrandBossManager	GrandBossManager: Loaded 9 Instances
2026.09.19 20:19:30,583	INFO	3	org.l2jmobius.gameserver.managers.ZoneManager	ZoneManager: Loaded 29 zone classes and 2411 zones.
2026.09.19 20:19:30,585	INFO	3	org.l2jmobius.gameserver.managers.ZoneManager	ZoneManager: Last static id 200224.
2026.09.19 20:19:30,597	INFO	3	org.l2jmobius.commons.util.IXmlReader	DoorData: Loaded 547 doors.
2026.09.19 20:19:30,599	INFO	3	FenceData	FenceData: Loaded 1 fences.
2026.09.19 20:19:30,603	INFO	3	org.l2jmobius.gameserver.data.xml.LevelUpCrystalData	Soul crystal data : Loaded 39
2026.09.19 20:19:30,603	INFO	3	org.l2jmobius.gameserver.data.xml.LevelUpCrystalData	Npc leveling crystal data : Loaded 125
2026.09.19 20:19:30,663	INFO	3	org.l2jmobius.gameserver.data.xml.FakePlayerData	FakePlayerData: Loaded 2 templates.
2026.09.19 20:19:30,664	INFO	3	org.l2jmobius.gameserver.managers.FakePlayerChatManager	FakePlayerChatManager: Loaded 19 chat templates.
2026.09.19 20:19:30,664	INFO	3	org.l2jmobius.gameserver.managers.FakePlayerChatManager	FakePlayerChatManager: Server-wide social chat enabled.
2026.09.19 20:19:30,668	INFO	3	org.l2jmobius.gameserver.managers.WalkingManager	WalkingManager: Loaded 14 walking routes.
2026.09.19 20:19:30,671	INFO	3	org.l2jmobius.gameserver.managers.FakePlayerBehaviorManager	FakePlayerBehaviorManager: Loaded 48 behavior profiles and 98 populations.
2026.09.19 20:19:30,671	INFO	3	org.l2jmobius.gameserver.managers.FakePlayerBehaviorManager	FakePlayerBehaviorManager: Fake player behavior enabled.
2026.09.19 20:19:30,719	INFO	3	org.l2jmobius.gameserver.managers.PhantomManager	PhantomManager: Swept 6 orphaned phantom character row(s) left by a previous unclean shutdown.
2026.09.19 20:19:30,744	INFO	3	org.l2jmobius.gameserver.managers.PhantomManager	PhantomManager: PhantomAutoHuntingZones is enabled but data/PhantomPopulations.generated.xml is missing - run tools/build_populations.py to generate it.
2026.09.19 20:19:30,745	INFO	3	org.l2jmobius.gameserver.managers.PhantomManager	PhantomManager: Loaded 844 phantom population(s), 0 crafted-friend order(s).
2026.09.19 20:19:30,745	INFO	3	org.l2jmobius.gameserver.managers.PhantomManager	PhantomManager: Phantom supervisor started.
2026.09.19 20:19:30,748	INFO	3	org.l2jmobius.gameserver.data.xml.PhantomPlaystyleData	PhantomPlaystyleData: Loaded playstyles for 67 class id(s).
2026.09.19 20:19:30,764	INFO	3	org.l2jmobius.gameserver.managers.PhantomBuddyManager	PhantomBuddyManager: Loaded 165 teleport destinations for buddies.
2026.09.19 20:19:30,768	INFO	3	org.l2jmobius.commons.util.IXmlReader	StaticObjectData: Loaded 29 static object templates.
2026.09.19 20:19:30,774	INFO	3	org.l2jmobius.gameserver.managers.CastleManager	CastleManager: Loaded 9 castles
2026.09.19 20:19:30,776	INFO	3	org.l2jmobius.gameserver.data.SchemeBufferTable	SchemeBufferTable: Loaded 8 categories and 190 entries from ./data/SchemeBufferSkills.xml.
2026.09.19 20:19:30,776	INFO	3	org.l2jmobius.gameserver.data.SchemeBufferTable	SchemeBufferTable: Loaded 1 scheme entries from database.
2026.09.19 20:19:30,777	INFO	3	org.l2jmobius.gameserver.data.SchemeBufferTable	SchemeBufferTable: Loaded 1 players and 87 available skills.
2026.09.19 20:19:30,777	INFO	3	org.l2jmobius.gameserver.managers.GrandBossManager	GrandBossManager: Initialized 10 Grand Boss Zones
2026.09.19 20:19:30,777	INFO	3	org.l2jmobius.gameserver.GameServer	------------------------------------------------=[ Olympiad ]
2026.09.19 20:19:30,780	INFO	3	org.l2jmobius.gameserver.model.olympiad.Olympiad	Olympiad System: Loading Olympiad System....
2026.09.19 20:19:30,780	INFO	3	org.l2jmobius.gameserver.model.olympiad.Olympiad	Olympiad System: Currently in Olympiad Period
2026.09.19 20:19:30,780	INFO	3	org.l2jmobius.gameserver.model.olympiad.Olympiad	Olympiad System: 11 days, 15 hours and 40 mins until period ends.
2026.09.19 20:19:30,780	INFO	3	org.l2jmobius.gameserver.model.olympiad.Olympiad	Olympiad System: Next weekly change is in 2 days, 0 hours and 39 mins.
2026.09.19 20:19:30,780	INFO	3	org.l2jmobius.gameserver.model.olympiad.Olympiad	Olympiad System: Loaded 0 Nobles
2026.09.19 20:19:30,780	INFO	3	org.l2jmobius.gameserver.model.olympiad.Olympiad	Olympiad System: Competition Period Starts in 0 days, 0 hours and 0 mins.
2026.09.19 20:19:30,782	INFO	3	org.l2jmobius.gameserver.model.olympiad.Olympiad	Olympiad System: Event starts/started : Sat Sep 19 18:00:30 CEST 2026
2026.09.19 20:19:30,784	INFO	3	org.l2jmobius.gameserver.model.olympiad.Hero	Hero System: Loaded 0 Heroes.
2026.09.19 20:19:30,784	INFO	3	org.l2jmobius.gameserver.model.olympiad.Hero	Hero System: Loaded 0 all time Heroes.
2026.09.19 20:19:30,784	INFO	3	org.l2jmobius.gameserver.GameServer	---------------------------------------------=[ Seven Signs ]
2026.09.19 20:19:30,785	INFO	3	org.l2jmobius.gameserver.model.sevensigns.SevenSigns	SevenSigns: Currently in the Competition (Quest Event) period!
2026.09.19 20:19:30,785	INFO	3	org.l2jmobius.gameserver.model.sevensigns.SevenSigns	SevenSigns: The Seal of Avarice remains unclaimed.
2026.09.19 20:19:30,785	INFO	3	org.l2jmobius.gameserver.model.sevensigns.SevenSigns	SevenSigns: The Seal of Gnosis remains unclaimed.
2026.09.19 20:19:30,785	INFO	3	org.l2jmobius.gameserver.model.sevensigns.SevenSigns	SevenSigns: The Seal of Strife remains unclaimed.
2026.09.19 20:19:30,785	INFO	3	org.l2jmobius.gameserver.model.sevensigns.SevenSigns	SevenSigns: The competition, if the current trend continues, will end in a tie this week.
2026.09.19 20:19:30,785	INFO	3	org.l2jmobius.gameserver.model.sevensigns.SevenSigns	SevenSigns: No-schedule mode is enabled - the period will not change automatically. Use //signs or a Priest of Dawn/Priestess of Dusk to advance it.
2026.09.19 20:19:30,785	INFO	3	org.l2jmobius.gameserver.GameServer	---------------------------------------------------=[ Cache ]
2026.09.19 20:19:30,786	INFO	3	org.l2jmobius.gameserver.cache.HtmCache	Cache[HTML]: Running lazy cache.
2026.09.19 20:19:30,798	INFO	3	org.l2jmobius.gameserver.data.sql.CrestTable	CrestTable: Loaded 1 Crests.
2026.09.19 20:19:30,827	INFO	3	org.l2jmobius.gameserver.managers.BotClanManager	BotClanManager: Loaded 12 bot clan(s) (12 with a crest), 3 alliance(s); recruit clan chance 60%, fake-player clan chance 47%.
2026.09.19 20:19:30,846	INFO	66	org.l2jmobius.gameserver.model.olympiad.Olympiad	Olympiad System: Olympiad Game Started
2026.09.19 20:19:30,877	INFO	3	org.l2jmobius.gameserver.data.xml.TeleporterData	TeleporterData: Loaded 143 npc teleporters.
2026.09.19 20:19:30,893	INFO	3	org.l2jmobius.gameserver.data.AugmentationData	AugmentationData: Loaded 22640 augmentations.
2026.09.19 20:19:30,895	INFO	3	org.l2jmobius.gameserver.managers.CursedWeaponsManager	CursedWeaponsManager: Loaded : 2 cursed weapon(s).
2026.09.19 20:19:30,895	INFO	3	org.l2jmobius.gameserver.GameServer	-------------------------------------------------=[ Scripts ]
2026.09.19 20:19:30,896	INFO	3	org.l2jmobius.gameserver.GameServer	Loading server scripts...
2026.09.19 20:19:31,658	INFO	3	handlers.MasterHandler	Loading Handlers...
2026.09.19 20:19:31,697	INFO	3	handlers.MasterHandler	ActionClickHandler: Loaded 10 handlers.
2026.09.19 20:19:31,697	INFO	3	handlers.MasterHandler	ActionShiftHandler: Loaded 6 handlers.
2026.09.19 20:19:31,697	INFO	3	handlers.MasterHandler	AdminCommandHandler: Loaded 450 handlers.
2026.09.19 20:19:31,697	INFO	3	handlers.MasterHandler	BypassHandler: Loaded 38 handlers.
2026.09.19 20:19:31,697	INFO	3	handlers.MasterHandler	ChatHandler: Loaded 14 handlers.
2026.09.19 20:19:31,697	INFO	3	handlers.MasterHandler	CommunityBoardHandler: Loaded 27 handlers.
2026.09.19 20:19:31,697	INFO	3	handlers.MasterHandler	ItemHandler: Loaded 25 handlers.
2026.09.19 20:19:31,697	INFO	3	handlers.MasterHandler	PunishmentHandler: Loaded 3 handlers.
2026.09.19 20:19:31,697	INFO	3	handlers.MasterHandler	UserCommandHandler: Loaded 15 handlers.
2026.09.19 20:19:31,697	INFO	3	handlers.MasterHandler	VoicedCommandHandler: Loaded 17 handlers.
2026.09.19 20:19:31,697	INFO	3	handlers.MasterHandler	TargetHandler: Loaded 34 handlers.
2026.09.19 20:19:31,697	INFO	3	handlers.MasterHandler	Handlers Loaded...
2026.09.19 20:19:32,736	INFO	3	ai.areas.ImperialTomb.FourSepulchers.FourSepulchers	[Four Sepulchers] Loaded 762 spawn zones data.
2026.09.19 20:19:32,764	INFO	3	ai.others.ClassMaster.ClassMaster	ClassMaster: Loaded 3 class change options.
2026.09.19 20:19:32,768	INFO	3	org.l2jmobius.commons.util.IXmlReader	NpcBuffersData: Loaded 10 buffers data.
2026.09.19 20:19:32,777	CONFIG	3	conquerablehalls.BanditStronghold.BanditStronghold	Bandit StrongHold siege scheduled for Tue Sep 29 12:00:00 CEST 2026.
2026.09.19 20:19:32,778	CONFIG	3	conquerablehalls.DevastatedCastle.DevastatedCastle	Devastated Castle siege scheduled for Tue Sep 29 12:00:00 CEST 2026.
2026.09.19 20:19:32,779	CONFIG	3	conquerablehalls.FortressOfResistance.FortressOfResistance	Fortress of Resistance siege scheduled for Tue Sep 29 12:00:00 CEST 2026.
2026.09.19 20:19:32,782	CONFIG	3	conquerablehalls.FortressOfTheDead.FortressOfTheDead	Fortress of the Dead siege scheduled for Tue Sep 29 12:00:00 CEST 2026.
2026.09.19 20:19:32,783	CONFIG	3	conquerablehalls.RainbowSpringsChateau.RainbowSpringsChateau	Rainbow Springs siege scheduled for Tue Sep 29 12:00:00 CEST 2026.
2026.09.19 20:19:32,784	CONFIG	3	conquerablehalls.WildBeastReserve.WildBeastReserve	Beast Farm siege scheduled for Tue Sep 29 12:00:00 CEST 2026.
2026.09.19 20:19:32,792	INFO	3	org.l2jmobius.commons.util.IXmlReader	Event Capture The Flag scheduled at 19/09/2026 20:40:00
2026.09.19 20:19:32,794	INFO	3	org.l2jmobius.commons.util.IXmlReader	Event Deathmatch scheduled at 19/09/2026 21:00:00
2026.09.19 20:19:32,797	INFO	3	org.l2jmobius.commons.util.IXmlReader	Event Team Vs Team scheduled at 19/09/2026 20:20:00
2026.09.19 20:19:32,800	INFO	3	org.l2jmobius.gameserver.model.script.Quest	Event Christmas has passed... Ignored 
2026.09.19 20:19:32,800	INFO	3	org.l2jmobius.gameserver.model.script.Quest	Event Heavy Medal has passed... Ignored 
2026.09.19 20:19:32,801	INFO	3	org.l2jmobius.gameserver.model.script.Quest	Event L2 Day has passed... Ignored 
2026.09.19 20:19:32,867	INFO	3	org.l2jmobius.gameserver.data.xml.SpawnData	SpawnData: Initializing spawns...
2026.09.19 20:19:33,742	INFO	3	org.l2jmobius.gameserver.data.xml.SpawnData	SpawnData: 36026 spawns have been initialized!
2026.09.19 20:19:33,743	INFO	3	org.l2jmobius.gameserver.managers.DayNightSpawnManager	DayNightSpawnManager: Removed 0 day creatures
2026.09.19 20:19:33,749	INFO	3	org.l2jmobius.gameserver.managers.DayNightSpawnManager	DayNightSpawnManager: Spawned 684 night creatures
2026.09.19 20:19:33,751	INFO	3	org.l2jmobius.gameserver.managers.DimensionalRiftManager	DimensionalRiftManager: Loaded 7 room types with 56 rooms.
2026.09.19 20:19:33,753	INFO	3	org.l2jmobius.gameserver.managers.DimensionalRiftManager	DimensionalRiftManager: Loaded 462 dimensional rift spawns, 0 errors.
2026.09.19 20:19:33,763	INFO	3	org.l2jmobius.gameserver.managers.RaidBossSpawnManager	RaidBossSpawnManager: Loaded 189 Instances
2026.09.19 20:19:33,763	INFO	3	org.l2jmobius.gameserver.managers.RaidBossSpawnManager	RaidBossSpawnManager: Scheduled 0 Instances
2026.09.19 20:19:33,763	INFO	3	org.l2jmobius.gameserver.GameServer	---------------------------------------------------=[ Siege ]
2026.09.19 20:19:33,766	INFO	3	org.l2jmobius.gameserver.data.xml.SiegeScheduleData	SiegeScheduleData: Loaded 9 siege schedulers.
2026.09.19 20:19:33,766	INFO	3	org.l2jmobius.gameserver.model.siege.Siege	Siege of Gludio: Sun Sep 20 16:00:00 CEST 2026
2026.09.19 20:19:33,767	INFO	3	org.l2jmobius.gameserver.model.siege.Siege	Siege of Dion: Sun Sep 20 20:00:00 CEST 2026
2026.09.19 20:19:33,767	INFO	3	org.l2jmobius.gameserver.model.siege.Siege	Siege of Giran: Sun Sep 20 16:00:00 CEST 2026
2026.09.19 20:19:33,767	INFO	3	org.l2jmobius.gameserver.model.siege.Siege	Siege of Oren: Sun Sep 20 20:00:00 CEST 2026
2026.09.19 20:19:33,768	INFO	3	org.l2jmobius.gameserver.model.siege.Siege	Siege of Aden: Sun Sep 20 16:00:00 CEST 2026
2026.09.19 20:19:33,768	INFO	3	org.l2jmobius.gameserver.model.siege.Siege	Siege of Innadril: Sun Sep 20 20:00:00 CEST 2026
2026.09.19 20:19:33,769	INFO	3	org.l2jmobius.gameserver.model.siege.Siege	Siege of Goddard: Sun Sep 20 16:00:00 CEST 2026
2026.09.19 20:19:33,769	INFO	3	org.l2jmobius.gameserver.model.siege.Siege	Siege of Rune: Sun Sep 20 20:00:00 CEST 2026
2026.09.19 20:19:33,769	INFO	3	org.l2jmobius.gameserver.model.siege.Siege	Siege of Schuttgart: Sun Sep 20 16:00:00 CEST 2026
2026.09.19 20:19:33,776	INFO	3	org.l2jmobius.gameserver.managers.CastleManorManager	CastleManorManager: Loaded 258 seeds.
2026.09.19 20:19:33,778	INFO	3	org.l2jmobius.gameserver.managers.CastleManorManager	CastleManorManager: Manor data loaded.
2026.09.19 20:19:33,780	INFO	3	org.l2jmobius.gameserver.managers.MercTicketManager	MercTicketManager: Loaded 0 Mercenary Tickets
2026.09.19 20:19:33,780	INFO	3	org.l2jmobius.gameserver.managers.ScriptManager	ScriptManager: Loaded 342 quests.
2026.09.19 20:19:33,780	INFO	3	org.l2jmobius.gameserver.managers.ScriptManager	ScriptManager: Loaded 125 scripts.
2026.09.19 20:19:33,781	INFO	3	org.l2jmobius.gameserver.managers.games.MonsterRaceManager	MonsterRace: loaded 20 records, currently on race #21
2026.09.19 20:19:33,807	INFO	3	org.l2jmobius.gameserver.model.sevensigns.SevenSignsFestival	SevenSignsFestival: The first Festival of Darkness cycle begins in 2 minute(s).
2026.09.19 20:19:33,807	INFO	3	org.l2jmobius.gameserver.GameServer	AutoSpawnHandler: Loaded 124 handlers in total.
2026.09.19 20:19:33,808	INFO	3	org.l2jmobius.gameserver.managers.DailyResetManager	DailyResetManager: Next schedule at 20/09/2026 06:30:00.
2026.09.19 20:19:33,809	INFO	3	org.l2jmobius.gameserver.managers.PunishmentManager	PunishmentManager: Loaded 0 active and 0 expired punishments.
2026.09.19 20:19:33,810	INFO	3	org.l2jmobius.gameserver.GameServer	IdManager: Free ObjectID's remaining: 1879007116
2026.09.19 20:19:33,811	INFO	3	org.l2jmobius.gameserver.data.sql.OfflineTraderTable	OfflineTraderTable: Loading offline traders...
2026.09.19 20:19:33,811	INFO	3	org.l2jmobius.gameserver.data.sql.OfflineTraderTable	OfflineTraderTable: Loaded 0 offline traders.
2026.09.19 20:19:33,812	INFO	3	org.l2jmobius.gameserver.data.sql.OfflinePlayTable	OfflinePlayTable: Loading offline auto players...
2026.09.19 20:19:33,812	INFO	3	org.l2jmobius.gameserver.data.sql.OfflinePlayTable	OfflinePlayTable: Loaded 0 offline auto players.
2026.09.19 20:19:33,812	INFO	3	org.l2jmobius.gameserver.data.sql.OfflinePlayTable	OfflinePlayTable: Loaded 0 offline groups.
2026.09.19 20:19:33,818	INFO	175	org.l2jmobius.commons.util.DeadlockWatcher	DeadlockWatcher: Thread started.
2026.09.19 20:19:33,987	INFO	3	org.l2jmobius.gameserver.GameServer	GameServer: Started, using 1461 of 2048 MB total memory.
2026.09.19 20:19:33,988	INFO	3	org.l2jmobius.gameserver.GameServer	GameServer: Maximum number of connected players is 2000.
2026.09.19 20:19:33,988	INFO	3	org.l2jmobius.gameserver.GameServer	GameServer: Server loaded in 7 seconds.
2026.09.19 20:19:33,994	INFO	177	org.l2jmobius.gameserver.LoginServerThread	LoginServerThread: Connecting to login on 127.0.0.1:9014
2026.09.19 20:19:34,004	INFO	177	org.l2jmobius.gameserver.LoginServerThread	LoginServerThread: Registered on login as Server 2: Sieghardt
2026.09.19 20:19:45,792	WARNING	107	org.l2jmobius.gameserver.managers.FakePlayerBehaviorManager	FakePlayerBehaviorManager: Population 'Dion Village Runner' references unknown route 'Dion_village_run'.
2026.09.19 20:19:45,983	INFO	107	org.l2jmobius.gameserver.managers.FakePlayerBehaviorManager	===== 989 BOTS DEPLOYED =====
2026.09.19 20:20:05,002	INFO	73	org.l2jmobius.gameserver.model.script.Quest	Event Team Vs Team scheduled at 19/09/2026 21:20:00
2026.09.19 20:20:29,368	INFO	42	org.l2jmobius.gameserver.ui.SystemPanel	New maximum connected count of 2!
2026.09.19 20:20:30,745	INFO	91	org.l2jmobius.gameserver.managers.PhantomManager	PhantomManager: Activating population 'Antharas Lair' (1 phantoms).
2026.09.19 20:20:30,745	INFO	91	org.l2jmobius.gameserver.managers.PhantomManager	PhantomManager: Activating population 'Antharas Lair' (5 phantoms).
2026.09.19 20:20:30,832	INFO	88	org.l2jmobius.gameserver.managers.PhantomManager	PhantomManager: Spawned phantom 'Pyrvyn' (objId=268477468, level 66).
2026.09.19 20:20:30,833	INFO	69	org.l2jmobius.gameserver.managers.PhantomManager	PhantomManager: Stocked Cordorgar with combat reagents [3031] (x20000 each).
2026.09.19 20:20:30,845	INFO	69	org.l2jmobius.gameserver.managers.PhantomManager	PhantomManager: Spawned phantom 'Cordorgar' (objId=268477467, level 60).
2026.09.19 20:20:31,048	INFO	112	org.l2jmobius.gameserver.managers.PhantomManager	PhantomManager: Stocked Morurawyn with combat reagents [3031] (x20000 each).
2026.09.19 20:20:31,059	INFO	112	org.l2jmobius.gameserver.managers.PhantomManager	PhantomManager: Spawned phantom 'Morurawyn' (objId=268477509, level 65).
2026.09.19 20:20:31,286	INFO	95	org.l2jmobius.gameserver.managers.PhantomManager	PhantomManager: Stocked Eilus with combat reagents [1661] (x20000 each).
2026.09.19 20:20:31,294	INFO	95	org.l2jmobius.gameserver.managers.PhantomManager	PhantomManager: Spawned phantom 'Eilus' (objId=268477534, level 69).
2026.09.19 20:20:31,368	INFO	42	org.l2jmobius.gameserver.ui.SystemPanel	New maximum connected count of 6!
2026.09.19 20:20:31,536	INFO	111	org.l2jmobius.gameserver.managers.PhantomManager	PhantomManager: Spawned phantom 'Beleth' (objId=268477589, level 65).
2026.09.19 20:20:31,801	INFO	105	org.l2jmobius.gameserver.managers.PhantomManager	PhantomManager: Stocked Cadithmir with combat reagents [2508] (x20000 each).
2026.09.19 20:20:31,812	INFO	105	org.l2jmobius.gameserver.managers.PhantomManager	PhantomManager: Spawned phantom 'Cadithmir' (objId=268477605, level 72).
2026.09.19 20:20:32,368	INFO	42	org.l2jmobius.gameserver.ui.SystemPanel	New maximum connected count of 8!
2026.09.19 20:21:19,320	WARNING	225	org.l2jmobius.gameserver.network.PacketLogger	Character: Dafny is trying to set amount > 1 on non-stackable multisell, id:62501:800000
2026.09.19 20:21:53,282	WARNING	285	org.l2jmobius.gameserver.network.PacketLogger	Character: Dafny is trying to set amount > 1 on non-stackable multisell, id:62501:800000
2026.09.19 20:22:20,745	INFO	98	org.l2jmobius.gameserver.managers.PhantomManager	PhantomManager: Activating population 'Dragon Valley' (1 phantoms).
2026.09.19 20:22:20,745	INFO	98	org.l2jmobius.gameserver.managers.PhantomManager	PhantomManager: Activating population 'Dragon Valley' (1 phantoms).
2026.09.19 20:22:20,834	INFO	95	org.l2jmobius.gameserver.managers.PhantomManager	PhantomManager: Stocked Lyrdorus with combat reagents [3031, 2508] (x20000 each).
2026.09.19 20:22:20,835	INFO	73	org.l2jmobius.gameserver.managers.PhantomManager	PhantomManager: Stocked Zephaan with combat reagents [2508] (x20000 each).
2026.09.19 20:22:20,853	INFO	95	org.l2jmobius.gameserver.managers.PhantomManager	PhantomManager: Spawned phantom 'Lyrdorus' (objId=268477634, level 60).
2026.09.19 20:22:20,854	INFO	73	org.l2jmobius.gameserver.managers.PhantomManager	PhantomManager: Spawned phantom 'Zephaan' (objId=268477633, level 54).
2026.09.19 20:22:21,368	INFO	42	org.l2jmobius.gameserver.ui.SystemPanel	New maximum connected count of 10!
2026.09.19 20:22:40,812	INFO	118	org.l2jmobius.gameserver.managers.PhantomManager	PhantomManager: Deactivated population 'Antharas Lair' (despawned 5).
2026.09.19 20:22:50,758	INFO	120	org.l2jmobius.gameserver.managers.PhantomManager	PhantomManager: Deactivated population 'Antharas Lair' (despawned 1).
2026.09.19 20:24:20,745	INFO	111	org.l2jmobius.gameserver.managers.PhantomManager	PhantomManager: Activating population 'Antharas Lair' (1 phantoms).
2026.09.19 20:24:20,782	INFO	125	org.l2jmobius.gameserver.managers.PhantomManager	PhantomManager: Stocked Orinenrok with combat reagents [1661] (x20000 each).
2026.09.19 20:24:20,796	INFO	125	org.l2jmobius.gameserver.managers.PhantomManager	PhantomManager: Spawned phantom 'Orinenrok' (objId=268477734, level 62).
2026.09.19 20:24:30,745	INFO	119	org.l2jmobius.gameserver.managers.PhantomManager	PhantomManager: Activating population 'Antharas Lair' (5 phantoms).
2026.09.19 20:24:30,782	INFO	108	org.l2jmobius.gameserver.managers.PhantomManager	PhantomManager: Stocked Morithlin with combat reagents [5589] (x20000 each).
2026.09.19 20:24:30,792	INFO	108	org.l2jmobius.gameserver.managers.PhantomManager	PhantomManager: Spawned phantom 'Morithlin' (objId=268477752, level 75).
2026.09.19 20:24:31,040	INFO	82	org.l2jmobius.gameserver.managers.PhantomManager	PhantomManager: Stocked Cadozar with combat reagents [3031, 2508] (x20000 each).
2026.09.19 20:24:31,049	INFO	82	org.l2jmobius.gameserver.managers.PhantomManager	PhantomManager: Spawned phantom 'Cadozar' (objId=268477768, level 64).
2026.09.19 20:24:31,274	INFO	93	org.l2jmobius.gameserver.managers.PhantomManager	PhantomManager: Stocked Rhaimir with combat reagents [1785] (x20000 each).
2026.09.19 20:24:31,283	INFO	93	org.l2jmobius.gameserver.managers.PhantomManager	PhantomManager: Spawned phantom 'Rhaimir' (objId=268477785, level 74).
2026.09.19 20:24:31,526	INFO	65	org.l2jmobius.gameserver.managers.PhantomManager	PhantomManager: Stocked Zephras with combat reagents [5589] (x20000 each).
2026.09.19 20:24:31,534	INFO	65	org.l2jmobius.gameserver.managers.PhantomManager	PhantomManager: Spawned phantom 'Zephras' (objId=268477801, level 64).
2026.09.19 20:24:31,782	INFO	83	org.l2jmobius.gameserver.managers.PhantomManager	PhantomManager: Stocked Oriniyr with combat reagents [1661] (x20000 each).
2026.09.19 20:24:31,791	INFO	83	org.l2jmobius.gameserver.managers.PhantomManager	PhantomManager: Spawned phantom 'Oriniyr' (objId=268477816, level 75).
2026.09.19 20:24:38,517	WARNING	302	org.l2jmobius.gameserver.network.PacketLogger	Character: Dafny is trying to set amount > 1 on non-stackable multisell, id:62501:800000
2026.09.19 20:24:50,757	INFO	111	org.l2jmobius.gameserver.managers.PhantomManager	PhantomManager: Deactivated population 'Dragon Valley' (despawned 1).
2026.09.19 20:24:50,769	INFO	111	org.l2jmobius.gameserver.managers.PhantomManager	PhantomManager: Deactivated population 'Dragon Valley' (despawned 1).
2026.09.19 20:26:10,822	INFO	91	org.l2jmobius.gameserver.managers.PhantomManager	PhantomManager: Deactivated population 'Antharas Lair' (despawned 5).
2026.09.19 20:26:30,745	INFO	63	org.l2jmobius.gameserver.managers.PhantomManager	PhantomManager: Activating population 'Antharas Lair' (5 phantoms).
2026.09.19 20:26:30,793	INFO	85	org.l2jmobius.gameserver.managers.PhantomManager	PhantomManager: Spawned phantom 'Zephieltha' (objId=268477839, level 72).
2026.09.19 20:26:31,038	INFO	97	org.l2jmobius.gameserver.managers.PhantomManager	PhantomManager: Spawned phantom 'Draaeth' (objId=268477855, level 72).
2026.09.19 20:26:31,280	INFO	70	org.l2jmobius.gameserver.managers.PhantomManager	PhantomManager: Spawned phantom 'Ashadoth' (objId=268477869, level 70).
2026.09.19 20:26:31,535	INFO	83	org.l2jmobius.gameserver.managers.PhantomManager	PhantomManager: Stocked Dûnaelis with combat reagents [1661] (x20000 each).
2026.09.19 20:26:31,545	INFO	83	org.l2jmobius.gameserver.managers.PhantomManager	PhantomManager: Spawned phantom 'Dûnaelis' (objId=268477883, level 71).
2026.09.19 20:26:31,782	INFO	62	org.l2jmobius.gameserver.managers.PhantomManager	PhantomManager: Stocked Lyrzar with combat reagents [5589] (x20000 each).
2026.09.19 20:26:31,791	INFO	62	org.l2jmobius.gameserver.managers.PhantomManager	PhantomManager: Spawned phantom 'Lyrzar' (objId=268477901, level 73).
2026.09.19 20:28:15,815	INFO	68	org.l2jmobius.gameserver.managers.PhantomManager	PhantomManager: Deactivated population 'Antharas Lair' (despawned 5).
2026.09.19 20:28:35,745	INFO	71	org.l2jmobius.gameserver.managers.PhantomManager	PhantomManager: Activating population 'Antharas Lair' (5 phantoms).
2026.09.19 20:28:35,786	INFO	125	org.l2jmobius.gameserver.managers.PhantomManager	PhantomManager: Stocked Lyrel with combat reagents [1661] (x20000 each).
2026.09.19 20:28:35,795	INFO	125	org.l2jmobius.gameserver.managers.PhantomManager	PhantomManager: Spawned phantom 'Lyrel' (objId=268477918, level 70).
2026.09.19 20:28:36,049	INFO	123	org.l2jmobius.gameserver.managers.PhantomManager	PhantomManager: Stocked Torrimlin with combat reagents [3031, 2508] (x20000 each).
2026.09.19 20:28:36,060	INFO	123	org.l2jmobius.gameserver.managers.PhantomManager	PhantomManager: Spawned phantom 'Torrimlin' (objId=268477938, level 63).
2026.09.19 20:28:36,287	INFO	69	org.l2jmobius.gameserver.managers.PhantomManager	PhantomManager: Spawned phantom 'Ashdil' (objId=268477960, level 73).
2026.09.19 20:28:36,542	INFO	103	org.l2jmobius.gameserver.managers.PhantomManager	PhantomManager: Spawned phantom 'Sylvenwen' (objId=268477975, level 71).
2026.09.19 20:28:36,798	INFO	94	org.l2jmobius.gameserver.managers.PhantomManager	PhantomManager: Stocked Beladil with combat reagents [3031, 2508] (x20000 each).
2026.09.19 20:28:36,807	INFO	94	org.l2jmobius.gameserver.managers.PhantomManager	PhantomManager: Spawned phantom 'Beladil' (objId=268477990, level 65).
2026.09.19 20:30:20,822	INFO	88	org.l2jmobius.gameserver.managers.PhantomManager	PhantomManager: Deactivated population 'Antharas Lair' (despawned 5).
2026.09.19 20:30:55,745	INFO	64	org.l2jmobius.gameserver.managers.PhantomManager	PhantomManager: Activating population 'Swamp Of Screams' (5 phantoms).
2026.09.19 20:30:55,774	INFO	92	org.l2jmobius.gameserver.managers.PhantomManager	PhantomManager: Stocked Goris with combat reagents [1785] (x20000 each).
2026.09.19 20:30:55,786	INFO	92	org.l2jmobius.gameserver.managers.PhantomManager	PhantomManager: Spawned phantom 'Goris' (objId=268478009, level 70).
2026.09.19 20:30:56,026	INFO	84	org.l2jmobius.gameserver.managers.PhantomManager	PhantomManager: Stocked Orinzar with combat reagents [5589] (x20000 each).
2026.09.19 20:30:56,035	INFO	84	org.l2jmobius.gameserver.managers.PhantomManager	PhantomManager: Spawned phantom 'Orinzar' (objId=268478033, level 72).
2026.09.19 20:30:56,280	INFO	107	org.l2jmobius.gameserver.managers.PhantomManager	PhantomManager: Stocked Rharimras with combat reagents [1661] (x20000 each).
2026.09.19 20:30:56,288	INFO	107	org.l2jmobius.gameserver.managers.PhantomManager	PhantomManager: Spawned phantom 'Rharimras' (objId=268478049, level 70).
2026.09.19 20:30:56,543	INFO	88	org.l2jmobius.gameserver.managers.PhantomManager	PhantomManager: Stocked Ashithor with combat reagents [3031] (x20000 each).
2026.09.19 20:30:56,552	INFO	88	org.l2jmobius.gameserver.managers.PhantomManager	PhantomManager: Spawned phantom 'Ashithor' (objId=268478066, level 73).
2026.09.19 20:30:56,793	INFO	91	org.l2jmobius.gameserver.managers.PhantomManager	PhantomManager: Stocked Nyxotha with combat reagents [2508] (x20000 each).
2026.09.19 20:30:56,802	INFO	91	org.l2jmobius.gameserver.managers.PhantomManager	PhantomManager: Spawned phantom 'Nyxotha' (objId=268478083, level 68).
2026.09.19 20:31:55,805	INFO	71	org.l2jmobius.gameserver.managers.PhantomManager	PhantomManager: Spawned phantom 'Dûnarras' (objId=268478104, level 69).
2026.09.19 20:32:20,745	INFO	92	org.l2jmobius.gameserver.managers.PhantomManager	PhantomManager: Activating population 'Dragon Valley' (1 phantoms).
2026.09.19 20:32:20,745	INFO	92	org.l2jmobius.gameserver.managers.PhantomManager	PhantomManager: Activating population 'Dragon Valley' (1 phantoms).
2026.09.19 20:32:20,804	INFO	97	org.l2jmobius.gameserver.managers.PhantomManager	PhantomManager: Spawned phantom 'Jorwyn' (objId=268478122, level 50).
2026.09.19 20:32:20,812	INFO	105	org.l2jmobius.gameserver.managers.PhantomManager	PhantomManager: Stocked Moryneth with combat reagents [1661] (x20000 each).
2026.09.19 20:32:20,821	INFO	105	org.l2jmobius.gameserver.managers.PhantomManager	PhantomManager: Spawned phantom 'Moryneth' (objId=268478123, level 55).
2026.09.19 20:32:30,822	INFO	73	org.l2jmobius.gameserver.managers.PhantomManager	PhantomManager: Deactivated population 'Swamp Of Screams' (despawned 5).
2026.09.19 20:32:50,745	INFO	82	org.l2jmobius.gameserver.managers.PhantomManager	PhantomManager: Activating population 'Antharas Lair' (5 phantoms).
2026.09.19 20:32:50,793	INFO	102	org.l2jmobius.gameserver.managers.PhantomManager	PhantomManager: Spawned phantom 'Asholin' (objId=268478162, level 65).
2026.09.19 20:32:51,056	INFO	122	org.l2jmobius.gameserver.managers.PhantomManager	PhantomManager: Stocked Lyrdorwyn with combat reagents [3031] (x20000 each).
2026.09.19 20:32:51,067	INFO	122	org.l2jmobius.gameserver.managers.PhantomManager	PhantomManager: Spawned phantom 'Lyrdorwyn' (objId=268478176, level 75).
2026.09.19 20:32:51,297	INFO	85	org.l2jmobius.gameserver.managers.PhantomManager	PhantomManager: Spawned phantom 'Zephaeldil' (objId=268478192, level 67).
2026.09.19 20:32:51,544	INFO	86	org.l2jmobius.gameserver.managers.PhantomManager	PhantomManager: Spawned phantom 'Fengar' (objId=268478207, level 64).
2026.09.19 20:32:51,791	INFO	112	org.l2jmobius.gameserver.managers.PhantomManager	PhantomManager: Stocked Beluraus with combat reagents [1661] (x20000 each).
2026.09.19 20:32:51,800	INFO	112	org.l2jmobius.gameserver.managers.PhantomManager	PhantomManager: Spawned phantom 'Beluraus' (objId=268478222, level 72).
2026.09.19 20:33:05,757	INFO	120	org.l2jmobius.gameserver.managers.PhantomManager	PhantomManager: Deactivated population 'Dragon Valley' (despawned 1).
2026.09.19 20:33:05,769	INFO	120	org.l2jmobius.gameserver.managers.PhantomManager	PhantomManager: Deactivated population 'Dragon Valley' (despawned 1).
2026.09.19 20:34:05,808	INFO	95	org.l2jmobius.gameserver.managers.PhantomManager	PhantomManager: Deactivated population 'Antharas Lair' (despawned 5).
2026.09.19 20:34:10,745	INFO	78	org.l2jmobius.gameserver.managers.PhantomManager	PhantomManager: Activating population 'Antharas Lair' (5 phantoms).
2026.09.19 20:34:10,795	INFO	112	org.l2jmobius.gameserver.managers.PhantomManager	PhantomManager: Stocked Moraelis with combat reagents [3031, 2508] (x20000 each).
2026.09.19 20:34:10,804	INFO	112	org.l2jmobius.gameserver.managers.PhantomManager	PhantomManager: Spawned phantom 'Moraelis' (objId=268478250, level 66).
2026.09.19 20:34:11,044	INFO	70	org.l2jmobius.gameserver.managers.PhantomManager	PhantomManager: Stocked Vaevendil with combat reagents [3031, 2508] (x20000 each).
2026.09.19 20:34:11,054	INFO	70	org.l2jmobius.gameserver.managers.PhantomManager	PhantomManager: Spawned phantom 'Vaevendil' (objId=268478267, level 64).
2026.09.19 20:34:11,287	INFO	107	org.l2jmobius.gameserver.managers.PhantomManager	PhantomManager: Stocked Draus with combat reagents [1661] (x20000 each).
2026.09.19 20:34:11,295	INFO	107	org.l2jmobius.gameserver.managers.PhantomManager	PhantomManager: Spawned phantom 'Draus' (objId=268478286, level 70).
2026.09.19 20:34:11,530	INFO	104	org.l2jmobius.gameserver.managers.PhantomManager	PhantomManager: Stocked Draezar with combat reagents [1661] (x20000 each).
2026.09.19 20:34:11,539	INFO	104	org.l2jmobius.gameserver.managers.PhantomManager	PhantomManager: Spawned phantom 'Draezar' (objId=268478301, level 70).
2026.09.19 20:34:11,781	INFO	121	org.l2jmobius.gameserver.managers.PhantomManager	PhantomManager: Spawned phantom 'Orintha' (objId=268478320, level 65).
2026.09.19 20:34:25,745	INFO	86	org.l2jmobius.gameserver.managers.PhantomManager	PhantomManager: Activating population 'Dragon Valley' (1 phantoms).
2026.09.19 20:34:25,745	INFO	86	org.l2jmobius.gameserver.managers.PhantomManager	PhantomManager: Activating population 'Dragon Valley' (1 phantoms).
2026.09.19 20:34:25,801	INFO	65	org.l2jmobius.gameserver.managers.PhantomManager	PhantomManager: Spawned phantom 'Toraelnor' (objId=268478337, level 57).
2026.09.19 20:34:25,806	INFO	72	org.l2jmobius.gameserver.managers.PhantomManager	PhantomManager: Stocked Dragar with combat reagents [1661] (x20000 each).
2026.09.19 20:34:25,814	INFO	72	org.l2jmobius.gameserver.managers.PhantomManager	PhantomManager: Spawned phantom 'Dragar' (objId=268478336, level 58).
2026.09.19 20:35:05,757	INFO	109	org.l2jmobius.gameserver.managers.PhantomManager	PhantomManager: Deactivated population 'Dragon Valley' (despawned 1).
2026.09.19 20:35:05,768	INFO	109	org.l2jmobius.gameserver.managers.PhantomManager	PhantomManager: Deactivated population 'Dragon Valley' (despawned 1).
2026.09.19 20:36:45,761	INFO	121	org.l2jmobius.gameserver.managers.PhantomManager	PhantomManager: Deactivated population 'Antharas Lair' (despawned 1).
2026.09.19 20:37:20,745	INFO	71	org.l2jmobius.gameserver.managers.PhantomManager	PhantomManager: Activating population 'Antharas Lair' (1 phantoms).
2026.09.19 20:37:20,791	INFO	74	org.l2jmobius.gameserver.managers.PhantomManager	PhantomManager: Stocked Belozar with combat reagents [2508] (x20000 each).
2026.09.19 20:37:20,800	INFO	74	org.l2jmobius.gameserver.managers.PhantomManager	PhantomManager: Spawned phantom 'Belozar' (objId=268478383, level 60).
2026.09.19 20:38:35,760	INFO	63	org.l2jmobius.gameserver.managers.PhantomManager	PhantomManager: Deactivated population 'Antharas Lair' (despawned 1).
2026.09.19 20:40:05,001	INFO	83	org.l2jmobius.gameserver.model.script.Quest	Event Capture The Flag scheduled at 19/09/2026 21:40:00
2026.09.19 20:43:51,705	INFO	69	org.l2jmobius.gameserver.managers.PhantomManager	PhantomManager: Stocked Ulieltha with combat reagents [3031] (x20000 each).
2026.09.19 20:43:51,714	INFO	69	org.l2jmobius.gameserver.managers.PhantomManager	PhantomManager: Spawned BUFFER party member 'Ulieltha' (objId=268478456, level 56).
2026.09.19 20:44:05,637	INFO	78	org.l2jmobius.gameserver.managers.PhantomManager	PhantomManager: Stocked Wynvenwen with buff reagents [3031] (x20000 each).
2026.09.19 20:44:05,638	INFO	78	org.l2jmobius.gameserver.managers.PhantomManager	PhantomManager: Stocked Wynvenwen with combat reagents [3031] (x20000 each).
2026.09.19 20:44:05,646	INFO	78	org.l2jmobius.gameserver.managers.PhantomManager	PhantomManager: Spawned HEALER party member 'Wynvenwen' (objId=268478474, level 57).
2026.09.19 20:44:24,605	INFO	100	org.l2jmobius.gameserver.managers.PhantomManager	PhantomManager: Spawned TANK party member 'Belethzar' (objId=268478490, level 53).
2026.09.19 20:44:38,892	INFO	88	org.l2jmobius.gameserver.managers.PhantomManager	PhantomManager: Stocked Gorel with combat reagents [1661] (x20000 each).
2026.09.19 20:44:38,901	INFO	88	org.l2jmobius.gameserver.managers.PhantomManager	PhantomManager: Spawned ARCHER party member 'Gorel' (objId=268478505, level 58).
2026.09.19 20:44:39,369	INFO	42	org.l2jmobius.gameserver.ui.SystemPanel	New maximum connected count of 11!
2026.09.19 20:44:54,261	INFO	87	org.l2jmobius.gameserver.managers.PhantomManager	PhantomManager: Stocked Xanvyn with combat reagents [1661] (x20000 each).
2026.09.19 20:44:54,269	INFO	87	org.l2jmobius.gameserver.managers.PhantomManager	PhantomManager: Spawned DAGGER party member 'Xanvyn' (objId=268478521, level 57).
2026.09.19 20:44:54,368	INFO	42	org.l2jmobius.gameserver.ui.SystemPanel	New maximum connected count of 12!
2026.09.19 20:45:20,016	INFO	117	org.l2jmobius.gameserver.managers.PhantomManager	PhantomManager: Spawned NUKER party member 'Haltha' (objId=268478536, level 53).
2026.09.19 20:45:20,368	INFO	42	org.l2jmobius.gameserver.ui.SystemPanel	New maximum connected count of 13!
2026.09.19 20:45:39,561	INFO	112	org.l2jmobius.gameserver.managers.PhantomManager	PhantomManager: Stocked Belyr with combat reagents [1785] (x20000 each).
2026.09.19 20:45:39,571	INFO	112	org.l2jmobius.gameserver.managers.PhantomManager	PhantomManager: Spawned TANK party member 'Belyr' (objId=268478586, level 55).
2026.09.19 20:45:40,368	INFO	42	org.l2jmobius.gameserver.ui.SystemPanel	New maximum connected count of 14!
2026.09.19 20:46:27,316	WARNING	83	org.l2jmobius.gameserver.model.actor.Creature	RaidBoss: callSkill() failed.
2026.09.19 20:47:05,251	INFO	64	org.l2jmobius.gameserver.managers.PhantomManager	PhantomManager: Spawned BUFFER party member 'Cadynor' (objId=268478608, level 54).
2026.09.19 20:47:51,599	INFO	96	org.l2jmobius.gameserver.managers.PhantomManager	PhantomManager: Spawned BUFFER party member 'Cadengar' (objId=268478623, level 54).
2026.09.19 20:47:52,368	INFO	42	org.l2jmobius.gameserver.ui.SystemPanel	New maximum connected count of 15!
2026.09.19 20:48:25,745	INFO	121	org.l2jmobius.gameserver.managers.PhantomManager	PhantomManager: Activating population 'Dragon Valley' (1 phantoms).
2026.09.19 20:48:25,745	INFO	121	org.l2jmobius.gameserver.managers.PhantomManager	PhantomManager: Activating population 'Dragon Valley' (1 phantoms).
2026.09.19 20:48:25,806	INFO	95	org.l2jmobius.gameserver.managers.PhantomManager	PhantomManager: Spawned phantom 'Eilargar' (objId=268478639, level 49).
2026.09.19 20:48:25,825	INFO	77	org.l2jmobius.gameserver.managers.PhantomManager	PhantomManager: Stocked Sylrimwyn with combat reagents [2508] (x20000 each).
2026.09.19 20:48:25,834	INFO	77	org.l2jmobius.gameserver.managers.PhantomManager	PhantomManager: Spawned phantom 'Sylrimwyn' (objId=268478638, level 60).
2026.09.19 20:48:26,368	INFO	42	org.l2jmobius.gameserver.ui.SystemPanel	New maximum connected count of 17!
2026.09.19 20:48:35,745	INFO	84	org.l2jmobius.gameserver.managers.PhantomManager	PhantomManager: Activating population 'Antharas Lair' (1 phantoms).
2026.09.19 20:48:35,783	INFO	83	org.l2jmobius.gameserver.managers.PhantomManager	PhantomManager: Stocked Belarwyn with combat reagents [1661] (x20000 each).
2026.09.19 20:48:35,792	INFO	83	org.l2jmobius.gameserver.managers.PhantomManager	PhantomManager: Spawned phantom 'Belarwyn' (objId=268478673, level 62).
2026.09.19 20:48:36,368	INFO	42	org.l2jmobius.gameserver.ui.SystemPanel	New maximum connected count of 18!
2026.09.19 20:49:05,760	INFO	121	org.l2jmobius.gameserver.managers.PhantomManager	PhantomManager: Deactivated population 'Dragon Valley' (despawned 1).
2026.09.19 20:49:05,777	INFO	121	org.l2jmobius.gameserver.managers.PhantomManager	PhantomManager: Deactivated population 'Dragon Valley' (despawned 1).
2026.09.19 20:49:33,813	INFO	112	org.l2jmobius.gameserver.managers.GlobalVariablesManager	GlobalVariablesManager: Stored 4 variables.
2026.09.19 20:49:33,814	INFO	112	org.l2jmobius.gameserver.managers.DailyResetManager	Olympiad System: Data updated.
2026.09.19 20:49:33,816	INFO	112	org.l2jmobius.gameserver.managers.DailyResetManager	SevenSigns: Data updated.
2026.09.19 20:50:10,745	INFO	101	org.l2jmobius.gameserver.managers.PhantomManager	PhantomManager: Activating population 'Dragon Valley' (1 phantoms).
2026.09.19 20:50:10,745	INFO	101	org.l2jmobius.gameserver.managers.PhantomManager	PhantomManager: Activating population 'Dragon Valley' (1 phantoms).
2026.09.19 20:50:10,791	INFO	83	org.l2jmobius.gameserver.managers.PhantomManager	PhantomManager: Spawned phantom 'Lyrielus' (objId=268478698, level 49).
2026.09.19 20:50:10,807	INFO	69	org.l2jmobius.gameserver.managers.PhantomManager	PhantomManager: Stocked Orinethyr with combat reagents [3031] (x20000 each).
2026.09.19 20:50:10,814	INFO	69	org.l2jmobius.gameserver.managers.PhantomManager	PhantomManager: Spawned phantom 'Orinethyr' (objId=268478699, level 58).
2026.09.19 20:50:50,759	INFO	85	org.l2jmobius.gameserver.managers.PhantomManager	PhantomManager: Deactivated population 'Dragon Valley' (despawned 1).
2026.09.19 20:50:50,773	INFO	85	org.l2jmobius.gameserver.managers.PhantomManager	PhantomManager: Deactivated population 'Dragon Valley' (despawned 1).
2026.09.19 20:53:15,745	INFO	93	org.l2jmobius.gameserver.managers.PhantomManager	PhantomManager: Activating population 'Dragon Valley' (1 phantoms).
2026.09.19 20:53:15,745	INFO	93	org.l2jmobius.gameserver.managers.PhantomManager	PhantomManager: Activating population 'Dragon Valley' (1 phantoms).
2026.09.19 20:53:15,795	INFO	67	org.l2jmobius.gameserver.managers.PhantomManager	PhantomManager: Spawned phantom 'Yorvenmir' (objId=268478742, level 53).
2026.09.19 20:53:15,798	INFO	89	org.l2jmobius.gameserver.managers.PhantomManager	PhantomManager: Stocked Belilyr with combat reagents [1661] (x20000 each).
2026.09.19 20:53:15,806	INFO	89	org.l2jmobius.gameserver.managers.PhantomManager	PhantomManager: Spawned phantom 'Belilyr' (objId=268478743, level 53).
2026.09.19 20:53:50,757	INFO	119	org.l2jmobius.gameserver.managers.PhantomManager	PhantomManager: Deactivated population 'Dragon Valley' (despawned 1).
2026.09.19 20:53:50,769	INFO	119	org.l2jmobius.gameserver.managers.PhantomManager	PhantomManager: Deactivated population 'Dragon Valley' (despawned 1).
2026.09.19 20:54:55,763	INFO	88	org.l2jmobius.gameserver.managers.PhantomManager	PhantomManager: Deactivated population 'Antharas Lair' (despawned 1).
2026.09.19 21:00:00,028	INFO	136	org.l2jmobius.gameserver.managers.DayNightSpawnManager	DayNightSpawnManager: Removed 684 night creatures
2026.09.19 21:00:00,031	INFO	136	org.l2jmobius.gameserver.managers.DayNightSpawnManager	DayNightSpawnManager: Spawned 232 day creatures
2026.09.19 21:00:05,001	INFO	79	org.l2jmobius.gameserver.model.script.Quest	Event Deathmatch scheduled at 19/09/2026 22:00:00
2026.09.19 21:00:09,034	WARNING	81	org.l2jmobius.gameserver.model.actor.Creature	Monster: callSkill() failed.
2026.09.19 21:00:40,808	INFO	114	org.l2jmobius.gameserver.managers.PhantomManager	PhantomManager: Deactivated population 'Antharas Lair' (despawned 5).
2026.09.19 21:01:45,745	INFO	82	org.l2jmobius.gameserver.managers.PhantomManager	PhantomManager: Activating population 'Dragon Valley' (1 phantoms).
2026.09.19 21:01:45,745	INFO	82	org.l2jmobius.gameserver.managers.PhantomManager	PhantomManager: Activating population 'Dragon Valley' (1 phantoms).
2026.09.19 21:01:45,795	INFO	116	org.l2jmobius.gameserver.managers.PhantomManager	PhantomManager: Stocked Halithor with combat reagents [1661] (x20000 each).
2026.09.19 21:01:45,800	INFO	113	org.l2jmobius.gameserver.managers.PhantomManager	PhantomManager: Stocked Drais with combat reagents [1661] (x20000 each).
2026.09.19 21:01:45,805	INFO	116	org.l2jmobius.gameserver.managers.PhantomManager	PhantomManager: Spawned phantom 'Halithor' (objId=268479087, level 54).
2026.09.19 21:01:45,809	INFO	113	org.l2jmobius.gameserver.managers.PhantomManager	PhantomManager: Spawned phantom 'Drais' (objId=268479086, level 53).
2026.09.19 21:04:45,815	INFO	119	org.l2jmobius.gameserver.managers.PhantomManager	PhantomManager: Spawned phantom 'Xanaelmir' (objId=268479160, level 56).
2026.09.19 21:06:40,745	INFO	99	org.l2jmobius.gameserver.managers.PhantomManager	PhantomManager: Activating population 'Garden Of Beasts' (3 phantoms).
2026.09.19 21:06:40,798	INFO	124	org.l2jmobius.gameserver.managers.PhantomManager	PhantomManager: Stocked Dûnrok with combat reagents [3031] (x20000 each).
2026.09.19 21:06:40,808	INFO	124	org.l2jmobius.gameserver.managers.PhantomManager	PhantomManager: Spawned phantom 'Dûnrok' (objId=268479184, level 71).
2026.09.19 21:06:41,035	INFO	100	org.l2jmobius.gameserver.managers.PhantomManager	PhantomManager: Stocked Jorethan with combat reagents [1661] (x20000 each).
2026.09.19 21:06:41,043	INFO	100	org.l2jmobius.gameserver.managers.PhantomManager	PhantomManager: Spawned phantom 'Jorethan' (objId=268479201, level 70).
2026.09.19 21:06:41,289	INFO	118	org.l2jmobius.gameserver.managers.PhantomManager	PhantomManager: Spawned phantom 'Halilor' (objId=268479216, level 70).
2026.09.19 21:06:44,821	WARNING	39	org.l2jmobius.gameserver.Shutdown	Server scheduled restart issued shutdown command. Shutdown in 1 seconds!
2026.09.19 21:06:45,822	WARNING	444	org.l2jmobius.gameserver.Shutdown	GM shutdown countdown is over. shutting down NOW!
2026.09.19 21:06:45,822	INFO	444	org.l2jmobius.gameserver.Shutdown	Offline Play Table: Offline play groups stored(0ms).
2026.09.19 21:06:45,948	INFO	444	org.l2jmobius.gameserver.Shutdown	All players disconnected and saved(126ms).
2026.09.19 21:06:45,948	INFO	444	org.l2jmobius.gameserver.Shutdown	Game Time Task Manager: Thread interruped(0ms).
2026.09.19 21:06:45,948	INFO	444	org.l2jmobius.commons.threads.ThreadPool	ThreadPool: Shutting down all thread pools.
2026.09.19 21:06:45,951	INFO	444	org.l2jmobius.gameserver.Shutdown	Thread Pool Manager: Manager has been shut down(3ms).
2026.09.19 21:06:45,951	INFO	444	org.l2jmobius.gameserver.Shutdown	Login Server Thread: Thread interruped(0ms).
2026.09.19 21:06:45,951	INFO	444	org.l2jmobius.gameserver.Shutdown	GM shutdown received. Shutting down NOW!
2026.09.19 21:06:45,952	INFO	444	org.l2jmobius.gameserver.Shutdown	SevenSignsFestival: Festival data saved(1ms).
2026.09.19 21:06:45,952	INFO	444	org.l2jmobius.gameserver.Shutdown	SevenSigns: Seven Signs data saved(0ms).
2026.09.19 21:06:45,953	INFO	444	org.l2jmobius.gameserver.Shutdown	SevenSigns: Seven Signs status saved(1ms).
2026.09.19 21:06:45,962	INFO	444	org.l2jmobius.gameserver.Shutdown	RaidBossSpawnManager: All raidboss info saved(9ms).
2026.09.19 21:06:45,963	INFO	444	org.l2jmobius.gameserver.Shutdown	GrandBossManager: All Grand Boss info saved(1ms).
2026.09.19 21:06:45,964	INFO	444	org.l2jmobius.gameserver.Shutdown	Olympiad System: Data saved(0ms).
2026.09.19 21:06:45,964	INFO	444	org.l2jmobius.gameserver.Shutdown	Hero System: Data saved(1ms).
2026.09.19 21:06:45,965	INFO	444	org.l2jmobius.gameserver.Shutdown	Clan System: Data saved(1ms).
2026.09.19 21:06:45,965	INFO	444	org.l2jmobius.gameserver.Shutdown	Cursed Weapons Manager: Data saved(0ms).
2026.09.19 21:06:45,966	INFO	444	org.l2jmobius.gameserver.Shutdown	Castle Manor Manager: Data saved(1ms).
2026.09.19 21:06:45,966	CONFIG	444	conquerablehalls.FortressOfTheDead.FortressOfTheDead	FortressOfTheDead: Successfully saved attackers to database.
2026.09.19 21:06:45,966	CONFIG	444	conquerablehalls.DevastatedCastle.DevastatedCastle	DevastatedCastle: Successfully saved attackers to database.
2026.09.19 21:06:45,966	CONFIG	444	conquerablehalls.BanditStronghold.BanditStronghold	BanditStronghold: Successfully saved attackers to database.
2026.09.19 21:06:45,966	CONFIG	444	conquerablehalls.FortressOfResistance.FortressOfResistance	FortressOfResistance: Successfully saved attackers to database.
2026.09.19 21:06:45,966	CONFIG	444	conquerablehalls.RainbowSpringsChateau.RainbowSpringsChateau	RainbowSpringsChateau: Successfully saved attackers to database.
2026.09.19 21:06:45,966	CONFIG	444	conquerablehalls.WildBeastReserve.WildBeastReserve	WildBeastReserve: Successfully saved attackers to database.
2026.09.19 21:06:45,966	INFO	444	org.l2jmobius.gameserver.Shutdown	CHSiegeManager: Siegable hall attacker lists saved!
2026.09.19 21:06:45,966	INFO	444	org.l2jmobius.gameserver.Shutdown	Script Manager: Data saved(0ms).
2026.09.19 21:06:45,970	INFO	444	org.l2jmobius.gameserver.managers.GlobalVariablesManager	GlobalVariablesManager: Stored 4 variables.
2026.09.19 21:06:45,971	INFO	444	org.l2jmobius.gameserver.Shutdown	Global Variables Manager: Variables saved(5ms).
2026.09.19 21:06:45,971	INFO	444	org.l2jmobius.gameserver.Shutdown	Fishing Championship Manager: Data saved(0ms).
2026.09.19 21:06:45,974	INFO	444	org.l2jmobius.gameserver.Shutdown	SchemeBufferTable: Data saved(3ms).
2026.09.19 21:06:50,976	INFO	444	org.l2jmobius.commons.database.DatabaseFactory	Database: HikariCP pool closed successfully.
2026.09.19 21:06:50,976	INFO	444	org.l2jmobius.gameserver.Shutdown	Database Factory: Database connection has been shut down(2ms).
2026.09.19 21:06:50,976	INFO	444	org.l2jmobius.gameserver.Shutdown	The server has been successfully shut down in 5seconds.
