2026.09.19 20:16:16,879	INFO	3	org.l2jmobius.commons.util.IXmlReader	Network Config: ipconfig.xml exists, using manual configuration...
2026.09.19 20:16:16,941	INFO	3	org.l2jmobius.gameserver.config.ServerConfig	Loaded 6 Filter Words.
2026.09.19 20:16:16,954	WARNING	3	org.l2jmobius.gameserver.config.custom.MultilingualSupportConfig	MultiLang[MultilingualSupportConfig.load()]: default language: en is not in allowed list!
2026.09.19 20:16:16,957	INFO	3	org.l2jmobius.gameserver.GameServer	=== Living Worlds Server ===
2026.09.19 20:16:16,958	INFO	3	org.l2jmobius.gameserver.GameServer	------------------------------------------------=[ Database ]
2026.09.19 20:16:17,029	INFO	3	org.l2jmobius.commons.database.DatabaseFactory	Database: HikariCP pool initialized successfully.
2026.09.19 20:16:17,109	INFO	3	org.l2jmobius.commons.database.DatabaseFactory	Database: Initialized with a valid connection.
2026.09.19 20:16:17,114	INFO	3	org.l2jmobius.gameserver.GameServer	----------------------------------------------=[ ThreadPool ]
2026.09.19 20:16:17,115	INFO	3	org.l2jmobius.commons.threads.ThreadPool	ThreadPool: Initializing.
2026.09.19 20:16:17,115	INFO	3	org.l2jmobius.commons.threads.ThreadPool	...scheduled pool executor with 16 high priority threads.
2026.09.19 20:16:17,119	INFO	3	org.l2jmobius.commons.threads.ThreadPool	...scheduled pool executor with 64 total threads.
2026.09.19 20:16:17,119	INFO	3	org.l2jmobius.commons.threads.ThreadPool	...instant pool executor with 32 total threads.
2026.09.19 20:16:17,120	INFO	3	org.l2jmobius.gameserver.GameServer	-----------------------------------------------=[ IdManager ]
2026.09.19 20:16:17,139	INFO	3	org.l2jmobius.gameserver.managers.DatabaseIdManager	DatabaseIdManager: Cleaned 12 elements in 0 seconds.
2026.09.19 20:16:17,141	INFO	3	org.l2jmobius.gameserver.managers.DatabaseIdManager	DatabaseIdManager: Updated character online status.
2026.09.19 20:16:17,146	INFO	3	org.l2jmobius.gameserver.managers.DatabaseIdManager	DatabaseIdManager: Cleaned 1 expired timestamps.
2026.09.19 20:16:17,153	INFO	3	org.l2jmobius.gameserver.managers.IdManager	IdManager: 102912 ids available.
2026.09.19 20:16:17,153	INFO	3	org.l2jmobius.gameserver.GameServer	----------------------------------------=[ Scripting Engine ]
2026.09.19 20:16:17,202	INFO	3	org.l2jmobius.gameserver.scripting.ScriptEngine	Loaded 387 files to exclude.
2026.09.19 20:16:17,202	INFO	3	org.l2jmobius.gameserver.GameServer	---------------------------------------------------=[ World ]
2026.09.19 20:16:17,204	INFO	3	org.l2jmobius.commons.util.IXmlReader	InstanceManager: Multiverse Instance created.
2026.09.19 20:16:17,204	INFO	3	org.l2jmobius.commons.util.IXmlReader	InstanceManager: Universe Instance created.
2026.09.19 20:16:17,215	INFO	3	org.l2jmobius.commons.util.IXmlReader	InstanceManager: Loaded 2 instance templates.
2026.09.19 20:16:17,427	INFO	3	org.l2jmobius.gameserver.data.xml.MapRegionData	MapRegionData: Loaded 42 map regions.
2026.09.19 20:16:17,430	INFO	3	org.l2jmobius.gameserver.managers.GlobalVariablesManager	GlobalVariablesManager: Loaded 4 variables.
2026.09.19 20:16:17,430	INFO	3	org.l2jmobius.gameserver.GameServer	----------------------------------------------------=[ Data ]
2026.09.19 20:16:17,443	INFO	3	org.l2jmobius.gameserver.data.xml.CategoryData	CategoryData: Loaded 160 categories.
2026.09.19 20:16:17,445	INFO	3	org.l2jmobius.gameserver.GameServer	--------------------------------------------------=[ Skills ]
2026.09.19 20:16:18,171	INFO	3	handlers.EffectMasterHandler	EffectMasterHandler: Loaded 146 effect handlers.
2026.09.19 20:16:18,281	INFO	3	org.l2jmobius.gameserver.data.xml.EnchantSkillTreeData	EnchantSkillTreeData: Loaded 14551 enchant skills.
2026.09.19 20:16:18,425	INFO	3	org.l2jmobius.commons.util.IXmlReader	SkillTreeData: Loaded 13777 Class Skills for 89 class skill trees.
2026.09.19 20:16:18,425	INFO	3	org.l2jmobius.commons.util.IXmlReader	SkillTreeData: Loaded 117 fishing skills, 8 Dwarven only fishing skills.
2026.09.19 20:16:18,426	INFO	3	org.l2jmobius.commons.util.IXmlReader	SkillTreeData: Loaded 64 clan skills, 64 for clan and 0 residential.
2026.09.19 20:16:18,426	INFO	3	org.l2jmobius.commons.util.IXmlReader	SkillTreeData: Loaded 8 noble skills.
2026.09.19 20:16:18,426	INFO	3	org.l2jmobius.commons.util.IXmlReader	SkillTreeData: Loaded 5 hero skills.
2026.09.19 20:16:18,426	INFO	3	org.l2jmobius.commons.util.IXmlReader	SkillTreeData: Loaded 25 game master skills.
2026.09.19 20:16:18,426	INFO	3	org.l2jmobius.commons.util.IXmlReader	SkillTreeData: Loaded 1 game master aura skills.
2026.09.19 20:16:19,376	INFO	3	org.l2jmobius.gameserver.data.xml.SkillData	SkillData: Loaded 29867 Skill templates from XML files.
2026.09.19 20:16:19,390	INFO	3	org.l2jmobius.gameserver.data.xml.PetSkillData	PetSkillData: Loaded 795 skills.
2026.09.19 20:16:19,390	INFO	3	org.l2jmobius.gameserver.GameServer	---------------------------------------------------=[ Items ]
2026.09.19 20:16:19,509	INFO	3	org.l2jmobius.gameserver.data.xml.ItemData	ItemData: Highest item id used: 50000
2026.09.19 20:16:19,510	INFO	3	org.l2jmobius.gameserver.data.xml.ItemData	ItemData: Loaded 6882 etc items.
2026.09.19 20:16:19,510	INFO	3	org.l2jmobius.gameserver.data.xml.ItemData	ItemData: Loaded 1106 armor items.
2026.09.19 20:16:19,510	INFO	3	org.l2jmobius.gameserver.data.xml.ItemData	ItemData: Loaded 1223 weapon items.
2026.09.19 20:16:19,510	INFO	3	org.l2jmobius.gameserver.data.xml.ItemData	ItemData: Loaded 9211 items in total.
2026.09.19 20:16:19,512	INFO	3	org.l2jmobius.commons.util.IXmlReader	EnchantItemGroupsData: Loaded 4 item group templates.
2026.09.19 20:16:19,512	INFO	3	org.l2jmobius.commons.util.IXmlReader	EnchantItemGroupsData: Loaded 1 scroll group templates.
2026.09.19 20:16:19,512	INFO	3	org.l2jmobius.commons.util.IXmlReader	EnchantItemGroupsData: Max weapon enchant is set to 16.
2026.09.19 20:16:19,512	INFO	3	org.l2jmobius.commons.util.IXmlReader	EnchantItemGroupsData: Max armor enchant is set to 16.
2026.09.19 20:16:19,512	INFO	3	org.l2jmobius.commons.util.IXmlReader	EnchantItemGroupsData: Max accessory enchant is set to 16.
2026.09.19 20:16:19,514	INFO	3	org.l2jmobius.commons.util.IXmlReader	EnchantItemData: Loaded 30 enchant scrolls.
2026.09.19 20:16:19,676	INFO	3	org.l2jmobius.gameserver.data.xml.OptionData	OptionData: Loaded 16380 options.
2026.09.19 20:16:19,680	INFO	3	org.l2jmobius.commons.util.IXmlReader	EnchantItemHPBonusData: Loaded 6 enchant HP bonuses.
2026.09.19 20:16:19,681	INFO	3	org.l2jmobius.gameserver.data.MerchantPriceConfigTable	MerchantPriceConfigTable: Loaded 27 merchant price configs.
2026.09.19 20:16:19,851	WARNING	3	org.l2jmobius.commons.util.IXmlReader	Directory not found: /home/dex/L2J-Offline-OneClick/game/./data/buylists/custom
2026.09.19 20:16:19,851	INFO	3	org.l2jmobius.gameserver.data.xml.BuyListData	BuyListData: Loaded 616 buyLists.
2026.09.19 20:16:19,914	WARNING	3	org.l2jmobius.commons.util.IXmlReader	Buy price 2400 is less than sell price 435000 at entry 10 of multisell 600010.
2026.09.19 20:16:19,914	WARNING	3	org.l2jmobius.commons.util.IXmlReader	Buy price 6143 is less than sell price 650000 at entry 13 of multisell 600010.
2026.09.19 20:16:19,916	WARNING	3	org.l2jmobius.commons.util.IXmlReader	Buy price 6250 is less than sell price 17529460 at entry 44 of multisell 600014.
2026.09.19 20:16:19,916	WARNING	3	org.l2jmobius.commons.util.IXmlReader	Buy price 500 is less than sell price 13500000 at entry 45 of multisell 600014.
2026.09.19 20:16:19,916	WARNING	3	org.l2jmobius.commons.util.IXmlReader	Buy price 50 is less than sell price 13500000 at entry 49 of multisell 600014.
2026.09.19 20:16:19,916	WARNING	3	org.l2jmobius.commons.util.IXmlReader	Buy price 16080 is less than sell price 9150000 at entry 53 of multisell 600014.
2026.09.19 20:16:19,916	WARNING	3	org.l2jmobius.commons.util.IXmlReader	Buy price 5000 is less than sell price 162500 at entry 78 of multisell 600014.
2026.09.19 20:16:19,916	WARNING	3	org.l2jmobius.commons.util.IXmlReader	Buy price 10000 is less than sell price 13481650 at entry 87 of multisell 600014.
2026.09.19 20:16:19,917	WARNING	3	org.l2jmobius.commons.util.IXmlReader	Buy price 450000 is less than sell price 9150000 at entry 102 of multisell 600014.
2026.09.19 20:16:19,917	WARNING	3	org.l2jmobius.commons.util.IXmlReader	Buy price 11600 is less than sell price 6550000 at entry 176 of multisell 600014.
2026.09.19 20:16:19,917	WARNING	3	org.l2jmobius.commons.util.IXmlReader	Buy price 200 is less than sell price 6550000 at entry 210 of multisell 600014.
2026.09.19 20:16:19,917	WARNING	3	org.l2jmobius.commons.util.IXmlReader	Buy price 1062 is less than sell price 4340000 at entry 331 of multisell 600014.
2026.09.19 20:16:19,917	WARNING	3	org.l2jmobius.commons.util.IXmlReader	Buy price 8700 is less than sell price 3065000 at entry 360 of multisell 600014.
2026.09.19 20:16:19,917	WARNING	3	org.l2jmobius.commons.util.IXmlReader	Buy price 500 is less than sell price 2150000 at entry 488 of multisell 600014.
2026.09.19 20:16:19,919	WARNING	3	org.l2jmobius.commons.util.IXmlReader	Buy price 5000 is less than sell price 2242500 at entry 76 of multisell 600016.
2026.09.19 20:16:19,919	WARNING	3	org.l2jmobius.commons.util.IXmlReader	Buy price 23200 is less than sell price 815000 at entry 112 of multisell 600016.
2026.09.19 20:16:19,919	WARNING	3	org.l2jmobius.commons.util.IXmlReader	Buy price 4455 is less than sell price 402000 at entry 230 of multisell 600016.
2026.09.19 20:16:19,919	WARNING	3	org.l2jmobius.commons.util.IXmlReader	Buy price 40 is less than sell price 122500 at entry 428 of multisell 600016.
2026.09.19 20:16:19,919	WARNING	3	org.l2jmobius.commons.util.IXmlReader	Buy price 100 is less than sell price 184000 at entry 493 of multisell 600016.
2026.09.19 20:16:19,921	WARNING	3	org.l2jmobius.commons.util.IXmlReader	Buy price 2400 is less than sell price 435000 at entry 10 of multisell 61004.
2026.09.19 20:16:19,921	WARNING	3	org.l2jmobius.commons.util.IXmlReader	Buy price 6143 is less than sell price 650000 at entry 12 of multisell 61004.
2026.09.19 20:16:19,922	WARNING	3	org.l2jmobius.commons.util.IXmlReader	Buy price 5000 is less than sell price 162500 at entry 34 of multisell 61005.
2026.09.19 20:16:19,922	WARNING	3	org.l2jmobius.commons.util.IXmlReader	Buy price 10000 is less than sell price 13481650 at entry 42 of multisell 61005.
2026.09.19 20:16:19,923	WARNING	3	org.l2jmobius.commons.util.IXmlReader	Buy price 6250 is less than sell price 17529460 at entry 1 of multisell 61008.
2026.09.19 20:16:19,923	WARNING	3	org.l2jmobius.commons.util.IXmlReader	Buy price 500 is less than sell price 13500000 at entry 2 of multisell 61008.
2026.09.19 20:16:19,923	WARNING	3	org.l2jmobius.commons.util.IXmlReader	Buy price 450000 is less than sell price 9150000 at entry 4 of multisell 61008.
2026.09.19 20:16:19,926	WARNING	3	org.l2jmobius.commons.util.IXmlReader	Buy price 4455 is less than sell price 402000 at entry 55 of multisell 61016.
2026.09.19 20:16:19,927	WARNING	3	org.l2jmobius.commons.util.IXmlReader	Buy price 11600 is less than sell price 6550000 at entry 3 of multisell 61019.
2026.09.19 20:16:19,928	WARNING	3	org.l2jmobius.commons.util.IXmlReader	Buy price 200 is less than sell price 6550000 at entry 3 of multisell 61021.
2026.09.19 20:16:19,931	WARNING	3	org.l2jmobius.commons.util.IXmlReader	Buy price 40 is less than sell price 122500 at entry 15 of multisell 61030.
2026.09.19 20:16:19,931	WARNING	3	org.l2jmobius.commons.util.IXmlReader	Buy price 100 is less than sell price 184000 at entry 62 of multisell 61030.
2026.09.19 20:16:19,934	WARNING	3	org.l2jmobius.commons.util.IXmlReader	Buy price 8700 is less than sell price 3065000 at entry 4 of multisell 61041.
2026.09.19 20:16:19,934	WARNING	3	org.l2jmobius.commons.util.IXmlReader	Buy price 500 is less than sell price 2150000 at entry 20 of multisell 61041.
2026.09.19 20:16:19,936	SEVERE	3	org.l2jmobius.commons.util.IXmlReader	MultisellData: Error in file ./data/multisell/custom/62002.xml
2026.09.19 20:16:19,941	SEVERE	3	org.l2jmobius.commons.util.IXmlReader	MultisellData: Error in file ./data/multisell/custom/62102.xml
2026.09.19 20:16:19,946	SEVERE	3	org.l2jmobius.commons.util.IXmlReader	MultisellData: Error in file ./data/multisell/custom/62209.xml
2026.09.19 20:16:19,958	INFO	3	org.l2jmobius.commons.util.IXmlReader	MultisellData: Loaded 184 multisell lists.
2026.09.19 20:16:19,981	INFO	3	org.l2jmobius.commons.util.IXmlReader	RecipeData: Loaded 871 recipes.
2026.09.19 20:16:19,986	INFO	3	org.l2jmobius.commons.util.IXmlReader	ArmorSetData: Loaded 51 armor sets.
2026.09.19 20:16:19,990	INFO	3	org.l2jmobius.commons.util.IXmlReader	FishData: Loaded 278 fishes.
2026.09.19 20:16:19,990	INFO	3	org.l2jmobius.commons.util.IXmlReader	FishingMonstersData: Loaded 8 fishing monsters.
2026.09.19 20:16:19,991	INFO	3	org.l2jmobius.commons.util.IXmlReader	FishingRodsData: Loaded 6 fishing rods.
2026.09.19 20:16:19,998	INFO	3	org.l2jmobius.commons.util.IXmlReader	HennaData: Loaded 180 henna data.
2026.09.19 20:16:19,999	INFO	3	org.l2jmobius.gameserver.GameServer	----------------------------------------------=[ Characters ]
2026.09.19 20:16:20,000	INFO	3	org.l2jmobius.gameserver.data.xml.ClassListData	ClassListData: Loaded 89 class data.
2026.09.19 20:16:20,002	INFO	3	org.l2jmobius.gameserver.data.xml.InitialEquipmentData	InitialEquipmentData: Loaded 9 initial equipment data.
2026.09.19 20:16:20,003	INFO	3	org.l2jmobius.gameserver.data.xml.InitialShortcutData	InitialShortcutData: Loaded 5 initial global shortcut data.
2026.09.19 20:16:20,003	INFO	3	org.l2jmobius.gameserver.data.xml.InitialShortcutData	InitialShortcutData: Loaded 4 initial shortcut data.
2026.09.19 20:16:20,004	INFO	3	org.l2jmobius.gameserver.data.xml.InitialShortcutData	InitialShortcutData: Loaded 0 macro presets.
2026.09.19 20:16:20,005	INFO	3	org.l2jmobius.gameserver.data.xml.ExperienceData	ExperienceData: Loaded 81 levels.
2026.09.19 20:16:20,005	INFO	3	org.l2jmobius.gameserver.data.xml.ExperienceData	ExperienceData: Max Player Level is 80.
2026.09.19 20:16:20,005	INFO	3	org.l2jmobius.gameserver.data.xml.ExperienceData	ExperienceData: Max Pet Level is 80.
2026.09.19 20:16:20,006	INFO	3	org.l2jmobius.gameserver.data.xml.ExperienceLossData	ExperienceLossData: Loaded 80 levels.
2026.09.19 20:16:20,007	INFO	3	org.l2jmobius.gameserver.data.xml.KarmaLossData	KarmaLossData: Loaded 80 modifiers.
2026.09.19 20:16:20,007	INFO	3	org.l2jmobius.commons.util.IXmlReader	HitConditionBonusData: Loaded hit condition bonuses.
2026.09.19 20:16:20,078	INFO	3	org.l2jmobius.gameserver.data.xml.PlayerTemplateData	PlayerTemplateData: Loaded 89 player templates.
2026.09.19 20:16:20,078	INFO	3	org.l2jmobius.gameserver.data.xml.PlayerTemplateData	PlayerTemplateData: Loaded 42720 level up gain records.
2026.09.19 20:16:20,080	INFO	3	org.l2jmobius.gameserver.data.sql.CharInfoTable	CharInfoTable: Loaded 6 char names.
2026.09.19 20:16:20,081	INFO	3	org.l2jmobius.gameserver.data.xml.AdminData	AdminData: Loaded 10 access levels.
2026.09.19 20:16:20,083	INFO	3	org.l2jmobius.gameserver.data.xml.AdminData	AdminData: Loaded 433 access commands.
2026.09.19 20:16:20,084	INFO	3	org.l2jmobius.gameserver.managers.RaidBossPointsManager	RaidBossPointsManager: Loaded 0 Characters Raid Points.
2026.09.19 20:16:20,112	INFO	3	org.l2jmobius.commons.util.IXmlReader	PetDataTable: Loaded 12 pets.
2026.09.19 20:16:20,114	INFO	3	org.l2jmobius.gameserver.GameServer	---------------------------------------------------=[ Clans ]
2026.09.19 20:16:20,120	INFO	3	org.l2jmobius.gameserver.communitybbs.Manager.ForumsBBSManager	ForumsBBSManager: Loaded 4 forums. Last forum id used: 4
2026.09.19 20:16:20,120	INFO	3	org.l2jmobius.gameserver.data.sql.ClanTable	ClanTable: Restored 0 clans from the database.
2026.09.19 20:16:20,123	INFO	3	org.l2jmobius.gameserver.managers.CHSiegeManager	CHSiegeManager: Loaded 6 conquerable clan halls.
2026.09.19 20:16:20,145	INFO	3	org.l2jmobius.gameserver.managers.ClanHallAuctionManager	ClanHallAuctionManager: Loaded 38 auction(s)
2026.09.19 20:16:20,146	INFO	3	org.l2jmobius.gameserver.data.sql.ClanHallTable	ClanHallTable: Loaded 0 clan halls
2026.09.19 20:16:20,146	INFO	3	org.l2jmobius.gameserver.data.sql.ClanHallTable	ClanHallTable: Loaded 38 free clan halls
2026.09.19 20:16:20,146	INFO	3	org.l2jmobius.gameserver.GameServer	-------------------------------------------------=[ Geodata ]
2026.09.19 20:16:20,552	INFO	3	org.l2jmobius.gameserver.geoengine.GeoEngine	GeoEngine: Loaded 158 regions.
2026.09.19 20:16:20,553	INFO	3	org.l2jmobius.gameserver.GameServer	----------------------------------------------------=[ NPCs ]
2026.09.19 20:16:20,565	INFO	3	org.l2jmobius.gameserver.managers.ZoneManager	ZoneManager 12 by 17 Zone Region Grid set up.
2026.09.19 20:16:21,034	INFO	3	org.l2jmobius.commons.util.IXmlReader	NpcData: Loaded 6519 NPCs.
2026.09.19 20:16:21,042	INFO	3	org.l2jmobius.commons.util.IXmlReader	NpcData: Loaded 22 custom NPCs.
2026.09.19 20:16:21,044	INFO	3	org.l2jmobius.commons.util.IXmlReader	SkillLearnData: Loaded 217 skill learn data.
2026.09.19 20:16:21,046	INFO	3	org.l2jmobius.gameserver.managers.GrandBossManager	GrandBossManager: Gigantic Chaos Golem(25512) status is 0.
2026.09.19 20:16:21,046	INFO	3	org.l2jmobius.gameserver.managers.GrandBossManager	GrandBossManager: Queen Ant(29001) status is 0.
2026.09.19 20:16:21,046	INFO	3	org.l2jmobius.gameserver.managers.GrandBossManager	GrandBossManager: Core(29006) status is 0.
2026.09.19 20:16:21,046	INFO	3	org.l2jmobius.gameserver.managers.GrandBossManager	GrandBossManager: Orfen(29014) status is 0.
2026.09.19 20:16:21,046	INFO	3	org.l2jmobius.gameserver.managers.GrandBossManager	GrandBossManager: Antharas(29019) status is 0.
2026.09.19 20:16:21,046	INFO	3	org.l2jmobius.gameserver.managers.GrandBossManager	GrandBossManager: Baium(29020) status is 0.
2026.09.19 20:16:21,046	INFO	3	org.l2jmobius.gameserver.managers.GrandBossManager	GrandBossManager: Zaken(29022) status is 0.
2026.09.19 20:16:21,046	INFO	3	org.l2jmobius.gameserver.managers.GrandBossManager	GrandBossManager: Valakas(29028) status is 0.
2026.09.19 20:16:21,047	INFO	3	org.l2jmobius.gameserver.managers.GrandBossManager	GrandBossManager: Frintezza(29045) status is 0.
2026.09.19 20:16:21,047	INFO	3	org.l2jmobius.gameserver.managers.GrandBossManager	GrandBossManager: Loaded 9 Instances
2026.09.19 20:16:21,086	INFO	3	org.l2jmobius.gameserver.managers.ZoneManager	ZoneManager: Loaded 29 zone classes and 2411 zones.
2026.09.19 20:16:21,088	INFO	3	org.l2jmobius.gameserver.managers.ZoneManager	ZoneManager: Last static id 200224.
2026.09.19 20:16:21,100	INFO	3	org.l2jmobius.commons.util.IXmlReader	DoorData: Loaded 547 doors.
2026.09.19 20:16:21,103	INFO	3	FenceData	FenceData: Loaded 1 fences.
2026.09.19 20:16:21,106	INFO	3	org.l2jmobius.gameserver.data.xml.LevelUpCrystalData	Soul crystal data : Loaded 39
2026.09.19 20:16:21,106	INFO	3	org.l2jmobius.gameserver.data.xml.LevelUpCrystalData	Npc leveling crystal data : Loaded 125
2026.09.19 20:16:21,173	INFO	3	org.l2jmobius.gameserver.data.xml.FakePlayerData	FakePlayerData: Loaded 2 templates.
2026.09.19 20:16:21,174	INFO	3	org.l2jmobius.gameserver.managers.FakePlayerChatManager	FakePlayerChatManager: Loaded 19 chat templates.
2026.09.19 20:16:21,174	INFO	3	org.l2jmobius.gameserver.managers.FakePlayerChatManager	FakePlayerChatManager: Server-wide social chat enabled.
2026.09.19 20:16:21,178	INFO	3	org.l2jmobius.gameserver.managers.WalkingManager	WalkingManager: Loaded 14 walking routes.
2026.09.19 20:16:21,181	INFO	3	org.l2jmobius.gameserver.managers.FakePlayerBehaviorManager	FakePlayerBehaviorManager: Loaded 48 behavior profiles and 98 populations.
2026.09.19 20:16:21,181	INFO	3	org.l2jmobius.gameserver.managers.FakePlayerBehaviorManager	FakePlayerBehaviorManager: Fake player behavior enabled.
2026.09.19 20:16:21,202	INFO	3	org.l2jmobius.gameserver.managers.PhantomManager	PhantomManager: Swept 2 orphaned phantom character row(s) left by a previous unclean shutdown.
2026.09.19 20:16:21,229	INFO	3	org.l2jmobius.gameserver.managers.PhantomManager	PhantomManager: PhantomAutoHuntingZones is enabled but data/PhantomPopulations.generated.xml is missing - run tools/build_populations.py to generate it.
2026.09.19 20:16:21,229	INFO	3	org.l2jmobius.gameserver.managers.PhantomManager	PhantomManager: Loaded 844 phantom population(s), 0 crafted-friend order(s).
2026.09.19 20:16:21,230	INFO	3	org.l2jmobius.gameserver.managers.PhantomManager	PhantomManager: Phantom supervisor started.
2026.09.19 20:16:21,233	INFO	3	org.l2jmobius.gameserver.data.xml.PhantomPlaystyleData	PhantomPlaystyleData: Loaded playstyles for 67 class id(s).
2026.09.19 20:16:21,247	INFO	3	org.l2jmobius.gameserver.managers.PhantomBuddyManager	PhantomBuddyManager: Loaded 165 teleport destinations for buddies.
2026.09.19 20:16:21,250	INFO	3	org.l2jmobius.commons.util.IXmlReader	StaticObjectData: Loaded 29 static object templates.
2026.09.19 20:16:21,255	INFO	3	org.l2jmobius.gameserver.managers.CastleManager	CastleManager: Loaded 9 castles
2026.09.19 20:16:21,258	INFO	3	org.l2jmobius.gameserver.data.SchemeBufferTable	SchemeBufferTable: Loaded 8 categories and 190 entries from ./data/SchemeBufferSkills.xml.
2026.09.19 20:16:21,259	INFO	3	org.l2jmobius.gameserver.data.SchemeBufferTable	SchemeBufferTable: Loaded 1 scheme entries from database.
2026.09.19 20:16:21,259	INFO	3	org.l2jmobius.gameserver.data.SchemeBufferTable	SchemeBufferTable: Loaded 1 players and 87 available skills.
2026.09.19 20:16:21,259	INFO	3	org.l2jmobius.gameserver.managers.GrandBossManager	GrandBossManager: Initialized 10 Grand Boss Zones
2026.09.19 20:16:21,260	INFO	3	org.l2jmobius.gameserver.GameServer	------------------------------------------------=[ Olympiad ]
2026.09.19 20:16:21,262	INFO	3	org.l2jmobius.gameserver.model.olympiad.Olympiad	Olympiad System: Loading Olympiad System....
2026.09.19 20:16:21,262	INFO	3	org.l2jmobius.gameserver.model.olympiad.Olympiad	Olympiad System: Currently in Olympiad Period
2026.09.19 20:16:21,262	INFO	3	org.l2jmobius.gameserver.model.olympiad.Olympiad	Olympiad System: 11 days, 15 hours and 43 mins until period ends.
2026.09.19 20:16:21,262	INFO	3	org.l2jmobius.gameserver.model.olympiad.Olympiad	Olympiad System: Next weekly change is in 2 days, 0 hours and 39 mins.
2026.09.19 20:16:21,262	INFO	3	org.l2jmobius.gameserver.model.olympiad.Olympiad	Olympiad System: Loaded 0 Nobles
2026.09.19 20:16:21,262	INFO	3	org.l2jmobius.gameserver.model.olympiad.Olympiad	Olympiad System: Competition Period Starts in 0 days, 0 hours and 0 mins.
2026.09.19 20:16:21,265	INFO	3	org.l2jmobius.gameserver.model.olympiad.Olympiad	Olympiad System: Event starts/started : Sat Sep 19 18:00:21 CEST 2026
2026.09.19 20:16:21,266	INFO	3	org.l2jmobius.gameserver.model.olympiad.Hero	Hero System: Loaded 0 Heroes.
2026.09.19 20:16:21,266	INFO	3	org.l2jmobius.gameserver.model.olympiad.Hero	Hero System: Loaded 0 all time Heroes.
2026.09.19 20:16:21,266	INFO	3	org.l2jmobius.gameserver.GameServer	---------------------------------------------=[ Seven Signs ]
2026.09.19 20:16:21,267	INFO	3	org.l2jmobius.gameserver.model.sevensigns.SevenSigns	SevenSigns: Currently in the Competition (Quest Event) period!
2026.09.19 20:16:21,268	INFO	3	org.l2jmobius.gameserver.model.sevensigns.SevenSigns	SevenSigns: The Seal of Avarice remains unclaimed.
2026.09.19 20:16:21,268	INFO	3	org.l2jmobius.gameserver.model.sevensigns.SevenSigns	SevenSigns: The Seal of Gnosis remains unclaimed.
2026.09.19 20:16:21,268	INFO	3	org.l2jmobius.gameserver.model.sevensigns.SevenSigns	SevenSigns: The Seal of Strife remains unclaimed.
2026.09.19 20:16:21,268	INFO	3	org.l2jmobius.gameserver.model.sevensigns.SevenSigns	SevenSigns: The competition, if the current trend continues, will end in a tie this week.
2026.09.19 20:16:21,268	INFO	3	org.l2jmobius.gameserver.model.sevensigns.SevenSigns	SevenSigns: No-schedule mode is enabled - the period will not change automatically. Use //signs or a Priest of Dawn/Priestess of Dusk to advance it.
2026.09.19 20:16:21,268	INFO	3	org.l2jmobius.gameserver.GameServer	---------------------------------------------------=[ Cache ]
2026.09.19 20:16:21,268	INFO	3	org.l2jmobius.gameserver.cache.HtmCache	Cache[HTML]: Running lazy cache.
2026.09.19 20:16:21,282	INFO	3	org.l2jmobius.gameserver.data.sql.CrestTable	CrestTable: Loaded 1 Crests.
2026.09.19 20:16:21,315	INFO	3	org.l2jmobius.gameserver.managers.BotClanManager	BotClanManager: Loaded 12 bot clan(s) (12 with a crest), 3 alliance(s); recruit clan chance 60%, fake-player clan chance 47%.
2026.09.19 20:16:21,322	INFO	66	org.l2jmobius.gameserver.model.olympiad.Olympiad	Olympiad System: Olympiad Game Started
2026.09.19 20:16:21,367	INFO	3	org.l2jmobius.gameserver.data.xml.TeleporterData	TeleporterData: Loaded 143 npc teleporters.
2026.09.19 20:16:21,384	INFO	3	org.l2jmobius.gameserver.data.AugmentationData	AugmentationData: Loaded 22640 augmentations.
2026.09.19 20:16:21,386	INFO	3	org.l2jmobius.gameserver.managers.CursedWeaponsManager	CursedWeaponsManager: Loaded : 2 cursed weapon(s).
2026.09.19 20:16:21,386	INFO	3	org.l2jmobius.gameserver.GameServer	-------------------------------------------------=[ Scripts ]
2026.09.19 20:16:21,387	INFO	3	org.l2jmobius.gameserver.GameServer	Loading server scripts...
2026.09.19 20:16:22,149	INFO	3	handlers.MasterHandler	Loading Handlers...
2026.09.19 20:16:22,178	INFO	3	handlers.MasterHandler	ActionClickHandler: Loaded 10 handlers.
2026.09.19 20:16:22,178	INFO	3	handlers.MasterHandler	ActionShiftHandler: Loaded 6 handlers.
2026.09.19 20:16:22,178	INFO	3	handlers.MasterHandler	AdminCommandHandler: Loaded 450 handlers.
2026.09.19 20:16:22,178	INFO	3	handlers.MasterHandler	BypassHandler: Loaded 38 handlers.
2026.09.19 20:16:22,178	INFO	3	handlers.MasterHandler	ChatHandler: Loaded 14 handlers.
2026.09.19 20:16:22,178	INFO	3	handlers.MasterHandler	CommunityBoardHandler: Loaded 27 handlers.
2026.09.19 20:16:22,178	INFO	3	handlers.MasterHandler	ItemHandler: Loaded 25 handlers.
2026.09.19 20:16:22,178	INFO	3	handlers.MasterHandler	PunishmentHandler: Loaded 3 handlers.
2026.09.19 20:16:22,178	INFO	3	handlers.MasterHandler	UserCommandHandler: Loaded 15 handlers.
2026.09.19 20:16:22,178	INFO	3	handlers.MasterHandler	VoicedCommandHandler: Loaded 17 handlers.
2026.09.19 20:16:22,178	INFO	3	handlers.MasterHandler	TargetHandler: Loaded 34 handlers.
2026.09.19 20:16:22,178	INFO	3	handlers.MasterHandler	Handlers Loaded...
2026.09.19 20:16:23,245	INFO	3	ai.areas.ImperialTomb.FourSepulchers.FourSepulchers	[Four Sepulchers] Loaded 762 spawn zones data.
2026.09.19 20:16:23,272	INFO	3	ai.others.ClassMaster.ClassMaster	ClassMaster: Loaded 3 class change options.
2026.09.19 20:16:23,276	INFO	3	org.l2jmobius.commons.util.IXmlReader	NpcBuffersData: Loaded 10 buffers data.
2026.09.19 20:16:23,284	CONFIG	3	conquerablehalls.BanditStronghold.BanditStronghold	Bandit StrongHold siege scheduled for Tue Sep 29 12:00:00 CEST 2026.
2026.09.19 20:16:23,285	CONFIG	3	conquerablehalls.DevastatedCastle.DevastatedCastle	Devastated Castle siege scheduled for Tue Sep 29 12:00:00 CEST 2026.
2026.09.19 20:16:23,286	CONFIG	3	conquerablehalls.FortressOfResistance.FortressOfResistance	Fortress of Resistance siege scheduled for Tue Sep 29 12:00:00 CEST 2026.
2026.09.19 20:16:23,288	CONFIG	3	conquerablehalls.FortressOfTheDead.FortressOfTheDead	Fortress of the Dead siege scheduled for Tue Sep 29 12:00:00 CEST 2026.
2026.09.19 20:16:23,289	CONFIG	3	conquerablehalls.RainbowSpringsChateau.RainbowSpringsChateau	Rainbow Springs siege scheduled for Tue Sep 29 12:00:00 CEST 2026.
2026.09.19 20:16:23,290	CONFIG	3	conquerablehalls.WildBeastReserve.WildBeastReserve	Beast Farm siege scheduled for Tue Sep 29 12:00:00 CEST 2026.
2026.09.19 20:16:23,299	INFO	3	org.l2jmobius.commons.util.IXmlReader	Event Capture The Flag scheduled at 19/09/2026 20:40:00
2026.09.19 20:16:23,301	INFO	3	org.l2jmobius.commons.util.IXmlReader	Event Deathmatch scheduled at 19/09/2026 21:00:00
2026.09.19 20:16:23,305	INFO	3	org.l2jmobius.commons.util.IXmlReader	Event Team Vs Team scheduled at 19/09/2026 20:20:00
2026.09.19 20:16:23,307	INFO	3	org.l2jmobius.gameserver.model.script.Quest	Event Christmas has passed... Ignored 
2026.09.19 20:16:23,308	INFO	3	org.l2jmobius.gameserver.model.script.Quest	Event Heavy Medal has passed... Ignored 
2026.09.19 20:16:23,308	INFO	3	org.l2jmobius.gameserver.model.script.Quest	Event L2 Day has passed... Ignored 
2026.09.19 20:16:23,375	INFO	3	org.l2jmobius.gameserver.data.xml.SpawnData	SpawnData: Initializing spawns...
2026.09.19 20:16:24,223	INFO	3	org.l2jmobius.gameserver.data.xml.SpawnData	SpawnData: 36026 spawns have been initialized!
2026.09.19 20:16:24,224	INFO	3	org.l2jmobius.gameserver.managers.DayNightSpawnManager	DayNightSpawnManager: Removed 0 day creatures
2026.09.19 20:16:24,229	INFO	3	org.l2jmobius.gameserver.managers.DayNightSpawnManager	DayNightSpawnManager: Spawned 684 night creatures
2026.09.19 20:16:24,231	INFO	3	org.l2jmobius.gameserver.managers.DimensionalRiftManager	DimensionalRiftManager: Loaded 7 room types with 56 rooms.
2026.09.19 20:16:24,232	INFO	3	org.l2jmobius.gameserver.managers.DimensionalRiftManager	DimensionalRiftManager: Loaded 462 dimensional rift spawns, 0 errors.
2026.09.19 20:16:24,240	INFO	3	org.l2jmobius.gameserver.managers.RaidBossSpawnManager	RaidBossSpawnManager: Loaded 189 Instances
2026.09.19 20:16:24,240	INFO	3	org.l2jmobius.gameserver.managers.RaidBossSpawnManager	RaidBossSpawnManager: Scheduled 0 Instances
2026.09.19 20:16:24,240	INFO	3	org.l2jmobius.gameserver.GameServer	---------------------------------------------------=[ Siege ]
2026.09.19 20:16:24,244	INFO	3	org.l2jmobius.gameserver.data.xml.SiegeScheduleData	SiegeScheduleData: Loaded 9 siege schedulers.
2026.09.19 20:16:24,244	INFO	3	org.l2jmobius.gameserver.model.siege.Siege	Siege of Gludio: Sun Sep 20 16:00:00 CEST 2026
2026.09.19 20:16:24,245	INFO	3	org.l2jmobius.gameserver.model.siege.Siege	Siege of Dion: Sun Sep 20 20:00:00 CEST 2026
2026.09.19 20:16:24,245	INFO	3	org.l2jmobius.gameserver.model.siege.Siege	Siege of Giran: Sun Sep 20 16:00:00 CEST 2026
2026.09.19 20:16:24,245	INFO	3	org.l2jmobius.gameserver.model.siege.Siege	Siege of Oren: Sun Sep 20 20:00:00 CEST 2026
2026.09.19 20:16:24,245	INFO	3	org.l2jmobius.gameserver.model.siege.Siege	Siege of Aden: Sun Sep 20 16:00:00 CEST 2026
2026.09.19 20:16:24,245	INFO	3	org.l2jmobius.gameserver.model.siege.Siege	Siege of Innadril: Sun Sep 20 20:00:00 CEST 2026
2026.09.19 20:16:24,246	INFO	3	org.l2jmobius.gameserver.model.siege.Siege	Siege of Goddard: Sun Sep 20 16:00:00 CEST 2026
2026.09.19 20:16:24,246	INFO	3	org.l2jmobius.gameserver.model.siege.Siege	Siege of Rune: Sun Sep 20 20:00:00 CEST 2026
2026.09.19 20:16:24,246	INFO	3	org.l2jmobius.gameserver.model.siege.Siege	Siege of Schuttgart: Sun Sep 20 16:00:00 CEST 2026
2026.09.19 20:16:24,250	INFO	3	org.l2jmobius.gameserver.managers.CastleManorManager	CastleManorManager: Loaded 258 seeds.
2026.09.19 20:16:24,253	INFO	3	org.l2jmobius.gameserver.managers.CastleManorManager	CastleManorManager: Manor data loaded.
2026.09.19 20:16:24,254	INFO	3	org.l2jmobius.gameserver.managers.MercTicketManager	MercTicketManager: Loaded 0 Mercenary Tickets
2026.09.19 20:16:24,254	INFO	3	org.l2jmobius.gameserver.managers.ScriptManager	ScriptManager: Loaded 342 quests.
2026.09.19 20:16:24,254	INFO	3	org.l2jmobius.gameserver.managers.ScriptManager	ScriptManager: Loaded 125 scripts.
2026.09.19 20:16:24,255	INFO	3	org.l2jmobius.gameserver.managers.games.MonsterRaceManager	MonsterRace: loaded 20 records, currently on race #21
2026.09.19 20:16:24,278	INFO	3	org.l2jmobius.gameserver.model.sevensigns.SevenSignsFestival	SevenSignsFestival: The first Festival of Darkness cycle begins in 2 minute(s).
2026.09.19 20:16:24,278	INFO	3	org.l2jmobius.gameserver.GameServer	AutoSpawnHandler: Loaded 124 handlers in total.
2026.09.19 20:16:24,279	INFO	3	org.l2jmobius.gameserver.managers.DailyResetManager	DailyResetManager: Next schedule at 20/09/2026 06:30:00.
2026.09.19 20:16:24,280	INFO	3	org.l2jmobius.gameserver.managers.PunishmentManager	PunishmentManager: Loaded 0 active and 0 expired punishments.
2026.09.19 20:16:24,281	INFO	3	org.l2jmobius.gameserver.GameServer	IdManager: Free ObjectID's remaining: 1879007206
2026.09.19 20:16:24,282	INFO	3	org.l2jmobius.gameserver.data.sql.OfflineTraderTable	OfflineTraderTable: Loading offline traders...
2026.09.19 20:16:24,282	INFO	3	org.l2jmobius.gameserver.data.sql.OfflineTraderTable	OfflineTraderTable: Loaded 0 offline traders.
2026.09.19 20:16:24,283	INFO	3	org.l2jmobius.gameserver.data.sql.OfflinePlayTable	OfflinePlayTable: Loading offline auto players...
2026.09.19 20:16:24,283	INFO	3	org.l2jmobius.gameserver.data.sql.OfflinePlayTable	OfflinePlayTable: Loaded 0 offline auto players.
2026.09.19 20:16:24,283	INFO	3	org.l2jmobius.gameserver.data.sql.OfflinePlayTable	OfflinePlayTable: Loaded 0 offline groups.
2026.09.19 20:16:24,473	INFO	3	org.l2jmobius.gameserver.GameServer	GameServer: Started, using 1460 of 2048 MB total memory.
2026.09.19 20:16:24,473	INFO	175	org.l2jmobius.commons.util.DeadlockWatcher	DeadlockWatcher: Thread started.
2026.09.19 20:16:24,473	INFO	3	org.l2jmobius.gameserver.GameServer	GameServer: Maximum number of connected players is 2000.
2026.09.19 20:16:24,473	INFO	3	org.l2jmobius.gameserver.GameServer	GameServer: Server loaded in 7 seconds.
2026.09.19 20:16:24,479	INFO	177	org.l2jmobius.gameserver.LoginServerThread	LoginServerThread: Connecting to login on 127.0.0.1:9014
2026.09.19 20:16:24,489	INFO	177	org.l2jmobius.gameserver.LoginServerThread	LoginServerThread: Registered on login as Server 2: Sieghardt
2026.09.19 20:16:36,299	WARNING	74	org.l2jmobius.gameserver.managers.FakePlayerBehaviorManager	FakePlayerBehaviorManager: Population 'Dion Village Runner' references unknown route 'Dion_village_run'.
2026.09.19 20:16:36,485	INFO	74	org.l2jmobius.gameserver.managers.FakePlayerBehaviorManager	===== 989 BOTS DEPLOYED =====
2026.09.19 20:18:06,230	INFO	97	org.l2jmobius.gameserver.managers.PhantomManager	PhantomManager: Activating population 'Antharas Lair' (1 phantoms).
2026.09.19 20:18:06,288	INFO	79	org.l2jmobius.gameserver.managers.PhantomManager	PhantomManager: Stocked Rhaaelzar with combat reagents [1661] (x20000 each).
2026.09.19 20:18:06,302	INFO	79	org.l2jmobius.gameserver.managers.PhantomManager	PhantomManager: Spawned phantom 'Rhaaelzar' (objId=268477311, level 60).
2026.09.19 20:18:06,774	INFO	42	org.l2jmobius.gameserver.ui.SystemPanel	New maximum connected count of 3!
2026.09.19 20:19:16,230	INFO	67	org.l2jmobius.gameserver.managers.PhantomManager	PhantomManager: Activating population 'Antharas Lair' (5 phantoms).
2026.09.19 20:19:16,270	INFO	110	org.l2jmobius.gameserver.managers.PhantomManager	PhantomManager: Stocked Aelyr with combat reagents [1661] (x20000 each).
2026.09.19 20:19:16,279	INFO	110	org.l2jmobius.gameserver.managers.PhantomManager	PhantomManager: Spawned phantom 'Aelyr' (objId=268477333, level 68).
2026.09.19 20:19:16,509	INFO	77	org.l2jmobius.gameserver.managers.PhantomManager	PhantomManager: Stocked Sylondwen with combat reagents [5589] (x20000 each).
2026.09.19 20:19:16,517	INFO	77	org.l2jmobius.gameserver.managers.PhantomManager	PhantomManager: Spawned phantom 'Sylondwen' (objId=268477355, level 70).
2026.09.19 20:19:16,773	INFO	42	org.l2jmobius.gameserver.ui.SystemPanel	New maximum connected count of 5!
2026.09.19 20:19:16,777	INFO	66	org.l2jmobius.gameserver.managers.PhantomManager	PhantomManager: Stocked Nyxan with combat reagents [3031] (x20000 each).
2026.09.19 20:19:16,792	INFO	66	org.l2jmobius.gameserver.managers.PhantomManager	PhantomManager: Spawned phantom 'Nyxan' (objId=268477377, level 71).
2026.09.19 20:19:17,021	INFO	115	org.l2jmobius.gameserver.managers.PhantomManager	PhantomManager: Spawned phantom 'Goreeth' (objId=268477397, level 74).
2026.09.19 20:19:17,198	WARNING	39	org.l2jmobius.gameserver.Shutdown	Server scheduled restart issued shutdown command. Shutdown in 1 seconds!
2026.09.19 20:19:17,276	INFO	82	org.l2jmobius.gameserver.managers.PhantomManager	PhantomManager: Stocked Sylondnor with combat reagents [3031] (x20000 each).
2026.09.19 20:19:17,287	INFO	82	org.l2jmobius.gameserver.managers.PhantomManager	PhantomManager: Spawned phantom 'Sylondnor' (objId=268477413, level 64).
2026.09.19 20:19:17,774	INFO	42	org.l2jmobius.gameserver.ui.SystemPanel	New maximum connected count of 8!
2026.09.19 20:19:18,199	WARNING	317	org.l2jmobius.gameserver.Shutdown	GM shutdown countdown is over. shutting down NOW!
2026.09.19 20:19:18,200	INFO	317	org.l2jmobius.gameserver.Shutdown	Offline Play Table: Offline play groups stored(1ms).
2026.09.19 20:19:18,341	INFO	317	org.l2jmobius.gameserver.Shutdown	All players disconnected and saved(141ms).
2026.09.19 20:19:18,341	INFO	317	org.l2jmobius.gameserver.Shutdown	Game Time Task Manager: Thread interruped(0ms).
2026.09.19 20:19:18,341	INFO	317	org.l2jmobius.commons.threads.ThreadPool	ThreadPool: Shutting down all thread pools.
2026.09.19 20:19:18,344	INFO	317	org.l2jmobius.gameserver.Shutdown	Thread Pool Manager: Manager has been shut down(3ms).
2026.09.19 20:19:18,344	INFO	317	org.l2jmobius.gameserver.Shutdown	Login Server Thread: Thread interruped(0ms).
2026.09.19 20:19:18,344	INFO	317	org.l2jmobius.gameserver.Shutdown	GM shutdown received. Shutting down NOW!
2026.09.19 20:19:18,345	INFO	317	org.l2jmobius.gameserver.Shutdown	SevenSignsFestival: Festival data saved(1ms).
2026.09.19 20:19:18,345	INFO	317	org.l2jmobius.gameserver.Shutdown	SevenSigns: Seven Signs data saved(0ms).
2026.09.19 20:19:18,346	INFO	317	org.l2jmobius.gameserver.Shutdown	SevenSigns: Seven Signs status saved(1ms).
2026.09.19 20:19:18,357	INFO	317	org.l2jmobius.gameserver.Shutdown	RaidBossSpawnManager: All raidboss info saved(11ms).
2026.09.19 20:19:18,358	INFO	317	org.l2jmobius.gameserver.Shutdown	GrandBossManager: All Grand Boss info saved(1ms).
2026.09.19 20:19:18,359	INFO	317	org.l2jmobius.gameserver.Shutdown	Olympiad System: Data saved(0ms).
2026.09.19 20:19:18,359	INFO	317	org.l2jmobius.gameserver.Shutdown	Hero System: Data saved(1ms).
2026.09.19 20:19:18,361	INFO	317	org.l2jmobius.gameserver.Shutdown	Clan System: Data saved(2ms).
2026.09.19 20:19:18,361	INFO	317	org.l2jmobius.gameserver.Shutdown	Cursed Weapons Manager: Data saved(0ms).
2026.09.19 20:19:18,362	INFO	317	org.l2jmobius.gameserver.Shutdown	Castle Manor Manager: Data saved(1ms).
2026.09.19 20:19:18,362	CONFIG	317	conquerablehalls.FortressOfTheDead.FortressOfTheDead	FortressOfTheDead: Successfully saved attackers to database.
2026.09.19 20:19:18,362	CONFIG	317	conquerablehalls.DevastatedCastle.DevastatedCastle	DevastatedCastle: Successfully saved attackers to database.
2026.09.19 20:19:18,362	CONFIG	317	conquerablehalls.BanditStronghold.BanditStronghold	BanditStronghold: Successfully saved attackers to database.
2026.09.19 20:19:18,363	CONFIG	317	conquerablehalls.FortressOfResistance.FortressOfResistance	FortressOfResistance: Successfully saved attackers to database.
2026.09.19 20:19:18,363	CONFIG	317	conquerablehalls.RainbowSpringsChateau.RainbowSpringsChateau	RainbowSpringsChateau: Successfully saved attackers to database.
2026.09.19 20:19:18,363	CONFIG	317	conquerablehalls.WildBeastReserve.WildBeastReserve	WildBeastReserve: Successfully saved attackers to database.
2026.09.19 20:19:18,363	INFO	317	org.l2jmobius.gameserver.Shutdown	CHSiegeManager: Siegable hall attacker lists saved!
2026.09.19 20:19:18,363	INFO	317	org.l2jmobius.gameserver.Shutdown	Script Manager: Data saved(1ms).
2026.09.19 20:19:18,368	INFO	317	org.l2jmobius.gameserver.managers.GlobalVariablesManager	GlobalVariablesManager: Stored 4 variables.
2026.09.19 20:19:18,368	INFO	317	org.l2jmobius.gameserver.Shutdown	Global Variables Manager: Variables saved(5ms).
2026.09.19 20:19:18,369	INFO	317	org.l2jmobius.gameserver.Shutdown	Fishing Championship Manager: Data saved(1ms).
2026.09.19 20:19:18,373	INFO	317	org.l2jmobius.gameserver.Shutdown	SchemeBufferTable: Data saved(4ms).
2026.09.19 20:19:19,895	WARNING	177	org.l2jmobius.gameserver.LoginServerThread	LoginServerThread: LoginServer not available, trying to reconnect...
2026.09.19 20:19:23,378	INFO	317	org.l2jmobius.commons.database.DatabaseFactory	Database: HikariCP pool closed successfully.
2026.09.19 20:19:23,378	INFO	317	org.l2jmobius.gameserver.Shutdown	Database Factory: Database connection has been shut down(4ms).
2026.09.19 20:19:23,378	INFO	317	org.l2jmobius.gameserver.Shutdown	The server has been successfully shut down in 5seconds.
