2026.09.19 19:27:43,571	INFO	3	org.l2jmobius.commons.util.IXmlReader	Network Config: ipconfig.xml exists, using manual configuration...
2026.09.19 19:27:43,634	INFO	3	org.l2jmobius.gameserver.config.ServerConfig	Loaded 6 Filter Words.
2026.09.19 19:27:43,647	WARNING	3	org.l2jmobius.gameserver.config.custom.MultilingualSupportConfig	MultiLang[MultilingualSupportConfig.load()]: default language: en is not in allowed list!
2026.09.19 19:27:43,651	INFO	3	org.l2jmobius.gameserver.GameServer	=== Living Worlds Server ===
2026.09.19 19:27:43,651	INFO	3	org.l2jmobius.gameserver.GameServer	------------------------------------------------=[ Database ]
2026.09.19 19:27:43,731	INFO	3	org.l2jmobius.commons.database.DatabaseFactory	Database: HikariCP pool initialized successfully.
2026.09.19 19:27:43,813	INFO	3	org.l2jmobius.commons.database.DatabaseFactory	Database: Initialized with a valid connection.
2026.09.19 19:27:43,819	INFO	3	org.l2jmobius.gameserver.GameServer	----------------------------------------------=[ ThreadPool ]
2026.09.19 19:27:43,819	INFO	3	org.l2jmobius.commons.threads.ThreadPool	ThreadPool: Initializing.
2026.09.19 19:27:43,819	INFO	3	org.l2jmobius.commons.threads.ThreadPool	...scheduled pool executor with 16 high priority threads.
2026.09.19 19:27:43,823	INFO	3	org.l2jmobius.commons.threads.ThreadPool	...scheduled pool executor with 64 total threads.
2026.09.19 19:27:43,824	INFO	3	org.l2jmobius.commons.threads.ThreadPool	...instant pool executor with 32 total threads.
2026.09.19 19:27:43,824	INFO	3	org.l2jmobius.gameserver.GameServer	-----------------------------------------------=[ IdManager ]
2026.09.19 19:27:43,840	INFO	3	org.l2jmobius.gameserver.managers.DatabaseIdManager	DatabaseIdManager: Cleaned 12 elements in 0 seconds.
2026.09.19 19:27:43,842	INFO	3	org.l2jmobius.gameserver.managers.DatabaseIdManager	DatabaseIdManager: Updated character online status.
2026.09.19 19:27:43,846	INFO	3	org.l2jmobius.gameserver.managers.DatabaseIdManager	DatabaseIdManager: Cleaned 0 expired timestamps.
2026.09.19 19:27:43,852	INFO	3	org.l2jmobius.gameserver.managers.IdManager	IdManager: 102912 ids available.
2026.09.19 19:27:43,852	INFO	3	org.l2jmobius.gameserver.GameServer	----------------------------------------=[ Scripting Engine ]
2026.09.19 19:27:43,901	INFO	3	org.l2jmobius.gameserver.scripting.ScriptEngine	Loaded 387 files to exclude.
2026.09.19 19:27:43,901	INFO	3	org.l2jmobius.gameserver.GameServer	---------------------------------------------------=[ World ]
2026.09.19 19:27:43,904	INFO	3	org.l2jmobius.commons.util.IXmlReader	InstanceManager: Multiverse Instance created.
2026.09.19 19:27:43,905	INFO	3	org.l2jmobius.commons.util.IXmlReader	InstanceManager: Universe Instance created.
2026.09.19 19:27:43,914	INFO	3	org.l2jmobius.commons.util.IXmlReader	InstanceManager: Loaded 2 instance templates.
2026.09.19 19:27:44,205	INFO	3	org.l2jmobius.gameserver.data.xml.MapRegionData	MapRegionData: Loaded 42 map regions.
2026.09.19 19:27:44,208	INFO	3	org.l2jmobius.gameserver.managers.GlobalVariablesManager	GlobalVariablesManager: Loaded 4 variables.
2026.09.19 19:27:44,208	INFO	3	org.l2jmobius.gameserver.GameServer	----------------------------------------------------=[ Data ]
2026.09.19 19:27:44,219	INFO	3	org.l2jmobius.gameserver.data.xml.CategoryData	CategoryData: Loaded 160 categories.
2026.09.19 19:27:44,222	INFO	3	org.l2jmobius.gameserver.GameServer	--------------------------------------------------=[ Skills ]
2026.09.19 19:27:44,922	INFO	3	handlers.EffectMasterHandler	EffectMasterHandler: Loaded 146 effect handlers.
2026.09.19 19:27:45,050	INFO	3	org.l2jmobius.gameserver.data.xml.EnchantSkillTreeData	EnchantSkillTreeData: Loaded 14551 enchant skills.
2026.09.19 19:27:45,186	INFO	3	org.l2jmobius.commons.util.IXmlReader	SkillTreeData: Loaded 13777 Class Skills for 89 class skill trees.
2026.09.19 19:27:45,186	INFO	3	org.l2jmobius.commons.util.IXmlReader	SkillTreeData: Loaded 117 fishing skills, 8 Dwarven only fishing skills.
2026.09.19 19:27:45,187	INFO	3	org.l2jmobius.commons.util.IXmlReader	SkillTreeData: Loaded 64 clan skills, 64 for clan and 0 residential.
2026.09.19 19:27:45,187	INFO	3	org.l2jmobius.commons.util.IXmlReader	SkillTreeData: Loaded 8 noble skills.
2026.09.19 19:27:45,187	INFO	3	org.l2jmobius.commons.util.IXmlReader	SkillTreeData: Loaded 5 hero skills.
2026.09.19 19:27:45,187	INFO	3	org.l2jmobius.commons.util.IXmlReader	SkillTreeData: Loaded 25 game master skills.
2026.09.19 19:27:45,187	INFO	3	org.l2jmobius.commons.util.IXmlReader	SkillTreeData: Loaded 1 game master aura skills.
2026.09.19 19:27:46,142	INFO	3	org.l2jmobius.gameserver.data.xml.SkillData	SkillData: Loaded 29867 Skill templates from XML files.
2026.09.19 19:27:46,156	INFO	3	org.l2jmobius.gameserver.data.xml.PetSkillData	PetSkillData: Loaded 795 skills.
2026.09.19 19:27:46,156	INFO	3	org.l2jmobius.gameserver.GameServer	---------------------------------------------------=[ Items ]
2026.09.19 19:27:46,271	INFO	3	org.l2jmobius.gameserver.data.xml.ItemData	ItemData: Highest item id used: 50000
2026.09.19 19:27:46,272	INFO	3	org.l2jmobius.gameserver.data.xml.ItemData	ItemData: Loaded 6882 etc items.
2026.09.19 19:27:46,272	INFO	3	org.l2jmobius.gameserver.data.xml.ItemData	ItemData: Loaded 1106 armor items.
2026.09.19 19:27:46,272	INFO	3	org.l2jmobius.gameserver.data.xml.ItemData	ItemData: Loaded 1223 weapon items.
2026.09.19 19:27:46,272	INFO	3	org.l2jmobius.gameserver.data.xml.ItemData	ItemData: Loaded 9211 items in total.
2026.09.19 19:27:46,274	INFO	3	org.l2jmobius.commons.util.IXmlReader	EnchantItemGroupsData: Loaded 4 item group templates.
2026.09.19 19:27:46,274	INFO	3	org.l2jmobius.commons.util.IXmlReader	EnchantItemGroupsData: Loaded 1 scroll group templates.
2026.09.19 19:27:46,274	INFO	3	org.l2jmobius.commons.util.IXmlReader	EnchantItemGroupsData: Max weapon enchant is set to 16.
2026.09.19 19:27:46,274	INFO	3	org.l2jmobius.commons.util.IXmlReader	EnchantItemGroupsData: Max armor enchant is set to 16.
2026.09.19 19:27:46,275	INFO	3	org.l2jmobius.commons.util.IXmlReader	EnchantItemGroupsData: Max accessory enchant is set to 16.
2026.09.19 19:27:46,276	INFO	3	org.l2jmobius.commons.util.IXmlReader	EnchantItemData: Loaded 30 enchant scrolls.
2026.09.19 19:27:46,436	INFO	3	org.l2jmobius.gameserver.data.xml.OptionData	OptionData: Loaded 16380 options.
2026.09.19 19:27:46,440	INFO	3	org.l2jmobius.commons.util.IXmlReader	EnchantItemHPBonusData: Loaded 6 enchant HP bonuses.
2026.09.19 19:27:46,440	INFO	3	org.l2jmobius.gameserver.data.MerchantPriceConfigTable	MerchantPriceConfigTable: Loaded 27 merchant price configs.
2026.09.19 19:27:46,615	WARNING	3	org.l2jmobius.commons.util.IXmlReader	Directory not found: /home/dex/L2J-Offline-OneClick/game/./data/buylists/custom
2026.09.19 19:27:46,615	INFO	3	org.l2jmobius.gameserver.data.xml.BuyListData	BuyListData: Loaded 616 buyLists.
2026.09.19 19:27:46,670	WARNING	3	org.l2jmobius.commons.util.IXmlReader	Buy price 2400 is less than sell price 435000 at entry 10 of multisell 600010.
2026.09.19 19:27:46,670	WARNING	3	org.l2jmobius.commons.util.IXmlReader	Buy price 6143 is less than sell price 650000 at entry 13 of multisell 600010.
2026.09.19 19:27:46,672	WARNING	3	org.l2jmobius.commons.util.IXmlReader	Buy price 6250 is less than sell price 17529460 at entry 44 of multisell 600014.
2026.09.19 19:27:46,672	WARNING	3	org.l2jmobius.commons.util.IXmlReader	Buy price 500 is less than sell price 13500000 at entry 45 of multisell 600014.
2026.09.19 19:27:46,672	WARNING	3	org.l2jmobius.commons.util.IXmlReader	Buy price 50 is less than sell price 13500000 at entry 49 of multisell 600014.
2026.09.19 19:27:46,672	WARNING	3	org.l2jmobius.commons.util.IXmlReader	Buy price 16080 is less than sell price 9150000 at entry 53 of multisell 600014.
2026.09.19 19:27:46,672	WARNING	3	org.l2jmobius.commons.util.IXmlReader	Buy price 5000 is less than sell price 162500 at entry 78 of multisell 600014.
2026.09.19 19:27:46,672	WARNING	3	org.l2jmobius.commons.util.IXmlReader	Buy price 10000 is less than sell price 13481650 at entry 87 of multisell 600014.
2026.09.19 19:27:46,672	WARNING	3	org.l2jmobius.commons.util.IXmlReader	Buy price 450000 is less than sell price 9150000 at entry 102 of multisell 600014.
2026.09.19 19:27:46,673	WARNING	3	org.l2jmobius.commons.util.IXmlReader	Buy price 11600 is less than sell price 6550000 at entry 176 of multisell 600014.
2026.09.19 19:27:46,673	WARNING	3	org.l2jmobius.commons.util.IXmlReader	Buy price 200 is less than sell price 6550000 at entry 210 of multisell 600014.
2026.09.19 19:27:46,673	WARNING	3	org.l2jmobius.commons.util.IXmlReader	Buy price 1062 is less than sell price 4340000 at entry 331 of multisell 600014.
2026.09.19 19:27:46,673	WARNING	3	org.l2jmobius.commons.util.IXmlReader	Buy price 8700 is less than sell price 3065000 at entry 360 of multisell 600014.
2026.09.19 19:27:46,673	WARNING	3	org.l2jmobius.commons.util.IXmlReader	Buy price 500 is less than sell price 2150000 at entry 488 of multisell 600014.
2026.09.19 19:27:46,675	WARNING	3	org.l2jmobius.commons.util.IXmlReader	Buy price 5000 is less than sell price 2242500 at entry 76 of multisell 600016.
2026.09.19 19:27:46,675	WARNING	3	org.l2jmobius.commons.util.IXmlReader	Buy price 23200 is less than sell price 815000 at entry 112 of multisell 600016.
2026.09.19 19:27:46,675	WARNING	3	org.l2jmobius.commons.util.IXmlReader	Buy price 4455 is less than sell price 402000 at entry 230 of multisell 600016.
2026.09.19 19:27:46,675	WARNING	3	org.l2jmobius.commons.util.IXmlReader	Buy price 40 is less than sell price 122500 at entry 428 of multisell 600016.
2026.09.19 19:27:46,675	WARNING	3	org.l2jmobius.commons.util.IXmlReader	Buy price 100 is less than sell price 184000 at entry 493 of multisell 600016.
2026.09.19 19:27:46,677	WARNING	3	org.l2jmobius.commons.util.IXmlReader	Buy price 2400 is less than sell price 435000 at entry 10 of multisell 61004.
2026.09.19 19:27:46,677	WARNING	3	org.l2jmobius.commons.util.IXmlReader	Buy price 6143 is less than sell price 650000 at entry 12 of multisell 61004.
2026.09.19 19:27:46,678	WARNING	3	org.l2jmobius.commons.util.IXmlReader	Buy price 5000 is less than sell price 162500 at entry 34 of multisell 61005.
2026.09.19 19:27:46,678	WARNING	3	org.l2jmobius.commons.util.IXmlReader	Buy price 10000 is less than sell price 13481650 at entry 42 of multisell 61005.
2026.09.19 19:27:46,679	WARNING	3	org.l2jmobius.commons.util.IXmlReader	Buy price 6250 is less than sell price 17529460 at entry 1 of multisell 61008.
2026.09.19 19:27:46,679	WARNING	3	org.l2jmobius.commons.util.IXmlReader	Buy price 500 is less than sell price 13500000 at entry 2 of multisell 61008.
2026.09.19 19:27:46,679	WARNING	3	org.l2jmobius.commons.util.IXmlReader	Buy price 450000 is less than sell price 9150000 at entry 4 of multisell 61008.
2026.09.19 19:27:46,681	WARNING	3	org.l2jmobius.commons.util.IXmlReader	Buy price 4455 is less than sell price 402000 at entry 55 of multisell 61016.
2026.09.19 19:27:46,682	WARNING	3	org.l2jmobius.commons.util.IXmlReader	Buy price 11600 is less than sell price 6550000 at entry 3 of multisell 61019.
2026.09.19 19:27:46,683	WARNING	3	org.l2jmobius.commons.util.IXmlReader	Buy price 200 is less than sell price 6550000 at entry 3 of multisell 61021.
2026.09.19 19:27:46,686	WARNING	3	org.l2jmobius.commons.util.IXmlReader	Buy price 40 is less than sell price 122500 at entry 15 of multisell 61030.
2026.09.19 19:27:46,686	WARNING	3	org.l2jmobius.commons.util.IXmlReader	Buy price 100 is less than sell price 184000 at entry 62 of multisell 61030.
2026.09.19 19:27:46,689	WARNING	3	org.l2jmobius.commons.util.IXmlReader	Buy price 8700 is less than sell price 3065000 at entry 4 of multisell 61041.
2026.09.19 19:27:46,689	WARNING	3	org.l2jmobius.commons.util.IXmlReader	Buy price 500 is less than sell price 2150000 at entry 20 of multisell 61041.
2026.09.19 19:27:46,691	SEVERE	3	org.l2jmobius.commons.util.IXmlReader	MultisellData: Error in file ./data/multisell/custom/62002.xml
2026.09.19 19:27:46,696	SEVERE	3	org.l2jmobius.commons.util.IXmlReader	MultisellData: Error in file ./data/multisell/custom/62102.xml
2026.09.19 19:27:46,701	SEVERE	3	org.l2jmobius.commons.util.IXmlReader	MultisellData: Error in file ./data/multisell/custom/62209.xml
2026.09.19 19:27:46,719	INFO	3	org.l2jmobius.commons.util.IXmlReader	MultisellData: Loaded 184 multisell lists.
2026.09.19 19:27:46,733	INFO	3	org.l2jmobius.commons.util.IXmlReader	RecipeData: Loaded 871 recipes.
2026.09.19 19:27:46,737	INFO	3	org.l2jmobius.commons.util.IXmlReader	ArmorSetData: Loaded 51 armor sets.
2026.09.19 19:27:46,741	INFO	3	org.l2jmobius.commons.util.IXmlReader	FishData: Loaded 278 fishes.
2026.09.19 19:27:46,742	INFO	3	org.l2jmobius.commons.util.IXmlReader	FishingMonstersData: Loaded 8 fishing monsters.
2026.09.19 19:27:46,743	INFO	3	org.l2jmobius.commons.util.IXmlReader	FishingRodsData: Loaded 6 fishing rods.
2026.09.19 19:27:46,751	INFO	3	org.l2jmobius.commons.util.IXmlReader	HennaData: Loaded 180 henna data.
2026.09.19 19:27:46,751	INFO	3	org.l2jmobius.gameserver.GameServer	----------------------------------------------=[ Characters ]
2026.09.19 19:27:46,752	INFO	3	org.l2jmobius.gameserver.data.xml.ClassListData	ClassListData: Loaded 89 class data.
2026.09.19 19:27:46,755	INFO	3	org.l2jmobius.gameserver.data.xml.InitialEquipmentData	InitialEquipmentData: Loaded 9 initial equipment data.
2026.09.19 19:27:46,756	INFO	3	org.l2jmobius.gameserver.data.xml.InitialShortcutData	InitialShortcutData: Loaded 5 initial global shortcut data.
2026.09.19 19:27:46,756	INFO	3	org.l2jmobius.gameserver.data.xml.InitialShortcutData	InitialShortcutData: Loaded 4 initial shortcut data.
2026.09.19 19:27:46,756	INFO	3	org.l2jmobius.gameserver.data.xml.InitialShortcutData	InitialShortcutData: Loaded 0 macro presets.
2026.09.19 19:27:46,757	INFO	3	org.l2jmobius.gameserver.data.xml.ExperienceData	ExperienceData: Loaded 81 levels.
2026.09.19 19:27:46,757	INFO	3	org.l2jmobius.gameserver.data.xml.ExperienceData	ExperienceData: Max Player Level is 80.
2026.09.19 19:27:46,757	INFO	3	org.l2jmobius.gameserver.data.xml.ExperienceData	ExperienceData: Max Pet Level is 80.
2026.09.19 19:27:46,758	INFO	3	org.l2jmobius.gameserver.data.xml.ExperienceLossData	ExperienceLossData: Loaded 80 levels.
2026.09.19 19:27:46,759	INFO	3	org.l2jmobius.gameserver.data.xml.KarmaLossData	KarmaLossData: Loaded 80 modifiers.
2026.09.19 19:27:46,760	INFO	3	org.l2jmobius.commons.util.IXmlReader	HitConditionBonusData: Loaded hit condition bonuses.
2026.09.19 19:27:46,832	INFO	3	org.l2jmobius.gameserver.data.xml.PlayerTemplateData	PlayerTemplateData: Loaded 89 player templates.
2026.09.19 19:27:46,832	INFO	3	org.l2jmobius.gameserver.data.xml.PlayerTemplateData	PlayerTemplateData: Loaded 42720 level up gain records.
2026.09.19 19:27:46,833	INFO	3	org.l2jmobius.gameserver.data.sql.CharInfoTable	CharInfoTable: Loaded 10 char names.
2026.09.19 19:27:46,835	INFO	3	org.l2jmobius.gameserver.data.xml.AdminData	AdminData: Loaded 10 access levels.
2026.09.19 19:27:46,837	INFO	3	org.l2jmobius.gameserver.data.xml.AdminData	AdminData: Loaded 433 access commands.
2026.09.19 19:27:46,838	INFO	3	org.l2jmobius.gameserver.managers.RaidBossPointsManager	RaidBossPointsManager: Loaded 0 Characters Raid Points.
2026.09.19 19:27:46,867	INFO	3	org.l2jmobius.commons.util.IXmlReader	PetDataTable: Loaded 12 pets.
2026.09.19 19:27:46,868	INFO	3	org.l2jmobius.gameserver.GameServer	---------------------------------------------------=[ Clans ]
2026.09.19 19:27:46,874	INFO	3	org.l2jmobius.gameserver.communitybbs.Manager.ForumsBBSManager	ForumsBBSManager: Loaded 4 forums. Last forum id used: 4
2026.09.19 19:27:46,874	INFO	3	org.l2jmobius.gameserver.data.sql.ClanTable	ClanTable: Restored 0 clans from the database.
2026.09.19 19:27:46,876	INFO	3	org.l2jmobius.gameserver.managers.CHSiegeManager	CHSiegeManager: Loaded 6 conquerable clan halls.
2026.09.19 19:27:46,896	INFO	3	org.l2jmobius.gameserver.managers.ClanHallAuctionManager	ClanHallAuctionManager: Loaded 38 auction(s)
2026.09.19 19:27:46,897	INFO	3	org.l2jmobius.gameserver.data.sql.ClanHallTable	ClanHallTable: Loaded 0 clan halls
2026.09.19 19:27:46,897	INFO	3	org.l2jmobius.gameserver.data.sql.ClanHallTable	ClanHallTable: Loaded 38 free clan halls
2026.09.19 19:27:46,898	INFO	3	org.l2jmobius.gameserver.GameServer	-------------------------------------------------=[ Geodata ]
2026.09.19 19:27:47,303	INFO	3	org.l2jmobius.gameserver.geoengine.GeoEngine	GeoEngine: Loaded 158 regions.
2026.09.19 19:27:47,304	INFO	3	org.l2jmobius.gameserver.GameServer	----------------------------------------------------=[ NPCs ]
2026.09.19 19:27:47,316	INFO	3	org.l2jmobius.gameserver.managers.ZoneManager	ZoneManager 12 by 17 Zone Region Grid set up.
2026.09.19 19:27:47,771	INFO	3	org.l2jmobius.commons.util.IXmlReader	NpcData: Loaded 6519 NPCs.
2026.09.19 19:27:47,780	INFO	3	org.l2jmobius.commons.util.IXmlReader	NpcData: Loaded 22 custom NPCs.
2026.09.19 19:27:47,782	INFO	3	org.l2jmobius.commons.util.IXmlReader	SkillLearnData: Loaded 217 skill learn data.
2026.09.19 19:27:47,784	INFO	3	org.l2jmobius.gameserver.managers.GrandBossManager	GrandBossManager: Gigantic Chaos Golem(25512) status is 0.
2026.09.19 19:27:47,785	INFO	3	org.l2jmobius.gameserver.managers.GrandBossManager	GrandBossManager: Queen Ant(29001) status is 0.
2026.09.19 19:27:47,785	INFO	3	org.l2jmobius.gameserver.managers.GrandBossManager	GrandBossManager: Core(29006) status is 0.
2026.09.19 19:27:47,785	INFO	3	org.l2jmobius.gameserver.managers.GrandBossManager	GrandBossManager: Orfen(29014) status is 0.
2026.09.19 19:27:47,785	INFO	3	org.l2jmobius.gameserver.managers.GrandBossManager	GrandBossManager: Antharas(29019) status is 0.
2026.09.19 19:27:47,785	INFO	3	org.l2jmobius.gameserver.managers.GrandBossManager	GrandBossManager: Baium(29020) status is 0.
2026.09.19 19:27:47,785	INFO	3	org.l2jmobius.gameserver.managers.GrandBossManager	GrandBossManager: Zaken(29022) status is 0.
2026.09.19 19:27:47,785	INFO	3	org.l2jmobius.gameserver.managers.GrandBossManager	GrandBossManager: Valakas(29028) status is 0.
2026.09.19 19:27:47,785	INFO	3	org.l2jmobius.gameserver.managers.GrandBossManager	GrandBossManager: Frintezza(29045) status is 0.
2026.09.19 19:27:47,785	INFO	3	org.l2jmobius.gameserver.managers.GrandBossManager	GrandBossManager: Loaded 9 Instances
2026.09.19 19:27:47,826	INFO	3	org.l2jmobius.gameserver.managers.ZoneManager	ZoneManager: Loaded 29 zone classes and 2411 zones.
2026.09.19 19:27:47,828	INFO	3	org.l2jmobius.gameserver.managers.ZoneManager	ZoneManager: Last static id 200224.
2026.09.19 19:27:47,843	INFO	3	org.l2jmobius.commons.util.IXmlReader	DoorData: Loaded 547 doors.
2026.09.19 19:27:47,846	INFO	3	FenceData	FenceData: Loaded 1 fences.
2026.09.19 19:27:47,849	INFO	3	org.l2jmobius.gameserver.data.xml.LevelUpCrystalData	Soul crystal data : Loaded 39
2026.09.19 19:27:47,849	INFO	3	org.l2jmobius.gameserver.data.xml.LevelUpCrystalData	Npc leveling crystal data : Loaded 125
2026.09.19 19:27:47,908	INFO	3	org.l2jmobius.gameserver.data.xml.FakePlayerData	FakePlayerData: Loaded 2 templates.
2026.09.19 19:27:47,909	INFO	3	org.l2jmobius.gameserver.managers.FakePlayerChatManager	FakePlayerChatManager: Loaded 19 chat templates.
2026.09.19 19:27:47,909	INFO	3	org.l2jmobius.gameserver.managers.FakePlayerChatManager	FakePlayerChatManager: Server-wide social chat enabled.
2026.09.19 19:27:47,912	INFO	3	org.l2jmobius.gameserver.managers.WalkingManager	WalkingManager: Loaded 14 walking routes.
2026.09.19 19:27:47,915	INFO	3	org.l2jmobius.gameserver.managers.FakePlayerBehaviorManager	FakePlayerBehaviorManager: Loaded 48 behavior profiles and 98 populations.
2026.09.19 19:27:47,915	INFO	3	org.l2jmobius.gameserver.managers.FakePlayerBehaviorManager	FakePlayerBehaviorManager: Fake player behavior enabled.
2026.09.19 19:27:47,962	INFO	3	org.l2jmobius.gameserver.managers.PhantomManager	PhantomManager: Swept 6 orphaned phantom character row(s) left by a previous unclean shutdown.
2026.09.19 19:27:47,990	INFO	3	org.l2jmobius.gameserver.managers.PhantomManager	PhantomManager: PhantomAutoHuntingZones is enabled but data/PhantomPopulations.generated.xml is missing - run tools/build_populations.py to generate it.
2026.09.19 19:27:47,990	INFO	3	org.l2jmobius.gameserver.managers.PhantomManager	PhantomManager: Loaded 844 phantom population(s), 0 crafted-friend order(s).
2026.09.19 19:27:47,990	INFO	3	org.l2jmobius.gameserver.managers.PhantomManager	PhantomManager: Phantom supervisor started.
2026.09.19 19:27:47,993	INFO	3	org.l2jmobius.gameserver.data.xml.PhantomPlaystyleData	PhantomPlaystyleData: Loaded playstyles for 67 class id(s).
2026.09.19 19:27:48,013	INFO	3	org.l2jmobius.gameserver.managers.PhantomBuddyManager	PhantomBuddyManager: Loaded 165 teleport destinations for buddies.
2026.09.19 19:27:48,017	INFO	3	org.l2jmobius.commons.util.IXmlReader	StaticObjectData: Loaded 29 static object templates.
2026.09.19 19:27:48,022	INFO	3	org.l2jmobius.gameserver.managers.CastleManager	CastleManager: Loaded 9 castles
2026.09.19 19:27:48,025	INFO	3	org.l2jmobius.gameserver.data.SchemeBufferTable	SchemeBufferTable: Loaded 8 categories and 190 entries from ./data/SchemeBufferSkills.xml.
2026.09.19 19:27:48,025	INFO	3	org.l2jmobius.gameserver.data.SchemeBufferTable	SchemeBufferTable: Loaded 0 scheme entries from database.
2026.09.19 19:27:48,025	INFO	3	org.l2jmobius.gameserver.data.SchemeBufferTable	SchemeBufferTable: Loaded 0 players and 87 available skills.
2026.09.19 19:27:48,025	INFO	3	org.l2jmobius.gameserver.managers.GrandBossManager	GrandBossManager: Initialized 10 Grand Boss Zones
2026.09.19 19:27:48,026	INFO	3	org.l2jmobius.gameserver.GameServer	------------------------------------------------=[ Olympiad ]
2026.09.19 19:27:48,028	INFO	3	org.l2jmobius.gameserver.model.olympiad.Olympiad	Olympiad System: Loading Olympiad System....
2026.09.19 19:27:48,028	INFO	3	org.l2jmobius.gameserver.model.olympiad.Olympiad	Olympiad System: Currently in Olympiad Period
2026.09.19 19:27:48,028	INFO	3	org.l2jmobius.gameserver.model.olympiad.Olympiad	Olympiad System: 11 days, 16 hours and 32 mins until period ends.
2026.09.19 19:27:48,028	INFO	3	org.l2jmobius.gameserver.model.olympiad.Olympiad	Olympiad System: Next weekly change is in 2 days, 1 hours and 40 mins.
2026.09.19 19:27:48,028	INFO	3	org.l2jmobius.gameserver.model.olympiad.Olympiad	Olympiad System: Loaded 0 Nobles
2026.09.19 19:27:48,028	INFO	3	org.l2jmobius.gameserver.model.olympiad.Olympiad	Olympiad System: Competition Period Starts in 0 days, 0 hours and 0 mins.
2026.09.19 19:27:48,030	INFO	3	org.l2jmobius.gameserver.model.olympiad.Olympiad	Olympiad System: Event starts/started : Sat Sep 19 18:00:48 CEST 2026
2026.09.19 19:27:48,032	INFO	3	org.l2jmobius.gameserver.model.olympiad.Hero	Hero System: Loaded 0 Heroes.
2026.09.19 19:27:48,032	INFO	3	org.l2jmobius.gameserver.model.olympiad.Hero	Hero System: Loaded 0 all time Heroes.
2026.09.19 19:27:48,032	INFO	3	org.l2jmobius.gameserver.GameServer	---------------------------------------------=[ Seven Signs ]
2026.09.19 19:27:48,034	INFO	3	org.l2jmobius.gameserver.model.sevensigns.SevenSigns	SevenSigns: Currently in the Competition (Quest Event) period!
2026.09.19 19:27:48,034	INFO	3	org.l2jmobius.gameserver.model.sevensigns.SevenSigns	SevenSigns: The Seal of Avarice remains unclaimed.
2026.09.19 19:27:48,034	INFO	3	org.l2jmobius.gameserver.model.sevensigns.SevenSigns	SevenSigns: The Seal of Gnosis remains unclaimed.
2026.09.19 19:27:48,034	INFO	3	org.l2jmobius.gameserver.model.sevensigns.SevenSigns	SevenSigns: The Seal of Strife remains unclaimed.
2026.09.19 19:27:48,034	INFO	3	org.l2jmobius.gameserver.model.sevensigns.SevenSigns	SevenSigns: The competition, if the current trend continues, will end in a tie this week.
2026.09.19 19:27:48,034	INFO	3	org.l2jmobius.gameserver.model.sevensigns.SevenSigns	SevenSigns: No-schedule mode is enabled - the period will not change automatically. Use //signs or a Priest of Dawn/Priestess of Dusk to advance it.
2026.09.19 19:27:48,034	INFO	3	org.l2jmobius.gameserver.GameServer	---------------------------------------------------=[ Cache ]
2026.09.19 19:27:48,034	INFO	3	org.l2jmobius.gameserver.cache.HtmCache	Cache[HTML]: Running lazy cache.
2026.09.19 19:27:48,047	INFO	3	org.l2jmobius.gameserver.data.sql.CrestTable	CrestTable: Loaded 1 Crests.
2026.09.19 19:27:48,076	INFO	3	org.l2jmobius.gameserver.managers.BotClanManager	BotClanManager: Loaded 12 bot clan(s) (12 with a crest), 3 alliance(s); recruit clan chance 60%, fake-player clan chance 47%.
2026.09.19 19:27:48,088	INFO	66	org.l2jmobius.gameserver.model.olympiad.Olympiad	Olympiad System: Olympiad Game Started
2026.09.19 19:27:48,117	INFO	3	org.l2jmobius.gameserver.data.xml.TeleporterData	TeleporterData: Loaded 143 npc teleporters.
2026.09.19 19:27:48,133	INFO	3	org.l2jmobius.gameserver.data.AugmentationData	AugmentationData: Loaded 22640 augmentations.
2026.09.19 19:27:48,135	INFO	3	org.l2jmobius.gameserver.managers.CursedWeaponsManager	CursedWeaponsManager: Loaded : 2 cursed weapon(s).
2026.09.19 19:27:48,135	INFO	3	org.l2jmobius.gameserver.GameServer	-------------------------------------------------=[ Scripts ]
2026.09.19 19:27:48,136	INFO	3	org.l2jmobius.gameserver.GameServer	Loading server scripts...
2026.09.19 19:27:48,889	INFO	3	handlers.MasterHandler	Loading Handlers...
2026.09.19 19:27:48,920	INFO	3	handlers.MasterHandler	ActionClickHandler: Loaded 10 handlers.
2026.09.19 19:27:48,920	INFO	3	handlers.MasterHandler	ActionShiftHandler: Loaded 6 handlers.
2026.09.19 19:27:48,920	INFO	3	handlers.MasterHandler	AdminCommandHandler: Loaded 450 handlers.
2026.09.19 19:27:48,920	INFO	3	handlers.MasterHandler	BypassHandler: Loaded 38 handlers.
2026.09.19 19:27:48,920	INFO	3	handlers.MasterHandler	ChatHandler: Loaded 14 handlers.
2026.09.19 19:27:48,920	INFO	3	handlers.MasterHandler	CommunityBoardHandler: Loaded 27 handlers.
2026.09.19 19:27:48,920	INFO	3	handlers.MasterHandler	ItemHandler: Loaded 25 handlers.
2026.09.19 19:27:48,920	INFO	3	handlers.MasterHandler	PunishmentHandler: Loaded 3 handlers.
2026.09.19 19:27:48,921	INFO	3	handlers.MasterHandler	UserCommandHandler: Loaded 15 handlers.
2026.09.19 19:27:48,921	INFO	3	handlers.MasterHandler	VoicedCommandHandler: Loaded 17 handlers.
2026.09.19 19:27:48,921	INFO	3	handlers.MasterHandler	TargetHandler: Loaded 34 handlers.
2026.09.19 19:27:48,921	INFO	3	handlers.MasterHandler	Handlers Loaded...
2026.09.19 19:27:49,957	INFO	3	ai.areas.ImperialTomb.FourSepulchers.FourSepulchers	[Four Sepulchers] Loaded 762 spawn zones data.
2026.09.19 19:27:49,983	INFO	3	ai.others.ClassMaster.ClassMaster	ClassMaster: Loaded 3 class change options.
2026.09.19 19:27:49,986	INFO	3	org.l2jmobius.commons.util.IXmlReader	NpcBuffersData: Loaded 10 buffers data.
2026.09.19 19:27:49,995	CONFIG	3	conquerablehalls.BanditStronghold.BanditStronghold	Bandit StrongHold siege scheduled for Tue Sep 29 12:00:00 CEST 2026.
2026.09.19 19:27:49,996	CONFIG	3	conquerablehalls.DevastatedCastle.DevastatedCastle	Devastated Castle siege scheduled for Tue Sep 29 12:00:00 CEST 2026.
2026.09.19 19:27:49,997	CONFIG	3	conquerablehalls.FortressOfResistance.FortressOfResistance	Fortress of Resistance siege scheduled for Tue Sep 29 12:00:00 CEST 2026.
2026.09.19 19:27:49,999	CONFIG	3	conquerablehalls.FortressOfTheDead.FortressOfTheDead	Fortress of the Dead siege scheduled for Tue Sep 29 12:00:00 CEST 2026.
2026.09.19 19:27:50,000	CONFIG	3	conquerablehalls.RainbowSpringsChateau.RainbowSpringsChateau	Rainbow Springs siege scheduled for Tue Sep 29 12:00:00 CEST 2026.
2026.09.19 19:27:50,001	CONFIG	3	conquerablehalls.WildBeastReserve.WildBeastReserve	Beast Farm siege scheduled for Tue Sep 29 12:00:00 CEST 2026.
2026.09.19 19:27:50,009	INFO	3	org.l2jmobius.commons.util.IXmlReader	Event Capture The Flag scheduled at 19/09/2026 19:40:00
2026.09.19 19:27:50,011	INFO	3	org.l2jmobius.commons.util.IXmlReader	Event Deathmatch scheduled at 19/09/2026 20:00:00
2026.09.19 19:27:50,015	INFO	3	org.l2jmobius.commons.util.IXmlReader	Event Team Vs Team scheduled at 19/09/2026 20:20:00
2026.09.19 19:27:50,017	INFO	3	org.l2jmobius.gameserver.model.script.Quest	Event Christmas has passed... Ignored 
2026.09.19 19:27:50,018	INFO	3	org.l2jmobius.gameserver.model.script.Quest	Event Heavy Medal has passed... Ignored 
2026.09.19 19:27:50,019	INFO	3	org.l2jmobius.gameserver.model.script.Quest	Event L2 Day has passed... Ignored 
2026.09.19 19:27:50,099	INFO	3	org.l2jmobius.gameserver.data.xml.SpawnData	SpawnData: Initializing spawns...
2026.09.19 19:27:50,942	INFO	3	org.l2jmobius.gameserver.data.xml.SpawnData	SpawnData: 36026 spawns have been initialized!
2026.09.19 19:27:50,944	INFO	3	org.l2jmobius.gameserver.managers.DayNightSpawnManager	DayNightSpawnManager: Removed 0 night creatures
2026.09.19 19:27:50,945	INFO	3	org.l2jmobius.gameserver.managers.DayNightSpawnManager	DayNightSpawnManager: Spawned 232 day creatures
2026.09.19 19:27:50,947	INFO	3	org.l2jmobius.gameserver.managers.DimensionalRiftManager	DimensionalRiftManager: Loaded 7 room types with 56 rooms.
2026.09.19 19:27:50,949	INFO	3	org.l2jmobius.gameserver.managers.DimensionalRiftManager	DimensionalRiftManager: Loaded 462 dimensional rift spawns, 0 errors.
2026.09.19 19:27:50,956	INFO	3	org.l2jmobius.gameserver.managers.RaidBossSpawnManager	RaidBossSpawnManager: Loaded 189 Instances
2026.09.19 19:27:50,956	INFO	3	org.l2jmobius.gameserver.managers.RaidBossSpawnManager	RaidBossSpawnManager: Scheduled 0 Instances
2026.09.19 19:27:50,956	INFO	3	org.l2jmobius.gameserver.GameServer	---------------------------------------------------=[ Siege ]
2026.09.19 19:27:50,959	INFO	3	org.l2jmobius.gameserver.data.xml.SiegeScheduleData	SiegeScheduleData: Loaded 9 siege schedulers.
2026.09.19 19:27:50,959	INFO	3	org.l2jmobius.gameserver.model.siege.Siege	Siege of Gludio: Sun Sep 20 16:00:00 CEST 2026
2026.09.19 19:27:50,960	INFO	3	org.l2jmobius.gameserver.model.siege.Siege	Siege of Dion: Sun Sep 20 20:00:00 CEST 2026
2026.09.19 19:27:50,960	INFO	3	org.l2jmobius.gameserver.model.siege.Siege	Siege of Giran: Sun Sep 20 16:00:00 CEST 2026
2026.09.19 19:27:50,960	INFO	3	org.l2jmobius.gameserver.model.siege.Siege	Siege of Oren: Sun Sep 20 20:00:00 CEST 2026
2026.09.19 19:27:50,960	INFO	3	org.l2jmobius.gameserver.model.siege.Siege	Siege of Aden: Sun Sep 20 16:00:00 CEST 2026
2026.09.19 19:27:50,961	INFO	3	org.l2jmobius.gameserver.model.siege.Siege	Siege of Innadril: Sun Sep 20 20:00:00 CEST 2026
2026.09.19 19:27:50,961	INFO	3	org.l2jmobius.gameserver.model.siege.Siege	Siege of Goddard: Sun Sep 20 16:00:00 CEST 2026
2026.09.19 19:27:50,961	INFO	3	org.l2jmobius.gameserver.model.siege.Siege	Siege of Rune: Sun Sep 20 20:00:00 CEST 2026
2026.09.19 19:27:50,961	INFO	3	org.l2jmobius.gameserver.model.siege.Siege	Siege of Schuttgart: Sun Sep 20 16:00:00 CEST 2026
2026.09.19 19:27:50,966	INFO	3	org.l2jmobius.gameserver.managers.CastleManorManager	CastleManorManager: Loaded 258 seeds.
2026.09.19 19:27:50,968	INFO	3	org.l2jmobius.gameserver.managers.CastleManorManager	CastleManorManager: Manor data loaded.
2026.09.19 19:27:50,969	INFO	3	org.l2jmobius.gameserver.managers.MercTicketManager	MercTicketManager: Loaded 0 Mercenary Tickets
2026.09.19 19:27:50,969	INFO	3	org.l2jmobius.gameserver.managers.ScriptManager	ScriptManager: Loaded 342 quests.
2026.09.19 19:27:50,969	INFO	3	org.l2jmobius.gameserver.managers.ScriptManager	ScriptManager: Loaded 125 scripts.
2026.09.19 19:27:50,970	INFO	3	org.l2jmobius.gameserver.managers.games.MonsterRaceManager	MonsterRace: loaded 18 records, currently on race #19
2026.09.19 19:27:50,995	INFO	3	org.l2jmobius.gameserver.model.sevensigns.SevenSignsFestival	SevenSignsFestival: The first Festival of Darkness cycle begins in 2 minute(s).
2026.09.19 19:27:50,996	INFO	3	org.l2jmobius.gameserver.GameServer	AutoSpawnHandler: Loaded 124 handlers in total.
2026.09.19 19:27:50,997	INFO	3	org.l2jmobius.gameserver.managers.DailyResetManager	DailyResetManager: Next schedule at 20/09/2026 06:30:00.
2026.09.19 19:27:50,998	INFO	3	org.l2jmobius.gameserver.managers.PunishmentManager	PunishmentManager: Loaded 0 active and 0 expired punishments.
2026.09.19 19:27:50,999	INFO	3	org.l2jmobius.gameserver.GameServer	IdManager: Free ObjectID's remaining: 1879007581
2026.09.19 19:27:51,000	INFO	3	org.l2jmobius.gameserver.data.sql.OfflineTraderTable	OfflineTraderTable: Loading offline traders...
2026.09.19 19:27:51,000	INFO	3	org.l2jmobius.gameserver.data.sql.OfflineTraderTable	OfflineTraderTable: Loaded 0 offline traders.
2026.09.19 19:27:51,001	INFO	3	org.l2jmobius.gameserver.data.sql.OfflinePlayTable	OfflinePlayTable: Loading offline auto players...
2026.09.19 19:27:51,001	INFO	3	org.l2jmobius.gameserver.data.sql.OfflinePlayTable	OfflinePlayTable: Loaded 0 offline auto players.
2026.09.19 19:27:51,001	INFO	3	org.l2jmobius.gameserver.data.sql.OfflinePlayTable	OfflinePlayTable: Loaded 0 offline groups.
2026.09.19 19:27:51,176	INFO	3	org.l2jmobius.gameserver.GameServer	GameServer: Started, using 1460 of 2048 MB total memory.
2026.09.19 19:27:51,176	INFO	175	org.l2jmobius.commons.util.DeadlockWatcher	DeadlockWatcher: Thread started.
2026.09.19 19:27:51,176	INFO	3	org.l2jmobius.gameserver.GameServer	GameServer: Maximum number of connected players is 2000.
2026.09.19 19:27:51,176	INFO	3	org.l2jmobius.gameserver.GameServer	GameServer: Server loaded in 7 seconds.
2026.09.19 19:27:51,183	INFO	177	org.l2jmobius.gameserver.LoginServerThread	LoginServerThread: Connecting to login on 127.0.0.1:9014
2026.09.19 19:27:51,191	INFO	177	org.l2jmobius.gameserver.LoginServerThread	LoginServerThread: Registered on login as Server 2: Sieghardt
2026.09.19 19:28:03,059	WARNING	67	org.l2jmobius.gameserver.managers.FakePlayerBehaviorManager	FakePlayerBehaviorManager: Population 'Dion Village Runner' references unknown route 'Dion_village_run'.
2026.09.19 19:28:03,201	INFO	67	org.l2jmobius.gameserver.managers.FakePlayerBehaviorManager	===== 989 BOTS DEPLOYED =====
2026.09.19 19:28:07,990	INFO	77	org.l2jmobius.gameserver.managers.PhantomManager	PhantomManager: Activating population 'Swamp Of Screams' (5 phantoms).
2026.09.19 19:28:07,991	INFO	77	org.l2jmobius.gameserver.managers.PhantomManager	PhantomManager: Activating population 'Valley Of Saints' (1 phantoms).
2026.09.19 19:28:08,069	INFO	91	org.l2jmobius.gameserver.managers.PhantomManager	PhantomManager: Spawned phantom 'Yorvenwyn' (objId=268476846, level 67).
2026.09.19 19:28:08,085	INFO	97	org.l2jmobius.gameserver.managers.PhantomManager	PhantomManager: Stocked Pyraelis with combat reagents [3031] (x20000 each).
2026.09.19 19:28:08,096	INFO	97	org.l2jmobius.gameserver.managers.PhantomManager	PhantomManager: Spawned phantom 'Pyraelis' (objId=268476845, level 73).
2026.09.19 19:28:08,303	INFO	71	org.l2jmobius.gameserver.managers.PhantomManager	PhantomManager: Stocked Pyrvenrok with combat reagents [2508] (x20000 each).
2026.09.19 19:28:08,316	INFO	71	org.l2jmobius.gameserver.managers.PhantomManager	PhantomManager: Spawned phantom 'Pyrvenrok' (objId=268476885, level 67).
2026.09.19 19:28:08,460	INFO	42	org.l2jmobius.gameserver.ui.SystemPanel	New maximum connected count of 4!
2026.09.19 19:28:08,550	INFO	66	org.l2jmobius.gameserver.managers.PhantomManager	PhantomManager: Stocked Gorynwen with combat reagents [3031] (x20000 each).
2026.09.19 19:28:08,560	INFO	66	org.l2jmobius.gameserver.managers.PhantomManager	PhantomManager: Spawned phantom 'Gorynwen' (objId=268476902, level 73).
2026.09.19 19:28:08,787	INFO	78	org.l2jmobius.gameserver.managers.PhantomManager	PhantomManager: Spawned phantom 'Yorzar' (objId=268476917, level 71).
2026.09.19 19:28:09,046	INFO	69	org.l2jmobius.gameserver.managers.PhantomManager	PhantomManager: Stocked Gorgar with combat reagents [3031] (x20000 each).
2026.09.19 19:28:09,057	INFO	69	org.l2jmobius.gameserver.managers.PhantomManager	PhantomManager: Spawned phantom 'Gorgar' (objId=268476931, level 73).
2026.09.19 19:28:09,459	INFO	42	org.l2jmobius.gameserver.ui.SystemPanel	New maximum connected count of 7!
2026.09.19 19:29:18,065	INFO	63	org.l2jmobius.gameserver.managers.PhantomManager	PhantomManager: Deactivated population 'Swamp Of Screams' (despawned 5).
2026.09.19 19:29:18,080	INFO	63	org.l2jmobius.gameserver.managers.PhantomManager	PhantomManager: Deactivated population 'Valley Of Saints' (despawned 1).
2026.09.19 19:29:47,990	INFO	80	org.l2jmobius.gameserver.managers.PhantomManager	PhantomManager: Activating population 'Swamp Of Screams' (5 phantoms).
2026.09.19 19:29:47,990	INFO	80	org.l2jmobius.gameserver.managers.PhantomManager	PhantomManager: Activating population 'Valley Of Saints' (1 phantoms).
2026.09.19 19:29:48,032	INFO	108	org.l2jmobius.gameserver.managers.PhantomManager	PhantomManager: Stocked Cadvenyr with combat reagents [1785] (x20000 each).
2026.09.19 19:29:48,043	INFO	108	org.l2jmobius.gameserver.managers.PhantomManager	PhantomManager: Spawned phantom 'Cadvenyr' (objId=268476964, level 74).
2026.09.19 19:29:48,047	INFO	93	org.l2jmobius.gameserver.managers.PhantomManager	PhantomManager: Spawned phantom 'Xandil' (objId=268476963, level 69).
2026.09.19 19:29:48,267	INFO	86	org.l2jmobius.gameserver.managers.PhantomManager	PhantomManager: Stocked Eilvenan with combat reagents [1785] (x20000 each).
2026.09.19 19:29:48,277	INFO	86	org.l2jmobius.gameserver.managers.PhantomManager	PhantomManager: Spawned phantom 'Eilvenan' (objId=268477022, level 70).
2026.09.19 19:29:48,533	INFO	90	org.l2jmobius.gameserver.managers.PhantomManager	PhantomManager: Stocked Cadyneth with combat reagents [3031] (x20000 each).
2026.09.19 19:29:48,547	INFO	90	org.l2jmobius.gameserver.managers.PhantomManager	PhantomManager: Spawned phantom 'Cadyneth' (objId=268477055, level 70).
2026.09.19 19:29:48,781	INFO	95	org.l2jmobius.gameserver.managers.PhantomManager	PhantomManager: Spawned phantom 'Brorimdoth' (objId=268477114, level 73).
2026.09.19 19:29:49,026	INFO	125	org.l2jmobius.gameserver.managers.PhantomManager	PhantomManager: Spawned phantom 'Goryr' (objId=268477130, level 74).
2026.09.19 19:29:49,459	INFO	42	org.l2jmobius.gameserver.ui.SystemPanel	New maximum connected count of 8!
2026.09.19 19:30:53,040	INFO	70	org.l2jmobius.gameserver.managers.PhantomManager	PhantomManager: Stocked Lyrowyn with combat reagents [1661] (x20000 each).
2026.09.19 19:30:53,051	INFO	70	org.l2jmobius.gameserver.managers.PhantomManager	PhantomManager: Spawned phantom 'Lyrowyn' (objId=268477209, level 68).
2026.09.19 19:31:08,047	INFO	102	org.l2jmobius.gameserver.managers.PhantomManager	PhantomManager: Spawned phantom 'Yorrimwen' (objId=268477226, level 68).
2026.09.19 19:31:18,053	INFO	102	org.l2jmobius.gameserver.managers.PhantomManager	PhantomManager: Spawned phantom 'Gorurayr' (objId=268477240, level 67).
2026.09.19 19:31:58,052	INFO	81	org.l2jmobius.gameserver.managers.PhantomManager	PhantomManager: Stocked Eilugar with combat reagents [2508] (x20000 each).
2026.09.19 19:31:58,061	INFO	81	org.l2jmobius.gameserver.managers.PhantomManager	PhantomManager: Spawned phantom 'Eilugar' (objId=268477276, level 69).
2026.09.19 19:32:23,040	INFO	108	org.l2jmobius.gameserver.managers.PhantomManager	PhantomManager: Stocked Wynlanvyn with combat reagents [1785] (x20000 each).
2026.09.19 19:32:23,050	INFO	108	org.l2jmobius.gameserver.managers.PhantomManager	PhantomManager: Spawned phantom 'Wynlanvyn' (objId=268477292, level 73).
2026.09.19 19:33:18,034	INFO	65	org.l2jmobius.gameserver.managers.PhantomManager	PhantomManager: Stocked Torielel with combat reagents [1785] (x20000 each).
2026.09.19 19:33:18,044	INFO	65	org.l2jmobius.gameserver.managers.PhantomManager	PhantomManager: Spawned phantom 'Torielel' (objId=268477320, level 72).
2026.09.19 19:33:38,043	INFO	102	org.l2jmobius.gameserver.managers.PhantomManager	PhantomManager: Spawned phantom 'Quorlangar' (objId=268477342, level 70).
2026.09.19 19:34:23,036	INFO	120	org.l2jmobius.gameserver.managers.PhantomManager	PhantomManager: Stocked Syllandoth with combat reagents [1661] (x20000 each).
2026.09.19 19:34:23,044	INFO	120	org.l2jmobius.gameserver.managers.PhantomManager	PhantomManager: Spawned phantom 'Syllandoth' (objId=268477365, level 66).
2026.09.19 19:34:48,051	INFO	104	org.l2jmobius.gameserver.managers.PhantomManager	PhantomManager: Stocked Corrimdil with combat reagents [2508] (x20000 each).
2026.09.19 19:34:48,060	INFO	104	org.l2jmobius.gameserver.managers.PhantomManager	PhantomManager: Spawned phantom 'Corrimdil' (objId=268477382, level 67).
2026.09.19 19:35:23,041	INFO	77	org.l2jmobius.gameserver.managers.PhantomManager	PhantomManager: Stocked Ulethmir with combat reagents [1661] (x20000 each).
2026.09.19 19:35:23,051	INFO	77	org.l2jmobius.gameserver.managers.PhantomManager	PhantomManager: Spawned phantom 'Ulethmir' (objId=268477402, level 74).
2026.09.19 19:36:18,006	INFO	86	org.l2jmobius.gameserver.managers.PhantomManager	PhantomManager: Deactivated population 'Valley Of Saints' (despawned 1).
2026.09.19 19:36:48,070	INFO	115	org.l2jmobius.gameserver.managers.PhantomManager	PhantomManager: Stocked Fenwyn with combat reagents [3031, 2508] (x20000 each).
2026.09.19 19:36:48,085	INFO	115	org.l2jmobius.gameserver.managers.PhantomManager	PhantomManager: Spawned phantom 'Fenwyn' (objId=268477420, level 74).
2026.09.19 19:36:52,990	INFO	91	org.l2jmobius.gameserver.managers.PhantomManager	PhantomManager: Activating population 'Valley Of Saints' (1 phantoms).
2026.09.19 19:36:53,032	INFO	93	org.l2jmobius.gameserver.managers.PhantomManager	PhantomManager: Stocked Joran with combat reagents [1661] (x20000 each).
2026.09.19 19:36:53,041	INFO	93	org.l2jmobius.gameserver.managers.PhantomManager	PhantomManager: Spawned phantom 'Joran' (objId=268477444, level 71).
2026.09.19 19:37:03,055	INFO	92	org.l2jmobius.gameserver.managers.PhantomManager	PhantomManager: Spawned phantom 'Lyrenor' (objId=268477464, level 66).
2026.09.19 19:37:58,006	INFO	82	org.l2jmobius.gameserver.managers.PhantomManager	PhantomManager: Deactivated population 'Valley Of Saints' (despawned 1).
2026.09.19 19:38:33,051	INFO	112	org.l2jmobius.gameserver.managers.PhantomManager	PhantomManager: Deactivated population 'Swamp Of Screams' (despawned 5).
2026.09.19 19:40:05,003	INFO	102	org.l2jmobius.gameserver.model.script.Quest	Event Capture The Flag scheduled at 19/09/2026 20:40:00
2026.09.19 19:45:17,990	INFO	114	org.l2jmobius.gameserver.managers.PhantomManager	PhantomManager: Activating population 'Dragon Valley' (1 phantoms).
2026.09.19 19:45:17,991	INFO	114	org.l2jmobius.gameserver.managers.PhantomManager	PhantomManager: Activating population 'Dragon Valley' (1 phantoms).
2026.09.19 19:45:18,063	INFO	110	org.l2jmobius.gameserver.managers.PhantomManager	PhantomManager: Spawned phantom 'Dûnwen' (objId=268477491, level 55).
2026.09.19 19:45:18,071	INFO	82	org.l2jmobius.gameserver.managers.PhantomManager	PhantomManager: Stocked Jorrimor with combat reagents [2508] (x20000 each).
2026.09.19 19:45:18,081	INFO	82	org.l2jmobius.gameserver.managers.PhantomManager	PhantomManager: Spawned phantom 'Jorrimor' (objId=268477490, level 57).
2026.09.19 19:47:42,990	INFO	77	org.l2jmobius.gameserver.managers.PhantomManager	PhantomManager: Activating population 'Dragon Valley' (1 phantoms).
2026.09.19 19:47:43,041	INFO	112	org.l2jmobius.gameserver.managers.PhantomManager	PhantomManager: Stocked Vaeorras with combat reagents [2508] (x20000 each).
2026.09.19 19:47:43,051	INFO	112	org.l2jmobius.gameserver.managers.PhantomManager	PhantomManager: Spawned phantom 'Vaeorras' (objId=268477585, level 57).
2026.09.19 19:48:22,990	INFO	81	org.l2jmobius.gameserver.managers.PhantomManager	PhantomManager: Deactivated population 'Dragon Valley' (despawned 0).
2026.09.19 19:48:57,990	INFO	100	org.l2jmobius.gameserver.managers.PhantomManager	PhantomManager: Activating population 'Antharas Lair' (1 phantoms).
2026.09.19 19:48:58,031	INFO	116	org.l2jmobius.gameserver.managers.PhantomManager	PhantomManager: Stocked Ithlanmir with combat reagents [1661] (x20000 each).
2026.09.19 19:48:58,041	INFO	116	org.l2jmobius.gameserver.managers.PhantomManager	PhantomManager: Spawned phantom 'Ithlanmir' (objId=268477623, level 60).
2026.09.19 19:49:07,990	INFO	108	org.l2jmobius.gameserver.managers.PhantomManager	PhantomManager: Activating population 'Antharas Lair' (5 phantoms).
2026.09.19 19:49:08,031	INFO	93	org.l2jmobius.gameserver.managers.PhantomManager	PhantomManager: Stocked Xanaeldil with combat reagents [1661] (x20000 each).
2026.09.19 19:49:08,040	INFO	93	org.l2jmobius.gameserver.managers.PhantomManager	PhantomManager: Spawned phantom 'Xanaeldil' (objId=268477639, level 63).
2026.09.19 19:49:08,282	INFO	120	org.l2jmobius.gameserver.managers.PhantomManager	PhantomManager: Stocked Nyxzar with combat reagents [1661] (x20000 each).
2026.09.19 19:49:08,292	INFO	120	org.l2jmobius.gameserver.managers.PhantomManager	PhantomManager: Spawned phantom 'Nyxzar' (objId=268477654, level 67).
2026.09.19 19:49:08,548	INFO	62	org.l2jmobius.gameserver.managers.PhantomManager	PhantomManager: Stocked Kelumir with combat reagents [2508] (x20000 each).
2026.09.19 19:49:08,560	INFO	62	org.l2jmobius.gameserver.managers.PhantomManager	PhantomManager: Spawned phantom 'Kelumir' (objId=268477671, level 64).
2026.09.19 19:49:08,780	INFO	63	org.l2jmobius.gameserver.managers.PhantomManager	PhantomManager: Stocked Rhawyn with combat reagents [1661] (x20000 each).
2026.09.19 19:49:08,789	INFO	63	org.l2jmobius.gameserver.managers.PhantomManager	PhantomManager: Spawned phantom 'Rhawyn' (objId=268477688, level 67).
2026.09.19 19:49:09,033	INFO	82	org.l2jmobius.gameserver.managers.PhantomManager	PhantomManager: Spawned phantom 'Ashzar' (objId=268477704, level 63).
2026.09.19 19:49:09,459	INFO	42	org.l2jmobius.gameserver.ui.SystemPanel	New maximum connected count of 10!
2026.09.19 19:49:23,004	INFO	65	org.l2jmobius.gameserver.managers.PhantomManager	PhantomManager: Deactivated population 'Dragon Valley' (despawned 1).
2026.09.19 19:49:23,030	INFO	65	org.l2jmobius.gameserver.managers.PhantomManager	PhantomManager: Deactivated population 'Dragon Valley' (despawned 1).
2026.09.19 19:50:38,004	INFO	93	org.l2jmobius.gameserver.managers.PhantomManager	PhantomManager: Deactivated population 'Antharas Lair' (despawned 1).
2026.09.19 19:50:38,063	INFO	93	org.l2jmobius.gameserver.managers.PhantomManager	PhantomManager: Deactivated population 'Antharas Lair' (despawned 5).
2026.09.19 19:51:27,956	WARNING	63	org.l2jmobius.gameserver.model.actor.Creature	Player: callSkill() failed.
2026.09.19 19:56:52,028	WARNING	134	org.l2jmobius.gameserver.model.events.EventDispatcher	EventDispatcher: Exception during notification of event: OnCreatureZoneEnter listener: ConsumerEventListener
2026.09.19 19:57:51,003	INFO	112	org.l2jmobius.gameserver.managers.GlobalVariablesManager	GlobalVariablesManager: Stored 4 variables.
2026.09.19 19:57:51,004	INFO	112	org.l2jmobius.gameserver.managers.DailyResetManager	Olympiad System: Data updated.
2026.09.19 19:57:51,005	INFO	112	org.l2jmobius.gameserver.managers.DailyResetManager	SevenSigns: Data updated.
2026.09.19 20:00:00,086	INFO	157	ai.bosses.Zaken.ZakenDoor	Zaken door ID: 21240006 opened, game time 00:00.
2026.09.19 20:00:00,089	INFO	154	org.l2jmobius.gameserver.managers.DayNightSpawnManager	DayNightSpawnManager: Removed 232 day creatures
2026.09.19 20:00:00,102	INFO	154	org.l2jmobius.gameserver.managers.DayNightSpawnManager	DayNightSpawnManager: Spawned 684 night creatures
2026.09.19 20:00:05,001	INFO	117	org.l2jmobius.gameserver.model.script.Quest	Event Deathmatch scheduled at 19/09/2026 21:00:00
2026.09.19 20:05:00,087	INFO	83	ai.bosses.Zaken.ZakenDoor	Zaken door ID: 21240006 closed, game time 00:30.
2026.09.19 20:12:22,990	INFO	122	org.l2jmobius.gameserver.managers.PhantomManager	PhantomManager: Activating population 'Dragon Valley' (1 phantoms).
2026.09.19 20:12:22,991	INFO	122	org.l2jmobius.gameserver.managers.PhantomManager	PhantomManager: Activating population 'Dragon Valley' (1 phantoms).
2026.09.19 20:12:23,040	INFO	75	org.l2jmobius.gameserver.managers.PhantomManager	PhantomManager: Spawned phantom 'Cadethor' (objId=268478537, level 51).
2026.09.19 20:12:23,051	INFO	97	org.l2jmobius.gameserver.managers.PhantomManager	PhantomManager: Stocked Cadel with combat reagents [2508] (x20000 each).
2026.09.19 20:12:23,059	INFO	97	org.l2jmobius.gameserver.managers.PhantomManager	PhantomManager: Spawned phantom 'Cadel' (objId=268478538, level 49).
2026.09.19 20:12:42,990	INFO	74	org.l2jmobius.gameserver.managers.PhantomManager	PhantomManager: Activating population 'Antharas Lair' (1 phantoms).
2026.09.19 20:12:43,024	INFO	97	org.l2jmobius.gameserver.managers.PhantomManager	PhantomManager: Stocked Zephielus with combat reagents [1661] (x20000 each).
2026.09.19 20:12:43,032	INFO	97	org.l2jmobius.gameserver.managers.PhantomManager	PhantomManager: Spawned phantom 'Zephielus' (objId=268478568, level 62).
2026.09.19 20:12:52,990	INFO	62	org.l2jmobius.gameserver.managers.PhantomManager	PhantomManager: Activating population 'Antharas Lair' (5 phantoms).
2026.09.19 20:12:53,021	INFO	65	org.l2jmobius.gameserver.managers.PhantomManager	PhantomManager: Stocked Cadvenan with combat reagents [1661] (x20000 each).
2026.09.19 20:12:53,028	INFO	65	org.l2jmobius.gameserver.managers.PhantomManager	PhantomManager: Spawned phantom 'Cadvenan' (objId=268478584, level 70).
2026.09.19 20:12:53,289	INFO	120	org.l2jmobius.gameserver.managers.PhantomManager	PhantomManager: Stocked Coromir with combat reagents [3031] (x20000 each).
2026.09.19 20:12:53,298	INFO	120	org.l2jmobius.gameserver.managers.PhantomManager	PhantomManager: Spawned phantom 'Coromir' (objId=268478602, level 75).
2026.09.19 20:12:53,520	INFO	91	org.l2jmobius.gameserver.managers.PhantomManager	PhantomManager: Stocked Dûnaan with combat reagents [1785] (x20000 each).
2026.09.19 20:12:53,529	INFO	91	org.l2jmobius.gameserver.managers.PhantomManager	PhantomManager: Spawned phantom 'Dûnaan' (objId=268478618, level 70).
2026.09.19 20:12:53,784	INFO	113	org.l2jmobius.gameserver.managers.PhantomManager	PhantomManager: Stocked Belyr with combat reagents [3031] (x20000 each).
2026.09.19 20:12:53,790	INFO	113	org.l2jmobius.gameserver.managers.PhantomManager	PhantomManager: Spawned phantom 'Belyr' (objId=268478635, level 70).
2026.09.19 20:12:54,021	INFO	67	org.l2jmobius.gameserver.managers.PhantomManager	PhantomManager: Stocked Quorrok with combat reagents [5589] (x20000 each).
2026.09.19 20:12:54,030	INFO	67	org.l2jmobius.gameserver.managers.PhantomManager	PhantomManager: Spawned phantom 'Quorrok' (objId=268478655, level 72).
2026.09.19 20:13:13,004	INFO	79	org.l2jmobius.gameserver.managers.PhantomManager	PhantomManager: Deactivated population 'Dragon Valley' (despawned 1).
2026.09.19 20:13:13,004	INFO	79	org.l2jmobius.gameserver.managers.PhantomManager	PhantomManager: Deactivated population 'Dragon Valley' (despawned 0).
2026.09.19 20:13:13,053	INFO	75	org.l2jmobius.gameserver.managers.PhantomManager	PhantomManager: Stocked Quoraeleth with combat reagents [3031, 2508] (x20000 each).
2026.09.19 20:13:13,062	INFO	75	org.l2jmobius.gameserver.managers.PhantomManager	PhantomManager: Spawned phantom 'Quoraeleth' (objId=268478670, level 59).
2026.09.19 20:15:08,066	INFO	91	org.l2jmobius.gameserver.managers.PhantomManager	PhantomManager: Deactivated population 'Antharas Lair' (despawned 5).
2026.09.19 20:16:06,550	WARNING	39	org.l2jmobius.gameserver.Shutdown	Server scheduled restart issued shutdown command. Shutdown in 1 seconds!
2026.09.19 20:16:07,551	WARNING	446	org.l2jmobius.gameserver.Shutdown	GM shutdown countdown is over. shutting down NOW!
2026.09.19 20:16:07,552	INFO	446	org.l2jmobius.gameserver.Shutdown	Offline Play Table: Offline play groups stored(1ms).
2026.09.19 20:16:07,661	INFO	446	org.l2jmobius.gameserver.Shutdown	All players disconnected and saved(109ms).
2026.09.19 20:16:07,661	INFO	446	org.l2jmobius.gameserver.Shutdown	Game Time Task Manager: Thread interruped(0ms).
2026.09.19 20:16:07,661	INFO	446	org.l2jmobius.commons.threads.ThreadPool	ThreadPool: Shutting down all thread pools.
2026.09.19 20:16:07,664	INFO	446	org.l2jmobius.gameserver.Shutdown	Thread Pool Manager: Manager has been shut down(3ms).
2026.09.19 20:16:07,664	INFO	446	org.l2jmobius.gameserver.Shutdown	Login Server Thread: Thread interruped(0ms).
2026.09.19 20:16:07,664	INFO	446	org.l2jmobius.gameserver.Shutdown	GM shutdown received. Shutting down NOW!
2026.09.19 20:16:07,665	INFO	446	org.l2jmobius.gameserver.Shutdown	SevenSignsFestival: Festival data saved(1ms).
2026.09.19 20:16:07,665	INFO	446	org.l2jmobius.gameserver.Shutdown	SevenSigns: Seven Signs data saved(0ms).
2026.09.19 20:16:07,666	INFO	446	org.l2jmobius.gameserver.Shutdown	SevenSigns: Seven Signs status saved(1ms).
2026.09.19 20:16:07,675	INFO	446	org.l2jmobius.gameserver.Shutdown	RaidBossSpawnManager: All raidboss info saved(9ms).
2026.09.19 20:16:07,676	INFO	446	org.l2jmobius.gameserver.Shutdown	GrandBossManager: All Grand Boss info saved(1ms).
2026.09.19 20:16:07,676	INFO	446	org.l2jmobius.gameserver.Shutdown	Olympiad System: Data saved(0ms).
2026.09.19 20:16:07,676	INFO	446	org.l2jmobius.gameserver.Shutdown	Hero System: Data saved(0ms).
2026.09.19 20:16:07,678	INFO	446	org.l2jmobius.gameserver.Shutdown	Clan System: Data saved(2ms).
2026.09.19 20:16:07,678	INFO	446	org.l2jmobius.gameserver.Shutdown	Cursed Weapons Manager: Data saved(0ms).
2026.09.19 20:16:07,678	INFO	446	org.l2jmobius.gameserver.Shutdown	Castle Manor Manager: Data saved(0ms).
2026.09.19 20:16:07,678	CONFIG	446	conquerablehalls.FortressOfTheDead.FortressOfTheDead	FortressOfTheDead: Successfully saved attackers to database.
2026.09.19 20:16:07,679	CONFIG	446	conquerablehalls.DevastatedCastle.DevastatedCastle	DevastatedCastle: Successfully saved attackers to database.
2026.09.19 20:16:07,679	CONFIG	446	conquerablehalls.BanditStronghold.BanditStronghold	BanditStronghold: Successfully saved attackers to database.
2026.09.19 20:16:07,679	CONFIG	446	conquerablehalls.FortressOfResistance.FortressOfResistance	FortressOfResistance: Successfully saved attackers to database.
2026.09.19 20:16:07,679	CONFIG	446	conquerablehalls.RainbowSpringsChateau.RainbowSpringsChateau	RainbowSpringsChateau: Successfully saved attackers to database.
2026.09.19 20:16:07,679	CONFIG	446	conquerablehalls.WildBeastReserve.WildBeastReserve	WildBeastReserve: Successfully saved attackers to database.
2026.09.19 20:16:07,679	INFO	446	org.l2jmobius.gameserver.Shutdown	CHSiegeManager: Siegable hall attacker lists saved!
2026.09.19 20:16:07,679	INFO	446	org.l2jmobius.gameserver.Shutdown	Script Manager: Data saved(1ms).
2026.09.19 20:16:07,684	INFO	446	org.l2jmobius.gameserver.managers.GlobalVariablesManager	GlobalVariablesManager: Stored 4 variables.
2026.09.19 20:16:07,684	INFO	446	org.l2jmobius.gameserver.Shutdown	Global Variables Manager: Variables saved(5ms).
2026.09.19 20:16:07,684	INFO	446	org.l2jmobius.gameserver.Shutdown	Fishing Championship Manager: Data saved(0ms).
2026.09.19 20:16:07,689	INFO	446	org.l2jmobius.gameserver.Shutdown	SchemeBufferTable: Data saved(4ms).
2026.09.19 20:16:12,690	INFO	446	org.l2jmobius.commons.database.DatabaseFactory	Database: HikariCP pool closed successfully.
2026.09.19 20:16:12,690	INFO	446	org.l2jmobius.gameserver.Shutdown	Database Factory: Database connection has been shut down(1ms).
2026.09.19 20:16:12,690	INFO	446	org.l2jmobius.gameserver.Shutdown	The server has been successfully shut down in 5seconds.
