2026-09-15 21:51:51 0 [Note] Starting MariaDB 11.4.5-MariaDB source revision 0771110266ff5c04216af4bf1243c65f8c67ccf4 server_uid qoEr01jsrR/ZSkaX3AZKbtJOaVk= as process 39433
2026-09-15 21:51:51 0 [Note] InnoDB: Compressed tables use zlib 1.3.1
2026-09-15 21:51:51 0 [Note] InnoDB: Number of transaction pools: 1
2026-09-15 21:51:51 0 [Note] InnoDB: Using crc32 + pclmulqdq instructions
2026-09-15 21:51:51 0 [Note] InnoDB: Using Linux native AIO
2026-09-15 21:51:51 0 [Note] InnoDB: Initializing buffer pool, total size = 128.000MiB, chunk size = 2.000MiB
2026-09-15 21:51:51 0 [Note] InnoDB: Initialized memory pressure event listener
2026-09-15 21:51:51 0 [Note] InnoDB: Completed initialization of buffer pool
2026-09-15 21:51:51 0 [Note] InnoDB: Buffered log writes (block size=512 bytes)
2026-09-15 21:51:51 0 [Note] InnoDB: End of log at LSN=47629
2026-09-15 21:51:51 0 [Note] InnoDB: Opened 3 undo tablespaces
2026-09-15 21:51:51 0 [Note] InnoDB: 128 rollback segments in 3 undo tablespaces are active.
2026-09-15 21:51:51 0 [Note] InnoDB: Setting file './ibtmp1' size to 12.000MiB. Physically writing the file full; Please wait ...
2026-09-15 21:51:51 0 [Note] InnoDB: File './ibtmp1' size is now 12.000MiB.
2026-09-15 21:51:51 0 [Note] InnoDB: log sequence number 47629; transaction id 14
2026-09-15 21:51:51 0 [Note] InnoDB: Loading buffer pool(s) from /var/home/jserodio/Emulation/wingames/L2-offline/L2J-Offline-OneClick/runtime-linux/mariadb-data/ib_buffer_pool
2026-09-15 21:51:51 0 [Note] Plugin 'FEEDBACK' is disabled.
2026-09-15 21:51:51 0 [Note] Plugin 'wsrep-provider' is disabled.
2026-09-15 21:51:51 0 [Note] InnoDB: Buffer pool(s) load completed at 260915 21:51:51
2026-09-15 21:51:52 0 [Note] InnoDB: Memory pressure event freed 169 pages
2026-09-15 21:51:52 0 [Note] Server socket created on IP: '127.0.0.1'.
2026-09-15 21:51:52 0 [Note] mariadbd: Event Scheduler: Loaded 0 events
2026-09-15 21:51:52 0 [Note] /home/jserodio/Emulation/wingames/L2-offline/L2J-Offline-OneClick/runtime-linux/mariadb/bin/mariadbd: ready for connections.
Version: '11.4.5-MariaDB'  socket: '/home/jserodio/Emulation/wingames/L2-offline/L2J-Offline-OneClick/runtime-linux/mariadb.sock'  port: 3306  MariaDB Server
2026-09-15 21:51:53 3 [Warning] Aborted connection 3 to db: 'unconnected' user: 'unauthenticated' host: 'localhost' (This connection closed normally without authentication)
2026-09-15 21:52:11 94 [Warning] Aborted connection 94 to db: 'unconnected' user: 'unauthenticated' host: 'localhost' (This connection closed normally without authentication)
2026-09-15 21:57:22 0 [Note] InnoDB: Memory pressure event freed 69 pages
2026-09-15 22:22:27 0 [Note] InnoDB: Memory pressure event freed 8 pages
2026-09-15 22:37:23 0 [Note] InnoDB: Memory pressure event freed 4 pages
2026-09-15 22:46:11 0 [Note] InnoDB: Memory pressure event freed 20 pages
2026-09-15 22:47:55 0 [Note] InnoDB: Memory pressure event freed 10 pages
2026-09-15 22:51:03 0 [Note] InnoDB: Memory pressure event freed 2 pages
2026-09-15 22:52:28 0 [Note] InnoDB: Memory pressure event freed 7 pages
2026-09-15 22:58:28 0 [Note] InnoDB: Memory pressure event freed 32 pages
2026-09-15 23:00:14 0 [Note] InnoDB: Memory pressure event freed 9 pages
2026-09-15 23:02:44 0 [Note] InnoDB: Memory pressure event freed 9 pages
2026-09-15 23:06:28 0 [Note] InnoDB: Memory pressure event freed 6 pages
2026-09-15 23:08:32 0 [Note] InnoDB: Memory pressure event freed 13 pages
2026-09-15 23:09:32 0 [Note] InnoDB: Memory pressure event freed 2 pages
2026-09-15 23:10:42 0 [Note] InnoDB: Memory pressure event freed 5 pages
2026-09-15 23:12:08 0 [Note] InnoDB: Memory pressure event freed 18 pages
2026-09-15 23:13:56 0 [Note] InnoDB: Memory pressure event freed 3 pages
2026-09-15 23:16:58 0 [Note] InnoDB: Memory pressure event freed 18 pages
2026-09-15 23:22:26 0 [Note] InnoDB: Memory pressure event freed 7 pages
2026-09-15 23:31:05 0 [Note] InnoDB: Memory pressure event freed 3 pages
2026-09-15 23:35:58 277 [Warning] Aborted connection 277 to db: 'l2jmobiusinterlude' user: 'root' host: 'localhost' (Got an error reading communication packets)
2026-09-15 23:35:58 275 [Warning] Aborted connection 275 to db: 'l2jmobiusinterlude' user: 'root' host: 'localhost' (Got an error reading communication packets)
2026-09-15 23:36:51 0 [Note] /home/jserodio/Emulation/wingames/L2-offline/L2J-Offline-OneClick/runtime-linux/mariadb/bin/mariadbd (initiated by: unknown): Normal shutdown
2026-09-15 23:36:51 0 [Note] InnoDB: FTS optimize thread exiting.
2026-09-15 23:36:51 0 [Note] InnoDB: Starting shutdown...
2026-09-15 23:36:51 0 [Note] InnoDB: Dumping buffer pool(s) to /var/home/jserodio/Emulation/wingames/L2-offline/L2J-Offline-OneClick/runtime-linux/mariadb-data/ib_buffer_pool
2026-09-15 23:36:51 0 [Note] InnoDB: Buffer pool(s) dump completed at 260915 23:36:51
2026-09-15 23:36:52 0 [Note] InnoDB: Removed temporary tablespace data file: "./ibtmp1"
2026-09-15 23:36:52 0 [Note] InnoDB: Shutdown completed; log sequence number 3010261; transaction id 2981
2026-09-15 23:36:52 0 [Note] /home/jserodio/Emulation/wingames/L2-offline/L2J-Offline-OneClick/runtime-linux/mariadb/bin/mariadbd: Shutdown complete
2026-09-19 10:15:23 0 [Note] Starting MariaDB 11.4.5-MariaDB source revision 0771110266ff5c04216af4bf1243c65f8c67ccf4 server_uid OxgpMdUTn1dWtgJfuZim7ZaxOCg= as process 10656
2026-09-19 10:15:23 0 [Note] InnoDB: Compressed tables use zlib 1.3.1
2026-09-19 10:15:23 0 [Note] InnoDB: Number of transaction pools: 1
2026-09-19 10:15:23 0 [Note] InnoDB: Using crc32 + pclmulqdq instructions
2026-09-19 10:15:23 0 [Note] InnoDB: Using Linux native AIO
2026-09-19 10:15:23 0 [Note] InnoDB: Initializing buffer pool, total size = 128.000MiB, chunk size = 2.000MiB
2026-09-19 10:15:23 0 [Note] InnoDB: Initialized memory pressure event listener
2026-09-19 10:15:23 0 [Note] InnoDB: Completed initialization of buffer pool
2026-09-19 10:15:23 0 [Note] InnoDB: Buffered log writes (block size=512 bytes)
2026-09-19 10:15:23 0 [Note] InnoDB: End of log at LSN=3010261
2026-09-19 10:15:23 0 [Note] InnoDB: Opened 3 undo tablespaces
2026-09-19 10:15:23 0 [Note] InnoDB: 128 rollback segments in 3 undo tablespaces are active.
2026-09-19 10:15:23 0 [Note] InnoDB: Setting file './ibtmp1' size to 12.000MiB. Physically writing the file full; Please wait ...
2026-09-19 10:15:23 0 [Note] InnoDB: File './ibtmp1' size is now 12.000MiB.
2026-09-19 10:15:23 0 [Note] InnoDB: log sequence number 3010261; transaction id 2982
2026-09-19 10:15:23 0 [Note] InnoDB: Loading buffer pool(s) from /home/dex/L2J-Offline-OneClick/runtime-linux/mariadb-data/ib_buffer_pool
2026-09-19 10:15:23 0 [Note] Plugin 'FEEDBACK' is disabled.
2026-09-19 10:15:23 0 [Note] Plugin 'wsrep-provider' is disabled.
2026-09-19 10:15:23 0 [Note] InnoDB: Buffer pool(s) load completed at 260919 10:15:23
2026-09-19 10:15:30 0 [Note] Server socket created on IP: '127.0.0.1'.
2026-09-19 10:15:30 0 [Note] mariadbd: Event Scheduler: Loaded 0 events
2026-09-19 10:15:30 0 [Note] /home/dex/L2J-Offline-OneClick/runtime-linux/mariadb/bin/mariadbd: ready for connections.
Version: '11.4.5-MariaDB'  socket: '/home/dex/L2J-Offline-OneClick/runtime-linux/mariadb.sock'  port: 3306  MariaDB Server
2026-09-19 10:15:30 3 [Warning] Aborted connection 3 to db: 'unconnected' user: 'unauthenticated' host: 'localhost' (This connection closed normally without authentication)
2026-09-19 10:18:44 17 [Warning] Aborted connection 17 to db: 'unconnected' user: 'unauthenticated' host: 'localhost' (This connection closed normally without authentication)
2026-09-19 10:37:44 34 [Warning] Aborted connection 34 to db: 'l2jmobiusinterlude' user: 'root' host: 'localhost' (Got an error reading communication packets)
2026-09-19 10:37:44 33 [Warning] Aborted connection 33 to db: 'l2jmobiusinterlude' user: 'root' host: 'localhost' (Got an error reading communication packets)
2026-09-19 10:44:03 35 [Warning] Aborted connection 35 to db: 'unconnected' user: 'unauthenticated' host: 'localhost' (This connection closed normally without authentication)
2026-09-19 11:05:53 71 [Warning] Aborted connection 71 to db: 'l2jmobiusinterlude' user: 'root' host: 'localhost' (Got an error reading communication packets)
2026-09-19 11:05:53 63 [Warning] Aborted connection 63 to db: 'l2jmobiusinterlude' user: 'root' host: 'localhost' (Got an error reading communication packets)
2026-09-19 11:12:21 73 [Warning] Aborted connection 73 to db: 'unconnected' user: 'unauthenticated' host: 'localhost' (This connection closed normally without authentication)
2026-09-19 11:54:41 138 [Warning] Access denied for user 'root'@'localhost' (using password: YES)
2026-09-19 11:56:30 0 [Note] InnoDB: Memory pressure event freed 557 pages
2026-09-19 12:16:46 162 [Warning] Aborted connection 162 to db: 'l2jmobiusinterlude' user: 'root' host: 'localhost' (Got an error reading communication packets)
2026-09-19 12:16:46 167 [Warning] Aborted connection 167 to db: 'l2jmobiusinterlude' user: 'root' host: 'localhost' (Got an error reading communication packets)
2026-09-19 12:17:13 173 [Warning] Aborted connection 173 to db: 'unconnected' user: 'unauthenticated' host: 'localhost' (This connection closed normally without authentication)
2026-09-19 13:09:21 250 [Warning] Aborted connection 250 to db: 'l2jmobiusinterlude' user: 'root' host: 'localhost' (Got an error reading communication packets)
2026-09-19 13:09:21 246 [Warning] Aborted connection 246 to db: 'l2jmobiusinterlude' user: 'root' host: 'localhost' (Got an error reading communication packets)
2026-09-19 13:09:32 256 [Warning] Aborted connection 256 to db: 'unconnected' user: 'unauthenticated' host: 'localhost' (This connection closed normally without authentication)
2026-09-19 13:19:01 271 [Warning] Aborted connection 271 to db: 'l2jmobiusinterlude' user: 'root' host: 'localhost' (Got an error reading communication packets)
2026-09-19 13:19:01 259 [Warning] Aborted connection 259 to db: 'l2jmobiusinterlude' user: 'root' host: 'localhost' (Got an error reading communication packets)
2026-09-19 13:19:11 281 [Warning] Aborted connection 281 to db: 'unconnected' user: 'unauthenticated' host: 'localhost' (This connection closed normally without authentication)
2026-09-19 13:29:09 297 [Warning] Aborted connection 297 to db: 'l2jmobiusinterlude' user: 'root' host: 'localhost' (Got an error reading communication packets)
2026-09-19 13:29:09 295 [Warning] Aborted connection 295 to db: 'l2jmobiusinterlude' user: 'root' host: 'localhost' (Got an error reading communication packets)
2026-09-19 13:29:22 307 [Warning] Aborted connection 307 to db: 'unconnected' user: 'unauthenticated' host: 'localhost' (This connection closed normally without authentication)
2026-09-19 13:40:37 331 [Warning] Aborted connection 331 to db: 'l2jmobiusinterlude' user: 'root' host: 'localhost' (Got an error reading communication packets)
2026-09-19 13:40:37 321 [Warning] Aborted connection 321 to db: 'l2jmobiusinterlude' user: 'root' host: 'localhost' (Got an error reading communication packets)
2026-09-19 13:40:46 333 [Warning] Aborted connection 333 to db: 'unconnected' user: 'unauthenticated' host: 'localhost' (This connection closed normally without authentication)
2026-09-19 13:53:28 356 [Warning] Aborted connection 356 to db: 'l2jmobiusinterlude' user: 'root' host: 'localhost' (Got an error reading communication packets)
2026-09-19 13:53:28 347 [Warning] Aborted connection 347 to db: 'l2jmobiusinterlude' user: 'root' host: 'localhost' (Got an error reading communication packets)
2026-09-19 13:54:19 359 [Warning] Aborted connection 359 to db: 'unconnected' user: 'unauthenticated' host: 'localhost' (This connection closed normally without authentication)
2026-09-19 14:01:10 362 [Warning] Aborted connection 362 to db: 'l2jmobiusinterlude' user: 'root' host: 'localhost' (Got an error reading communication packets)
2026-09-19 14:01:10 361 [Warning] Aborted connection 361 to db: 'l2jmobiusinterlude' user: 'root' host: 'localhost' (Got an error reading communication packets)
2026-09-19 14:01:19 373 [Warning] Aborted connection 373 to db: 'unconnected' user: 'unauthenticated' host: 'localhost' (This connection closed normally without authentication)
2026-09-19 14:14:52 388 [Warning] Aborted connection 388 to db: 'l2jmobiusinterlude' user: 'root' host: 'localhost' (Got an error reading communication packets)
2026-09-19 14:14:52 389 [Warning] Aborted connection 389 to db: 'l2jmobiusinterlude' user: 'root' host: 'localhost' (Got an error reading communication packets)
2026-09-19 14:15:38 400 [Warning] Aborted connection 400 to db: 'unconnected' user: 'unauthenticated' host: 'localhost' (This connection closed normally without authentication)
2026-09-19 14:28:45 416 [Warning] Aborted connection 416 to db: 'l2jmobiusinterlude' user: 'root' host: 'localhost' (Got an error reading communication packets)
2026-09-19 14:28:45 420 [Warning] Aborted connection 420 to db: 'l2jmobiusinterlude' user: 'root' host: 'localhost' (Got an error reading communication packets)
2026-09-19 14:36:10 426 [Warning] Aborted connection 426 to db: 'unconnected' user: 'unauthenticated' host: 'localhost' (This connection closed normally without authentication)
2026-09-19 14:55:49 460 [Warning] Aborted connection 460 to db: 'l2jmobiusinterlude' user: 'root' host: 'localhost' (Got an error reading communication packets)
2026-09-19 14:55:49 459 [Warning] Aborted connection 459 to db: 'l2jmobiusinterlude' user: 'root' host: 'localhost' (Got an error reading communication packets)
2026-09-19 14:56:04 464 [Warning] Aborted connection 464 to db: 'unconnected' user: 'unauthenticated' host: 'localhost' (This connection closed normally without authentication)
2026-09-19 14:57:55 466 [Warning] Aborted connection 466 to db: 'l2jmobiusinterlude' user: 'root' host: 'localhost' (Got an error reading communication packets)
2026-09-19 14:57:55 467 [Warning] Aborted connection 467 to db: 'l2jmobiusinterlude' user: 'root' host: 'localhost' (Got an error reading communication packets)
2026-09-19 14:58:03 478 [Warning] Aborted connection 478 to db: 'unconnected' user: 'unauthenticated' host: 'localhost' (This connection closed normally without authentication)
2026-09-19 14:59:33 480 [Warning] Aborted connection 480 to db: 'l2jmobiusinterlude' user: 'root' host: 'localhost' (Got an error reading communication packets)
2026-09-19 14:59:33 481 [Warning] Aborted connection 481 to db: 'l2jmobiusinterlude' user: 'root' host: 'localhost' (Got an error reading communication packets)
2026-09-19 14:59:50 492 [Warning] Aborted connection 492 to db: 'unconnected' user: 'unauthenticated' host: 'localhost' (This connection closed normally without authentication)
2026-09-19 15:01:25 494 [Warning] Aborted connection 494 to db: 'l2jmobiusinterlude' user: 'root' host: 'localhost' (Got an error reading communication packets)
2026-09-19 15:01:25 495 [Warning] Aborted connection 495 to db: 'l2jmobiusinterlude' user: 'root' host: 'localhost' (Got an error reading communication packets)
2026-09-19 15:01:33 506 [Warning] Aborted connection 506 to db: 'unconnected' user: 'unauthenticated' host: 'localhost' (This connection closed normally without authentication)
2026-09-19 15:04:37 509 [Warning] Aborted connection 509 to db: 'l2jmobiusinterlude' user: 'root' host: 'localhost' (Got an error reading communication packets)
2026-09-19 15:04:37 508 [Warning] Aborted connection 508 to db: 'l2jmobiusinterlude' user: 'root' host: 'localhost' (Got an error reading communication packets)
2026-09-19 15:04:47 520 [Warning] Aborted connection 520 to db: 'unconnected' user: 'unauthenticated' host: 'localhost' (This connection closed normally without authentication)
2026-09-19 15:14:31 522 [Warning] Aborted connection 522 to db: 'l2jmobiusinterlude' user: 'root' host: 'localhost' (Got an error reading communication packets)
2026-09-19 15:14:31 539 [Warning] Aborted connection 539 to db: 'l2jmobiusinterlude' user: 'root' host: 'localhost' (Got an error reading communication packets)
2026-09-19 15:14:37 542 [Warning] Aborted connection 542 to db: 'unconnected' user: 'unauthenticated' host: 'localhost' (This connection closed normally without authentication)
2026-09-19 15:16:48 545 [Warning] Aborted connection 545 to db: 'l2jmobiusinterlude' user: 'root' host: 'localhost' (Got an error reading communication packets)
2026-09-19 15:16:48 544 [Warning] Aborted connection 544 to db: 'l2jmobiusinterlude' user: 'root' host: 'localhost' (Got an error reading communication packets)
2026-09-19 15:17:06 556 [Warning] Aborted connection 556 to db: 'unconnected' user: 'unauthenticated' host: 'localhost' (This connection closed normally without authentication)
2026-09-19 15:19:45 559 [Warning] Aborted connection 559 to db: 'l2jmobiusinterlude' user: 'root' host: 'localhost' (Got an error reading communication packets)
2026-09-19 15:19:45 558 [Warning] Aborted connection 558 to db: 'l2jmobiusinterlude' user: 'root' host: 'localhost' (Got an error reading communication packets)
2026-09-19 15:19:58 570 [Warning] Aborted connection 570 to db: 'unconnected' user: 'unauthenticated' host: 'localhost' (This connection closed normally without authentication)
2026-09-19 15:21:47 572 [Warning] Aborted connection 572 to db: 'l2jmobiusinterlude' user: 'root' host: 'localhost' (Got an error reading communication packets)
2026-09-19 15:21:47 573 [Warning] Aborted connection 573 to db: 'l2jmobiusinterlude' user: 'root' host: 'localhost' (Got an error reading communication packets)
2026-09-19 15:21:52 584 [Warning] Aborted connection 584 to db: 'unconnected' user: 'unauthenticated' host: 'localhost' (This connection closed normally without authentication)
2026-09-19 15:52:55 0 [Note] Starting MariaDB 11.4.5-MariaDB source revision 0771110266ff5c04216af4bf1243c65f8c67ccf4 server_uid OxgpMdUTn1dWtgJfuZim7ZaxOCg= as process 7833
2026-09-19 15:52:55 0 [Note] InnoDB: Compressed tables use zlib 1.3.1
2026-09-19 15:52:55 0 [Note] InnoDB: Number of transaction pools: 1
2026-09-19 15:52:55 0 [Note] InnoDB: Using crc32 + pclmulqdq instructions
2026-09-19 15:52:55 0 [Note] InnoDB: Using Linux native AIO
2026-09-19 15:52:55 0 [Note] InnoDB: Initializing buffer pool, total size = 128.000MiB, chunk size = 2.000MiB
2026-09-19 15:52:55 0 [Note] InnoDB: Initialized memory pressure event listener
2026-09-19 15:52:55 0 [Note] InnoDB: Completed initialization of buffer pool
2026-09-19 15:52:55 0 [Note] InnoDB: Buffered log writes (block size=512 bytes)
2026-09-19 15:52:55 0 [Note] InnoDB: Starting crash recovery from checkpoint LSN=3010245
2026-09-19 15:52:55 0 [Note] InnoDB: End of log at LSN=12306866
2026-09-19 15:52:55 0 [Note] InnoDB: To recover: 557 pages
2026-09-19 15:52:55 0 [Note] InnoDB: Opened 3 undo tablespaces
2026-09-19 15:52:55 0 [Note] InnoDB: 128 rollback segments in 3 undo tablespaces are active.
2026-09-19 15:52:55 0 [Note] InnoDB: Removed temporary tablespace data file: "./ibtmp1"
2026-09-19 15:52:55 0 [Note] InnoDB: Setting file './ibtmp1' size to 12.000MiB. Physically writing the file full; Please wait ...
2026-09-19 15:52:55 0 [Note] InnoDB: File './ibtmp1' size is now 12.000MiB.
2026-09-19 15:52:55 0 [Note] InnoDB: log sequence number 12306866; transaction id 27039
2026-09-19 15:52:55 0 [Note] InnoDB: Loading buffer pool(s) from /home/dex/L2J-Offline-OneClick/runtime-linux/mariadb-data/ib_buffer_pool
2026-09-19 15:52:55 0 [Note] Plugin 'FEEDBACK' is disabled.
2026-09-19 15:52:55 0 [Note] Plugin 'wsrep-provider' is disabled.
2026-09-19 15:52:55 0 [Note] Recovering after a crash using tc.log
2026-09-19 15:52:55 0 [Note] Starting table crash recovery...
2026-09-19 15:52:55 0 [Note] Crash table recovery finished.
2026-09-19 15:52:55 0 [Note] InnoDB: Buffer pool(s) load completed at 260919 15:52:55
2026-09-19 15:53:00 0 [Note] Server socket created on IP: '127.0.0.1'.
2026-09-19 15:53:00 0 [Note] mariadbd: Event Scheduler: Loaded 0 events
2026-09-19 15:53:00 0 [Note] /home/dex/L2J-Offline-OneClick/runtime-linux/mariadb/bin/mariadbd: ready for connections.
Version: '11.4.5-MariaDB'  socket: '/home/dex/L2J-Offline-OneClick/runtime-linux/mariadb.sock'  port: 3306  MariaDB Server
2026-09-19 15:53:00 3 [Warning] Aborted connection 3 to db: 'unconnected' user: 'unauthenticated' host: 'localhost' (This connection closed normally without authentication)
2026-09-19 16:03:50 24 [Warning] Aborted connection 24 to db: 'l2jmobiusinterlude' user: 'root' host: 'localhost' (Got an error reading communication packets)
2026-09-19 16:03:50 25 [Warning] Aborted connection 25 to db: 'l2jmobiusinterlude' user: 'root' host: 'localhost' (Got an error reading communication packets)
2026-09-19 16:03:56 29 [Warning] Aborted connection 29 to db: 'unconnected' user: 'unauthenticated' host: 'localhost' (This connection closed normally without authentication)
2026-09-19 16:32:29 77 [Warning] Aborted connection 77 to db: 'l2jmobiusinterlude' user: 'root' host: 'localhost' (Got an error reading communication packets)
2026-09-19 16:32:29 67 [Warning] Aborted connection 67 to db: 'l2jmobiusinterlude' user: 'root' host: 'localhost' (Got an error reading communication packets)
2026-09-19 16:32:36 78 [Warning] Aborted connection 78 to db: 'unconnected' user: 'unauthenticated' host: 'localhost' (This connection closed normally without authentication)
2026-09-19 16:39:48 80 [Warning] Aborted connection 80 to db: 'l2jmobiusinterlude' user: 'root' host: 'localhost' (Got an error reading communication packets)
2026-09-19 16:39:48 81 [Warning] Aborted connection 81 to db: 'l2jmobiusinterlude' user: 'root' host: 'localhost' (Got an error reading communication packets)
2026-09-19 16:40:04 92 [Warning] Aborted connection 92 to db: 'unconnected' user: 'unauthenticated' host: 'localhost' (This connection closed normally without authentication)
2026-09-19 16:44:05 95 [Warning] Aborted connection 95 to db: 'l2jmobiusinterlude' user: 'root' host: 'localhost' (Got an error reading communication packets)
2026-09-19 16:44:05 94 [Warning] Aborted connection 94 to db: 'l2jmobiusinterlude' user: 'root' host: 'localhost' (Got an error reading communication packets)
2026-09-19 16:44:14 106 [Warning] Aborted connection 106 to db: 'unconnected' user: 'unauthenticated' host: 'localhost' (This connection closed normally without authentication)
2026-09-19 16:49:54 109 [Warning] Aborted connection 109 to db: 'l2jmobiusinterlude' user: 'root' host: 'localhost' (Got an error reading communication packets)
2026-09-19 16:49:54 108 [Warning] Aborted connection 108 to db: 'l2jmobiusinterlude' user: 'root' host: 'localhost' (Got an error reading communication packets)
2026-09-19 16:50:00 120 [Warning] Aborted connection 120 to db: 'unconnected' user: 'unauthenticated' host: 'localhost' (This connection closed normally without authentication)
2026-09-19 17:07:34 146 [Warning] Aborted connection 146 to db: 'l2jmobiusinterlude' user: 'root' host: 'localhost' (Got an error reading communication packets)
2026-09-19 17:07:34 143 [Warning] Aborted connection 143 to db: 'l2jmobiusinterlude' user: 'root' host: 'localhost' (Got an error reading communication packets)
2026-09-19 17:07:41 153 [Warning] Aborted connection 153 to db: 'unconnected' user: 'unauthenticated' host: 'localhost' (This connection closed normally without authentication)
2026-09-19 17:18:41 171 [Warning] Aborted connection 171 to db: 'l2jmobiusinterlude' user: 'root' host: 'localhost' (Got an error reading communication packets)
2026-09-19 17:18:41 167 [Warning] Aborted connection 167 to db: 'l2jmobiusinterlude' user: 'root' host: 'localhost' (Got an error reading communication packets)
2026-09-19 17:18:46 179 [Warning] Aborted connection 179 to db: 'unconnected' user: 'unauthenticated' host: 'localhost' (This connection closed normally without authentication)
2026-09-19 17:34:45 193 [Warning] Aborted connection 193 to db: 'l2jmobiusinterlude' user: 'root' host: 'localhost' (Got an error reading communication packets)
2026-09-19 17:34:45 194 [Warning] Aborted connection 194 to db: 'l2jmobiusinterlude' user: 'root' host: 'localhost' (Got an error reading communication packets)
2026-09-19 17:34:55 205 [Warning] Aborted connection 205 to db: 'unconnected' user: 'unauthenticated' host: 'localhost' (This connection closed normally without authentication)
2026-09-19 18:03:19 248 [Warning] Aborted connection 248 to db: 'l2jmobiusinterlude' user: 'root' host: 'localhost' (Got an error reading communication packets)
2026-09-19 18:03:19 253 [Warning] Aborted connection 253 to db: 'l2jmobiusinterlude' user: 'root' host: 'localhost' (Got an error reading communication packets)
2026-09-19 18:03:26 254 [Warning] Aborted connection 254 to db: 'unconnected' user: 'unauthenticated' host: 'localhost' (This connection closed normally without authentication)
2026-09-19 18:04:34 257 [Warning] Aborted connection 257 to db: 'l2jmobiusinterlude' user: 'root' host: 'localhost' (Got an error reading communication packets)
2026-09-19 18:04:34 256 [Warning] Aborted connection 256 to db: 'l2jmobiusinterlude' user: 'root' host: 'localhost' (Got an error reading communication packets)
2026-09-19 18:04:40 268 [Warning] Aborted connection 268 to db: 'unconnected' user: 'unauthenticated' host: 'localhost' (This connection closed normally without authentication)
2026-09-19 18:47:56 0 [Note] Starting MariaDB 11.4.5-MariaDB source revision 0771110266ff5c04216af4bf1243c65f8c67ccf4 server_uid OxgpMdUTn1dWtgJfuZim7ZaxOCg= as process 4043
2026-09-19 18:47:56 0 [Note] InnoDB: Compressed tables use zlib 1.3.1
2026-09-19 18:47:56 0 [Note] InnoDB: Number of transaction pools: 1
2026-09-19 18:47:56 0 [Note] InnoDB: Using crc32 + pclmulqdq instructions
2026-09-19 18:47:56 0 [Note] InnoDB: Using Linux native AIO
2026-09-19 18:47:56 0 [Note] InnoDB: Initializing buffer pool, total size = 128.000MiB, chunk size = 2.000MiB
2026-09-19 18:47:56 0 [Note] InnoDB: Initialized memory pressure event listener
2026-09-19 18:47:56 0 [Note] InnoDB: Completed initialization of buffer pool
2026-09-19 18:47:56 0 [Note] InnoDB: Buffered log writes (block size=512 bytes)
2026-09-19 18:47:56 0 [Note] InnoDB: Starting crash recovery from checkpoint LSN=12223084
2026-09-19 18:47:56 0 [Note] InnoDB: End of log at LSN=27881572
2026-09-19 18:47:56 0 [Note] InnoDB: To recover: 553 pages
2026-09-19 18:47:56 0 [Note] InnoDB: Opened 3 undo tablespaces
2026-09-19 18:47:56 0 [Note] InnoDB: 128 rollback segments in 3 undo tablespaces are active.
2026-09-19 18:47:56 0 [Note] InnoDB: Removed temporary tablespace data file: "./ibtmp1"
2026-09-19 18:47:56 0 [Note] InnoDB: Setting file './ibtmp1' size to 12.000MiB. Physically writing the file full; Please wait ...
2026-09-19 18:47:56 0 [Note] InnoDB: File './ibtmp1' size is now 12.000MiB.
2026-09-19 18:47:56 0 [Note] InnoDB: log sequence number 27881572; transaction id 56732
2026-09-19 18:47:56 0 [Note] InnoDB: Loading buffer pool(s) from /home/dex/L2J-Offline-OneClick/runtime-linux/mariadb-data/ib_buffer_pool
2026-09-19 18:47:56 0 [Note] Plugin 'FEEDBACK' is disabled.
2026-09-19 18:47:56 0 [Note] Plugin 'wsrep-provider' is disabled.
2026-09-19 18:47:56 0 [Note] Recovering after a crash using tc.log
2026-09-19 18:47:56 0 [Note] Starting table crash recovery...
2026-09-19 18:47:56 0 [Note] Crash table recovery finished.
2026-09-19 18:47:56 0 [Note] InnoDB: Buffer pool(s) load completed at 260919 18:47:56
2026-09-19 18:48:00 0 [Note] Server socket created on IP: '127.0.0.1'.
2026-09-19 18:48:00 0 [Note] mariadbd: Event Scheduler: Loaded 0 events
2026-09-19 18:48:00 0 [Note] /home/dex/L2J-Offline-OneClick/runtime-linux/mariadb/bin/mariadbd: ready for connections.
Version: '11.4.5-MariaDB'  socket: '/home/dex/L2J-Offline-OneClick/runtime-linux/mariadb.sock'  port: 3306  MariaDB Server
2026-09-19 18:48:00 3 [Warning] Aborted connection 3 to db: 'unconnected' user: 'unauthenticated' host: 'localhost' (This connection closed normally without authentication)
2026-09-19 19:19:10 47 [Warning] Aborted connection 47 to db: 'l2jmobiusinterlude' user: 'root' host: 'localhost' (Got an error reading communication packets)
2026-09-19 19:19:10 41 [Warning] Aborted connection 41 to db: 'l2jmobiusinterlude' user: 'root' host: 'localhost' (Got an error reading communication packets)
2026-09-19 19:19:17 53 [Warning] Aborted connection 53 to db: 'unconnected' user: 'unauthenticated' host: 'localhost' (This connection closed normally without authentication)
2026-09-19 19:27:34 56 [Warning] Aborted connection 56 to db: 'l2jmobiusinterlude' user: 'root' host: 'localhost' (Got an error reading communication packets)
2026-09-19 19:27:34 55 [Warning] Aborted connection 55 to db: 'l2jmobiusinterlude' user: 'root' host: 'localhost' (Got an error reading communication packets)
2026-09-19 19:27:41 70 [Warning] Aborted connection 70 to db: 'unconnected' user: 'unauthenticated' host: 'localhost' (This connection closed normally without authentication)
2026-09-19 20:16:09 138 [Warning] Aborted connection 138 to db: 'l2jmobiusinterlude' user: 'root' host: 'localhost' (Got an error reading communication packets)
2026-09-19 20:16:09 144 [Warning] Aborted connection 144 to db: 'l2jmobiusinterlude' user: 'root' host: 'localhost' (Got an error reading communication packets)
2026-09-19 20:16:14 146 [Warning] Aborted connection 146 to db: 'unconnected' user: 'unauthenticated' host: 'localhost' (This connection closed normally without authentication)
2026-09-19 20:19:19 148 [Warning] Aborted connection 148 to db: 'l2jmobiusinterlude' user: 'root' host: 'localhost' (Got an error reading communication packets)
2026-09-19 20:19:19 149 [Warning] Aborted connection 149 to db: 'l2jmobiusinterlude' user: 'root' host: 'localhost' (Got an error reading communication packets)
2026-09-19 20:19:24 160 [Warning] Aborted connection 160 to db: 'unconnected' user: 'unauthenticated' host: 'localhost' (This connection closed normally without authentication)
2026-09-19 21:06:45 227 [Warning] Aborted connection 227 to db: 'l2jmobiusinterlude' user: 'root' host: 'localhost' (Got an error reading communication packets)
2026-09-19 21:06:45 232 [Warning] Aborted connection 232 to db: 'l2jmobiusinterlude' user: 'root' host: 'localhost' (Got an error reading communication packets)
